Component: ARM Compiler 6.11 Tool: armlink [5d3b3900]

==============================================================================

Section Cross References

    startup_stm32h743xx.o(RESET) refers to startup_stm32h743xx.o(STACK) for __initial_sp
    startup_stm32h743xx.o(RESET) refers to startup_stm32h743xx.o(.text) for Reset_Handler
    startup_stm32h743xx.o(RESET) refers to stm32h7xx_it.o(.text.NMI_Handler) for NMI_Handler
    startup_stm32h743xx.o(RESET) refers to stm32h7xx_it.o(.text.HardFault_Handler) for HardFault_Handler
    startup_stm32h743xx.o(RESET) refers to stm32h7xx_it.o(.text.MemManage_Handler) for MemManage_Handler
    startup_stm32h743xx.o(RESET) refers to stm32h7xx_it.o(.text.BusFault_Handler) for BusFault_Handler
    startup_stm32h743xx.o(RESET) refers to stm32h7xx_it.o(.text.UsageFault_Handler) for UsageFault_Handler
    startup_stm32h743xx.o(RESET) refers to stm32h7xx_it.o(.text.SVC_Handler) for SVC_Handler
    startup_stm32h743xx.o(RESET) refers to stm32h7xx_it.o(.text.DebugMon_Handler) for DebugMon_Handler
    startup_stm32h743xx.o(RESET) refers to stm32h7xx_it.o(.text.PendSV_Handler) for PendSV_Handler
    startup_stm32h743xx.o(RESET) refers to stm32h7xx_it.o(.text.SysTick_Handler) for SysTick_Handler
    startup_stm32h743xx.o(RESET) refers to stm32h7xx_it.o(.text.DMA1_Stream1_IRQHandler) for DMA1_Stream1_IRQHandler
    startup_stm32h743xx.o(RESET) refers to stm32h7xx_it.o(.text.TIM3_IRQHandler) for TIM3_IRQHandler
    startup_stm32h743xx.o(RESET) refers to stm32h7xx_it.o(.text.TIM4_IRQHandler) for TIM4_IRQHandler
    startup_stm32h743xx.o(RESET) refers to stm32h7xx_it.o(.text.DMA2_Stream1_IRQHandler) for DMA2_Stream1_IRQHandler
    startup_stm32h743xx.o(RESET) refers to stm32h7xx_it.o(.text.UART7_IRQHandler) for UART7_IRQHandler
    startup_stm32h743xx.o(.text) refers to system_stm32h7xx.o(.text.SystemInit) for SystemInit
    startup_stm32h743xx.o(.text) refers to entry.o(.ARM.Collect$$$$00000000) for __main
    main.o(.text.adc3_init) refers to adc.o(.text.MX_ADC3_Init) for MX_ADC3_Init
    main.o(.text.adc3_init) refers to tim.o(.text.Delay_Us) for Delay_Us
    main.o(.text.adc3_init) refers to adc.o(.bss.hadc3) for hadc3
    main.o(.text.adc3_init) refers to stm32h7xx_hal_adc_ex.o(.text.HAL_ADCEx_Calibration_Start) for HAL_ADCEx_Calibration_Start
    main.o(.text.adc3_init) refers to main.o(.rodata.str1.1) for .L.str
    main.o(.text.adc3_init) refers to printfa.o(i.__0printf) for printf
    main.o(.text.adc3_init) refers to main.o(.text.Error_Handler) for Error_Handler
    main.o(.text.adc3_init) refers to main.o(.ARM.__at_0x30000000) for adc3_data
    main.o(.text.adc3_init) refers to stm32h7xx_hal_adc.o(.text.HAL_ADC_Start_DMA) for HAL_ADC_Start_DMA
    main.o(.text.adc3_init) refers to tim.o(.bss.htim1) for htim1
    main.o(.text.adc3_init) refers to stm32h7xx_hal_tim.o(.text.HAL_TIM_Base_Start) for HAL_TIM_Base_Start
    main.o(.text.adc3_init) refers to main.o(.bss.AdcConvEnd) for AdcConvEnd
    main.o(.text.adc3_init) refers to stm32h7xx_hal_adc.o(.text.HAL_ADC_DeInit) for HAL_ADC_DeInit
    main.o(.ARM.exidx.text.adc3_init) refers to main.o(.text.adc3_init) for [Anonymous Symbol]
    main.o(.ARM.exidx.text.Error_Handler) refers to main.o(.text.Error_Handler) for [Anonymous Symbol]
    main.o(.text.adc_saopin) refers to adc.o(.text.MX_ADC1_Init) for MX_ADC1_Init
    main.o(.text.adc_saopin) refers to tim.o(.text.Delay_Us) for Delay_Us
    main.o(.text.adc_saopin) refers to adc.o(.bss.hadc1) for hadc1
    main.o(.text.adc_saopin) refers to stm32h7xx_hal_adc_ex.o(.text.HAL_ADCEx_Calibration_Start) for HAL_ADCEx_Calibration_Start
    main.o(.text.adc_saopin) refers to main.o(.rodata.str1.1) for .L.str
    main.o(.text.adc_saopin) refers to printfa.o(i.__0printf) for printf
    main.o(.text.adc_saopin) refers to main.o(.text.Error_Handler) for Error_Handler
    main.o(.text.adc_saopin) refers to main.o(.ARM.__at_0x30020000) for adc1_data
    main.o(.text.adc_saopin) refers to stm32h7xx_hal_adc.o(.text.HAL_ADC_Start_DMA) for HAL_ADC_Start_DMA
    main.o(.text.adc_saopin) refers to tim.o(.bss.htim15) for htim15
    main.o(.text.adc_saopin) refers to stm32h7xx_hal_tim.o(.text.HAL_TIM_Base_Start) for HAL_TIM_Base_Start
    main.o(.text.adc_saopin) refers to main.o(.bss.AdcConvEnd) for AdcConvEnd
    main.o(.text.adc_saopin) refers to stm32h7xx_hal_adc.o(.text.HAL_ADC_DeInit) for HAL_ADC_DeInit
    main.o(.ARM.exidx.text.adc_saopin) refers to main.o(.text.adc_saopin) for [Anonymous Symbol]
    main.o(.text.SineWave) refers to main.o(.data.Dat) for Dat
    main.o(.ARM.exidx.text.SineWave) refers to main.o(.text.SineWave) for [Anonymous Symbol]
    main.o(.text.get1256) refers to ads1256.o(.text.ADS1256GetVolt) for ADS1256GetVolt
    main.o(.ARM.exidx.text.get1256) refers to main.o(.text.get1256) for [Anonymous Symbol]
    main.o(.text.main) refers to main.o(.text.MPU_Config) for MPU_Config
    main.o(.text.main) refers to stm32h7xx_hal.o(.text.HAL_Init) for HAL_Init
[...]
    EXTI3_IRQHandler                         0x080002c7   Thumb Code     0  startup_stm32h743xx.o(.text)
    EXTI4_IRQHandler                         0x080002c7   Thumb Code     0  startup_stm32h743xx.o(.text)
    EXTI9_5_IRQHandler                       0x080002c7   Thumb Code     0  startup_stm32h743xx.o(.text)
    FDCAN1_IT0_IRQHandler                    0x080002c7   Thumb Code     0  startup_stm32h743xx.o(.text)
    FDCAN1_IT1_IRQHandler                    0x080002c7   Thumb Code     0  startup_stm32h743xx.o(.text)
    FDCAN2_IT0_IRQHandler                    0x080002c7   Thumb Code     0  startup_stm32h743xx.o(.text)
    FDCAN2_IT1_IRQHandler                    0x080002c7   Thumb Code     0  startup_stm32h743xx.o(.text)
    FDCAN_CAL_IRQHandler                     0x080002c7   Thumb Code     0  startup_stm32h743xx.o(.text)
    FLASH_IRQHandler                         0x080002c7   Thumb Code     0  startup_stm32h743xx.o(.text)
    FMC_IRQHandler                           0x080002c7   Thumb Code     0  startup_stm32h743xx.o(.text)
    FPU_IRQHandler                           0x080002c7   Thumb Code     0  startup_stm32h743xx.o(.text)
    HRTIM1_FLT_IRQHandler                    0x080002c7   Thumb Code     0  startup_stm32h743xx.o(.text)
    HRTIM1_Master_IRQHandler                 0x080002c7   Thumb Code     0  startup_stm32h743xx.o(.text)
    HRTIM1_TIMA_IRQHandler                   0x080002c7   Thumb Code     0  startup_stm32h743xx.o(.text)
    HRTIM1_TIMB_IRQHandler                   0x080002c7   Thumb Code     0  startup_stm32h743xx.o(.text)
    HRTIM1_TIMC_IRQHandler                   0x080002c7   Thumb Code     0  startup_stm32h743xx.o(.text)
    HRTIM1_TIMD_IRQHandler                   0x080002c7   Thumb Code     0  startup_stm32h743xx.o(.text)
    HRTIM1_TIME_IRQHandler                   0x080002c7   Thumb Code     0  startup_stm32h743xx.o(.text)
    HSEM1_IRQHandler                         0x080002c7   Thumb Code     0  startup_stm32h743xx.o(.text)
    I2C1_ER_IRQHandler                       0x080002c7   Thumb Code     0  startup_stm32h743xx.o(.text)
    I2C1_EV_IRQHandler                       0x080002c7   Thumb Code     0  startup_stm32h743xx.o(.text)
    I2C2_ER_IRQHandler                       0x080002c7   Thumb Code     0  startup_stm32h743xx.o(.text)
    I2C2_EV_IRQHandler                       0x080002c7   Thumb Code     0  startup_stm32h743xx.o(.text)
    I2C3_ER_IRQHandler                       0x080002c7   Thumb Code     0  startup_stm32h743xx.o(.text)
    I2C3_EV_IRQHandler                       0x080002c7   Thumb Code     0  startup_stm32h743xx.o(.text)
    I2C4_ER_IRQHandler                       0x080002c7   Thumb Code     0  startup_stm32h743xx.o(.text)
    I2C4_EV_IRQHandler                       0x080002c7   Thumb Code     0  startup_stm32h743xx.o(.text)
    JPEG_IRQHandler                          0x080002c7   Thumb Code     0  startup_stm32h743xx.o(.text)
    LPTIM1_IRQHandler                        0x080002c7   Thumb Code     0  startup_stm32h743xx.o(.text)
    LPTIM2_IRQHandler                        0x080002c7   Thumb Code     0  startup_stm32h743xx.o(.text)
    LPTIM3_IRQHandler                        0x080002c7   Thumb Code     0  startup_stm32h743xx.o(.text)
    LPTIM4_IRQHandler                        0x080002c7   Thumb Code     0  startup_stm32h743xx.o(.text)
    LPTIM5_IRQHandler                        0x080002c7   Thumb Code     0  startup_stm32h743xx.o(.text)
    LPUART1_IRQHandler                       0x080002c7   Thumb Code     0  startup_stm32h743xx.o(.text)
    LTDC_ER_IRQHandler                       0x080002c7   Thumb Code     0  startup_stm32h743xx.o(.text)
    LTDC_IRQHandler                          0x080002c7   Thumb Code     0  startup_stm32h743xx.o(.text)
    MDIOS_IRQHandler                         0x080002c7   Thumb Code     0  startup_stm32h743xx.o(.text)
    MDIOS_WKUP_IRQHandler                    0x080002c7   Thumb Code     0  startup_stm32h743xx.o(.text)
    MDMA_IRQHandler                          0x080002c7   Thumb Code     0  startup_stm32h743xx.o(.text)
    OTG_FS_EP1_IN_IRQHandler                 0x080002c7   Thumb Code     0  startup_stm32h743xx.o(.text)
    OTG_FS_EP1_OUT_IRQHandler                0x080002c7   Thumb Code     0  startup_stm32h743xx.o(.text)
    OTG_FS_IRQHandler                        0x080002c7   Thumb Code     0  startup_stm32h743xx.o(.text)
    OTG_FS_WKUP_IRQHandler                   0x080002c7   Thumb Code     0  startup_stm32h743xx.o(.text)
    OTG_HS_EP1_IN_IRQHandler                 0x080002c7   Thumb Code     0  startup_stm32h743xx.o(.text)
    OTG_HS_EP1_OUT_IRQHandler                0x080002c7   Thumb Code     0  startup_stm32h743xx.o(.text)
    OTG_HS_IRQHandler                        0x080002c7   Thumb Code     0  startup_stm32h743xx.o(.text)
    OTG_HS_WKUP_IRQHandler                   0x080002c7   Thumb Code     0  startup_stm32h743xx.o(.text)
    PVD_AVD_IRQHandler                       0x080002c7   Thumb Code     0  startup_stm32h743xx.o(.text)
    QUADSPI_IRQHandler                       0x080002c7   Thumb Code     0  startup_stm32h743xx.o(.text)
    RCC_IRQHandler                           0x080002c7   Thumb Code     0  startup_stm32h743xx.o(.text)
    RNG_IRQHandler                           0x080002c7   Thumb Code     0  startup_stm32h743xx.o(.text)
    RTC_Alarm_IRQHandler                     0x080002c7   Thumb Code     0  startup_stm32h743xx.o(.text)
    RTC_WKUP_IRQHandler                      0x080002c7   Thumb Code     0  startup_stm32h743xx.o(.text)
    SAI1_IRQHandler                          0x080002c7   Thumb Code     0  startup_stm32h743xx.o(.text)
    SAI2_IRQHandler                          0x080002c7   Thumb Code     0  startup_stm32h743xx.o(.text)
    SAI3_IRQHandler                          0x080002c7   Thumb Code     0  startup_stm32h743xx.o(.text)
    SAI4_IRQHandler                          0x080002c7   Thumb Code     0  startup_stm32h743xx.o(.text)
    SDMMC1_IRQHandler                        0x080002c7   Thumb Code     0  startup_stm32h743xx.o(.text)
    SDMMC2_IRQHandler                        0x080002c7   Thumb Code     0  startup_stm32h743xx.o(.text)
    SPDIF_RX_IRQHandler                      0x080002c7   Thumb Code     0  startup_stm32h743xx.o(.text)
    SPI1_IRQHandler                          0x080002c7   Thumb Code     0  startup_stm32h743xx.o(.text)
    SPI2_IRQHandler                          0x080002c7   Thumb Code     0  startup_stm32h743xx.o(.text)
    SPI3_IRQHandler                          0x080002c7   Thumb Code     0  startup_stm32h743xx.o(.text)
    SPI4_IRQHandler                          0x080002c7   Thumb Code     0  startup_stm32h743xx.o(.text)
    SPI5_IRQHandler                          0x080002c7   Thumb Code     0  startup_stm32h743xx.o(.text)
    SPI6_IRQHandler                          0x080002c7   Thumb Code     0  startup_stm32h743xx.o(.text)
    SWPMI1_IRQHandler                        0x080002c7   Thumb Code     0  startup_stm32h743xx.o(.text)
    TAMP_STAMP_IRQHandler                    0x080002c7   Thumb Code     0  startup_stm32h743xx.o(.text)
    TIM15_IRQHandler                         0x080002c7   Thumb Code     0  startup_stm32h743xx.o(.text)
    TIM16_IRQHandler                         0x080002c7   Thumb Code     0  startup_stm32h743xx.o(.text)
    TIM17_IRQHandler                         0x080002c7   Thumb Code     0  startup_stm32h743xx.o(.text)
    TIM1_BRK_IRQHandler                      0x080002c7   Thumb Code     0  startup_stm32h743xx.o(.text)
    TIM1_CC_IRQHandler                       0x080002c7   Thumb Code     0  startup_stm32h743xx.o(.text)
    TIM1_TRG_COM_IRQHandler                  0x080002c7   Thumb Code     0  startup_stm32h743xx.o(.text)
    TIM1_UP_IRQHandler                       0x080002c7   Thumb Code     0  startup_stm32h743xx.o(.text)
    TIM2_IRQHandler                          0x080002c7   Thumb Code     0  startup_stm32h743xx.o(.text)
    TIM5_IRQHandler                          0x080002c7   Thumb Code     0  startup_stm32h743xx.o(.text)
    TIM6_DAC_IRQHandler                      0x080002c7   Thumb Code     0  startup_stm32h743xx.o(.text)
    TIM7_IRQHandler                          0x080002c7   Thumb Code     0  startup_stm32h743xx.o(.text)
    TIM8_BRK_TIM12_IRQHandler                0x080002c7   Thumb Code     0  startup_stm32h743xx.o(.text)
    TIM8_CC_IRQHandler                       0x080002c7   Thumb Code     0  startup_stm32h743xx.o(.text)
    TIM8_TRG_COM_TIM14_IRQHandler            0x080002c7   Thumb Code     0  startup_stm32h743xx.o(.text)
    TIM8_UP_TIM13_IRQHandler                 0x080002c7   Thumb Code     0  startup_stm32h743xx.o(.text)
    UART4_IRQHandler                         0x080002c7   Thumb Code     0  startup_stm32h743xx.o(.text)
    UART5_IRQHandler                         0x080002c7   Thumb Code     0  startup_stm32h743xx.o(.text)
    UART8_IRQHandler                         0x080002c7   Thumb Code     0  startup_stm32h743xx.o(.text)
    USART1_IRQHandler                        0x080002c7   Thumb Code     0  startup_stm32h743xx.o(.text)
    USART2_IRQHandler                        0x080002c7   Thumb Code     0  startup_stm32h743xx.o(.text)
    USART3_IRQHandler                        0x080002c7   Thumb Code     0  startup_stm32h743xx.o(.text)
    USART6_IRQHandler                        0x080002c7   Thumb Code     0  startup_stm32h743xx.o(.text)
    WAKEUP_PIN_IRQHandler                    0x080002c7   Thumb Code     0  startup_stm32h743xx.o(.text)
    WWDG_IRQHandler                          0x080002c7   Thumb Code     0  startup_stm32h743xx.o(.text)
    __aeabi_uldivmod                         0x080002d1   Thumb Code    98  uldiv.o(.text)
    __aeabi_memset                           0x08000333   Thumb Code    14  memseta.o(.text)
    __aeabi_memset4                          0x08000333   Thumb Code     0  memseta.o(.text)
    __aeabi_memset8                          0x08000333   Thumb Code     0  memseta.o(.text)
    __aeabi_memclr                           0x08000341   Thumb Code     4  memseta.o(.text)
    __aeabi_memclr4                          0x08000341   Thumb Code     0  memseta.o(.text)
    __aeabi_memclr8                          0x08000341   Thumb Code     0  memseta.o(.text)
    _memset$wrapper                          0x08000345   Thumb Code    18  memseta.o(.text)
    __aeabi_uidiv                            0x08000357   Thumb Code     0  uidiv.o(.text)
    __aeabi_uidivmod                         0x08000357   Thumb Code    44  uidiv.o(.text)
    __aeabi_llsl                             0x08000383   Thumb Code    30  llshl.o(.text)
    _ll_shift_l                              0x08000383   Thumb Code     0  llshl.o(.text)
    __aeabi_llsr                             0x080003a1   Thumb Code    32  llushr.o(.text)
    _ll_ushift_r                             0x080003a1   Thumb Code     0  llushr.o(.text)
    __I$use$fp                               0x080003c1   Thumb Code     0  iusefp.o(.text)
    _frnd                                    0x080003c1   Thumb Code    60  frnd.o(.text)
    __aeabi_dadd                             0x080003fd   Thumb Code   322  dadd.o(.text)
    __aeabi_dsub                             0x0800053f   Thumb Code     6  dadd.o(.text)
    __aeabi_drsub                            0x08000545   Thumb Code     6  dadd.o(.text)
    __aeabi_dmul                             0x0800054b   Thumb Code   228  dmul.o(.text)
    __aeabi_ddiv                             0x0800062f   Thumb Code   222  ddiv.o(.text)
    __aeabi_d2ulz                            0x0800070d   Thumb Code    48  dfixul.o(.text)
    __aeabi_cdrcmple                         0x0800073d   Thumb Code    48  cdrcmple.o(.text)
    __scatterload                            0x0800076d   Thumb Code    28  init.o(.text)
    __scatterload_rt2                        0x0800076d   Thumb Code     0  init.o(.text)
    __aeabi_lasr                             0x08000791   Thumb Code    36  llsshr.o(.text)
    _ll_sshift_r                             0x08000791   Thumb Code     0  llsshr.o(.text)
    _float_round                             0x080007b5   Thumb Code    18  fepilogue.o(.text)
    _float_epilogue                          0x080007c7   Thumb Code    92  fepilogue.o(.text)
    _double_round                            0x08000823   Thumb Code    30  depilogue.o(.text)
    _double_epilogue                         0x08000841   Thumb Code   156  depilogue.o(.text)
    __decompress                             0x080008dd   Thumb Code     0  __dclz77c.o(.text)
    __decompress2                            0x080008dd   Thumb Code    94  __dclz77c.o(.text)
    AD9910_IO_init                           0x08000941   Thumb Code   446  ad9910.o(.text.AD9910_IO_init)
    ADC_ConfigureBoostMode                   0x08000b01   Thumb Code   540  stm32h7xx_hal_adc.o(.text.ADC_ConfigureBoostMode)
    ADF4351Init                              0x08000d21   Thumb Code   232  adf4351.o(.text.ADF4351Init)
    ADF4351WriteFreq                         0x08000e09   Thumb Code   684  adf4351.o(.text.ADF4351WriteFreq)
    ADF_Output_GPIOInit                      0x080010b9   Thumb Code   158  adf4351.o(.text.ADF_Output_GPIOInit)
    ADS1256GetVolt                           0x08001159   Thumb Code   900  ads1256.o(.text.ADS1256GetVolt)
    ADS1256ReadData                          0x080014e1   Thumb Code   218  ads1256.o(.text.ADS1256ReadData)
    ADS1256WREG                              0x080015c1   Thumb Code   112  ads1256.o(.text.ADS1256WREG)
    ADS1256_Delay                            0x08001631   Thumb Code    10  ads1256.o(.text.ADS1256_Delay)
    ADS1256_Init                             0x08001641   Thumb Code   546  ads1256.o(.text.ADS1256_Init)
    ADS1256_Read_8Bits                       0x08001869   Thumb Code   132  ads1256.o(.text.ADS1256_Read_8Bits)
    ADS1256_Write_8Bits                      0x080018f1   Thumb Code   146  ads1256.o(.text.ADS1256_Write_8Bits)
    BusFault_Handler                         0x08001989   Thumb Code     4  stm32h7xx_it.o(.text.BusFault_Handler)
    Cap_value_get                            0x08001991   Thumb Code    58  error_detect.o(.text.Cap_value_get)
    Close_All                                0x080019d1   Thumb Code    92  error_detect.o(.text.Close_All)
    DMA1_Stream1_IRQHandler                  0x08001a31   Thumb Code    16  stm32h7xx_it.o(.text.DMA1_Stream1_IRQHandler)
    DMA2_Stream1_IRQHandler                  0x08001a41   Thumb Code    16  stm32h7xx_it.o(.text.DMA2_Stream1_IRQHandler)
    DebugMon_Handler                         0x08001fe1   Thumb Code     2  stm32h7xx_it.o(.text.DebugMon_Handler)
    Delay_Ms                                 0x08001fe9   Thumb Code    52  tim.o(.text.Delay_Ms)
    Delay_Us                                 0x08002021   Thumb Code    98  tim.o(.text.Delay_Us)
    Error_Handler                            0x08002089   Thumb Code    14  main.o(.text.Error_Handler)
    Freq_convert                             0x08002099   Thumb Code   112  ad9910.o(.text.Freq_convert)
    HAL_ADCEx_MultiModeConfigChannel         0x08002109   Thumb Code   682  stm32h7xx_hal_adc_ex.o(.text.HAL_ADCEx_MultiModeConfigChannel)
    HAL_ADC_ConfigChannel                    0x080023b9   Thumb Code  2182  stm32h7xx_hal_adc.o(.text.HAL_ADC_ConfigChannel)
    HAL_ADC_Init                             0x08002c41   Thumb Code  1008  stm32h7xx_hal_adc.o(.text.HAL_ADC_Init)
    HAL_ADC_MspInit                          0x08003031   Thumb Code   442  adc.o(.text.HAL_ADC_MspInit)
    HAL_DMA_Abort                            0x080031f1   Thumb Code  2458  stm32h7xx_hal_dma.o(.text.HAL_DMA_Abort)
    HAL_DMA_Abort_IT                         0x08003b91   Thumb Code  1736  stm32h7xx_hal_dma.o(.text.HAL_DMA_Abort_IT)
    HAL_DMA_IRQHandler                       0x08004259   Thumb Code  4666  stm32h7xx_hal_dma.o(.text.HAL_DMA_IRQHandler)
    HAL_DMA_Init                             0x08005499   Thumb Code  2452  stm32h7xx_hal_dma.o(.text.HAL_DMA_Init)
    HAL_GPIO_Init                            0x08005e31   Thumb Code   986  stm32h7xx_hal_gpio.o(.text.HAL_GPIO_Init)
    HAL_GPIO_ReadPin                         0x08006211   Thumb Code    54  stm32h7xx_hal_gpio.o(.text.HAL_GPIO_ReadPin)
    HAL_GPIO_WritePin                        0x08006249   Thumb Code    66  stm32h7xx_hal_gpio.o(.text.HAL_GPIO_WritePin)
    HAL_GetREVID                             0x08006291   Thumb Code    14  stm32h7xx_hal.o(.text.HAL_GetREVID)
    HAL_GetTick                              0x080062a1   Thumb Code    12  stm32h7xx_hal.o(.text.HAL_GetTick)
    HAL_IncTick                              0x080062b1   Thumb Code    26  stm32h7xx_hal.o(.text.HAL_IncTick)
    HAL_Init                                 0x080062d1   Thumb Code   130  stm32h7xx_hal.o(.text.HAL_Init)
    HAL_InitTick                             0x08006359   Thumb Code   142  stm32h7xx_hal.o(.text.HAL_InitTick)
    HAL_MPU_ConfigRegion                     0x080063e9   Thumb Code   148  stm32h7xx_hal_cortex.o(.text.HAL_MPU_ConfigRegion)
    HAL_MPU_Disable                          0x08006481   Thumb Code    34  stm32h7xx_hal_cortex.o(.text.HAL_MPU_Disable)
    HAL_MPU_Enable                           0x080064a9   Thumb Code    52  stm32h7xx_hal_cortex.o(.text.HAL_MPU_Enable)
    HAL_MspInit                              0x080064e1   Thumb Code    38  stm32h7xx_hal_msp.o(.text.HAL_MspInit)
    HAL_NVIC_EnableIRQ                       0x08006509   Thumb Code    24  stm32h7xx_hal_cortex.o(.text.HAL_NVIC_EnableIRQ)
    HAL_NVIC_SetPriority                     0x08006521   Thumb Code    72  stm32h7xx_hal_cortex.o(.text.HAL_NVIC_SetPriority)
    HAL_NVIC_SetPriorityGrouping             0x08006569   Thumb Code    20  stm32h7xx_hal_cortex.o(.text.HAL_NVIC_SetPriorityGrouping)
    HAL_PWREx_ConfigSupply                   0x08006581   Thumb Code   170  stm32h7xx_hal_pwr_ex.o(.text.HAL_PWREx_ConfigSupply)
    HAL_RCCEx_GetD3PCLK1Freq                 0x08006631   Thumb Code    42  stm32h7xx_hal_rcc_ex.o(.text.HAL_RCCEx_GetD3PCLK1Freq)
    HAL_RCCEx_GetPLL1ClockFreq               0x08006661   Thumb Code   692  stm32h7xx_hal_rcc_ex.o(.text.HAL_RCCEx_GetPLL1ClockFreq)
    HAL_RCCEx_GetPLL2ClockFreq               0x08006919   Thumb Code   692  stm32h7xx_hal_rcc_ex.o(.text.HAL_RCCEx_GetPLL2ClockFreq)
    HAL_RCCEx_GetPLL3ClockFreq               0x08006bd1   Thumb Code   692  stm32h7xx_hal_rcc_ex.o(.text.HAL_RCCEx_GetPLL3ClockFreq)
    HAL_RCCEx_GetPeriphCLKFreq               0x08006e89   Thumb Code  3204  stm32h7xx_hal_rcc_ex.o(.text.HAL_RCCEx_GetPeriphCLKFreq)
    HAL_RCCEx_PeriphCLKConfig                0x08007b11   Thumb Code  4374  stm32h7xx_hal_rcc_ex.o(.text.HAL_RCCEx_PeriphCLKConfig)
    HAL_RCC_ClockConfig                      0x08008c29   Thumb Code  1194  stm32h7xx_hal_rcc.o(.text.HAL_RCC_ClockConfig)
    HAL_RCC_GetHCLKFreq                      0x080090d9   Thumb Code    88  stm32h7xx_hal_rcc.o(.text.HAL_RCC_GetHCLKFreq)
    HAL_RCC_GetPCLK1Freq                     0x08009131   Thumb Code    42  stm32h7xx_hal_rcc.o(.text.HAL_RCC_GetPCLK1Freq)
    HAL_RCC_GetPCLK2Freq                     0x08009161   Thumb Code    42  stm32h7xx_hal_rcc.o(.text.HAL_RCC_GetPCLK2Freq)
    HAL_RCC_GetSysClockFreq                  0x08009191   Thumb Code   788  stm32h7xx_hal_rcc.o(.text.HAL_RCC_GetSysClockFreq)
    HAL_RCC_OscConfig                        0x080094a9   Thumb Code  3006  stm32h7xx_hal_rcc.o(.text.HAL_RCC_OscConfig)
    HAL_SYSTICK_Config                       0x0800a069   Thumb Code    20  stm32h7xx_hal_cortex.o(.text.HAL_SYSTICK_Config)
    HAL_TIMEx_Break2Callback                 0x0800a081   Thumb Code    12  stm32h7xx_hal_tim_ex.o(.text.HAL_TIMEx_Break2Callback)
    HAL_TIMEx_BreakCallback                  0x0800a091   Thumb Code    12  stm32h7xx_hal_tim_ex.o(.text.HAL_TIMEx_BreakCallback)
    HAL_TIMEx_CommutCallback                 0x0800a0a1   Thumb Code    12  stm32h7xx_hal_tim_ex.o(.text.HAL_TIMEx_CommutCallback)
    HAL_TIMEx_MasterConfigSynchronization    0x0800a0b1   Thumb Code   352  stm32h7xx_hal_tim_ex.o(.text.HAL_TIMEx_MasterConfigSynchronization)
    HAL_TIM_Base_Init                        0x0800a211   Thumb Code   182  stm32h7xx_hal_tim.o(.text.HAL_TIM_Base_Init)
    HAL_TIM_Base_MspInit                     0x0800a2c9   Thumb Code   422  tim.o(.text.HAL_TIM_Base_MspInit)
    HAL_TIM_Base_Start                       0x0800a471   Thumb Code   252  stm32h7xx_hal_tim.o(.text.HAL_TIM_Base_Start)
    HAL_TIM_Base_Stop                        0x0800a571   Thumb Code    74  stm32h7xx_hal_tim.o(.text.HAL_TIM_Base_Stop)
    HAL_TIM_ConfigClockSource                0x0800a5c1   Thumb Code   504  stm32h7xx_hal_tim.o(.text.HAL_TIM_ConfigClockSource)
    HAL_TIM_IC_CaptureCallback               0x0800a7b9   Thumb Code    12  stm32h7xx_hal_tim.o(.text.HAL_TIM_IC_CaptureCallback)
    HAL_TIM_IRQHandler                       0x0800a7c9   Thumb Code   704  stm32h7xx_hal_tim.o(.text.HAL_TIM_IRQHandler)
    HAL_TIM_MspPostInit                      0x0800aa89   Thumb Code   110  tim.o(.text.HAL_TIM_MspPostInit)
    HAL_TIM_OC_DelayElapsedCallback          0x0800aaf9   Thumb Code    12  stm32h7xx_hal_tim.o(.text.HAL_TIM_OC_DelayElapsedCallback)
    HAL_TIM_PWM_ConfigChannel                0x0800ab09   Thumb Code   466  stm32h7xx_hal_tim.o(.text.HAL_TIM_PWM_ConfigChannel)
    HAL_TIM_PWM_Init                         0x0800ace1   Thumb Code   182  stm32h7xx_hal_tim.o(.text.HAL_TIM_PWM_Init)
    HAL_TIM_PWM_MspInit                      0x0800ad99   Thumb Code    12  stm32h7xx_hal_tim.o(.text.HAL_TIM_PWM_MspInit)
    HAL_TIM_PWM_PulseFinishedCallback        0x0800ada9   Thumb Code    12  stm32h7xx_hal_tim.o(.text.HAL_TIM_PWM_PulseFinishedCallback)
    HAL_TIM_PWM_Start                        0x0800adb9   Thumb Code   654  stm32h7xx_hal_tim.o(.text.HAL_TIM_PWM_Start)
    HAL_TIM_PeriodElapsedCallback            0x0800b049   Thumb Code    12  stm32h7xx_hal_tim.o(.text.HAL_TIM_PeriodElapsedCallback)
    HAL_TIM_TriggerCallback                  0x0800b059   Thumb Code    12  stm32h7xx_hal_tim.o(.text.HAL_TIM_TriggerCallback)
    HAL_UARTEx_DisableFifoMode               0x0800b069   Thumb Code   128  stm32h7xx_hal_uart_ex.o(.text.HAL_UARTEx_DisableFifoMode)
    HAL_UARTEx_RxEventCallback               0x0800b0e9   Thumb Code    20  stm32h7xx_hal_uart.o(.text.HAL_UARTEx_RxEventCallback)
    HAL_UARTEx_RxFifoFullCallback            0x0800b101   Thumb Code    12  stm32h7xx_hal_uart_ex.o(.text.HAL_UARTEx_RxFifoFullCallback)
    HAL_UARTEx_SetRxFifoThreshold            0x0800b111   Thumb Code   148  stm32h7xx_hal_uart_ex.o(.text.HAL_UARTEx_SetRxFifoThreshold)
    HAL_UARTEx_SetTxFifoThreshold            0x0800b1a9   Thumb Code   148  stm32h7xx_hal_uart_ex.o(.text.HAL_UARTEx_SetTxFifoThreshold)
    HAL_UARTEx_TxFifoEmptyCallback           0x0800b241   Thumb Code    12  stm32h7xx_hal_uart_ex.o(.text.HAL_UARTEx_TxFifoEmptyCallback)
    HAL_UARTEx_WakeupCallback                0x0800b251   Thumb Code    12  stm32h7xx_hal_uart_ex.o(.text.HAL_UARTEx_WakeupCallback)
    HAL_UART_ErrorCallback                   0x0800b261   Thumb Code    12  stm32h7xx_hal_uart.o(.text.HAL_UART_ErrorCallback)
    HAL_UART_IRQHandler                      0x0800b271   Thumb Code  1766  stm32h7xx_hal_uart.o(.text.HAL_UART_IRQHandler)
    HAL_UART_Init                            0x0800b959   Thumb Code   182  stm32h7xx_hal_uart.o(.text.HAL_UART_Init)
    HAL_UART_MspInit                         0x0800ba11   Thumb Code   354  usart.o(.text.HAL_UART_MspInit)
    HAL_UART_Receive_IT                      0x0800bb79   Thumb Code   180  stm32h7xx_hal_uart.o(.text.HAL_UART_Receive_IT)
    HAL_UART_RxCpltCallback                  0x0800bc31   Thumb Code    12  stm32h7xx_hal_uart.o(.text.HAL_UART_RxCpltCallback)
    HAL_UART_Transmit                        0x0800bc41   Thumb Code   346  stm32h7xx_hal_uart.o(.text.HAL_UART_Transmit)
    HAL_UART_TxCpltCallback                  0x0800bda1   Thumb Code    12  stm32h7xx_hal_uart.o(.text.HAL_UART_TxCpltCallback)
    HardFault_Handler                        0x0800bdb1   Thumb Code     4  stm32h7xx_it.o(.text.HardFault_Handler)
    Init_ad9910                              0x0800bdb9   Thumb Code   204  ad9910.o(.text.Init_ad9910)
    MX_ADC1_Init                             0x0800c251   Thumb Code   218  adc.o(.text.MX_ADC1_Init)
    MX_ADC3_Init                             0x0800c331   Thumb Code   178  adc.o(.text.MX_ADC3_Init)
    MX_DMA_Init                              0x0800c3e9   Thumb Code   110  dma.o(.text.MX_DMA_Init)
    MX_GPIO_Init                             0x0800c459   Thumb Code   460  gpio.o(.text.MX_GPIO_Init)
    MX_TIM15_Init                            0x0800c629   Thumb Code   144  tim.o(.text.MX_TIM15_Init)
    MX_TIM1_Init                             0x0800c6b9   Thumb Code   144  tim.o(.text.MX_TIM1_Init)
    MX_TIM2_Init                             0x0800c749   Thumb Code   136  tim.o(.text.MX_TIM2_Init)
    MX_TIM3_Init                             0x0800c7d1   Thumb Code   140  tim.o(.text.MX_TIM3_Init)
    MX_TIM4_Init                             0x0800c861   Thumb Code   238  tim.o(.text.MX_TIM4_Init)
    MX_TIM6_Init                             0x0800c951   Thumb Code   102  tim.o(.text.MX_TIM6_Init)
    MX_TIM7_Init                             0x0800c9b9   Thumb Code    98  tim.o(.text.MX_TIM7_Init)
    MX_UART7_Init                            0x0800ca21   Thumb Code   170  usart.o(.text.MX_UART7_Init)
    MX_USART1_UART_Init                      0x0800cad1   Thumb Code   142  usart.o(.text.MX_USART1_UART_Init)
    MemManage_Handler                        0x0800cb61   Thumb Code     4  stm32h7xx_it.o(.text.MemManage_Handler)
    NMI_Handler                              0x0800cb69   Thumb Code     4  stm32h7xx_it.o(.text.NMI_Handler)
    PendSV_Handler                           0x0800cbf1   Thumb Code     2  stm32h7xx_it.o(.text.PendSV_Handler)
    PeriphCommonClock_Config                 0x0800cbf9   Thumb Code    74  main.o(.text.PeriphCommonClock_Config)
    QuickSort                                0x0800cc49   Thumb Code   200  measure.o(.text.QuickSort)
    SVC_Handler                              0x0800d0c1   Thumb Code     2  stm32h7xx_it.o(.text.SVC_Handler)
    SysTick_Handler                          0x0800d129   Thumb Code     8  stm32h7xx_it.o(.text.SysTick_Handler)
    SystemClock_Config                       0x0800d131   Thumb Code   354  main.o(.text.SystemClock_Config)
    SystemInit                               0x0800d299   Thumb Code   346  system_stm32h7xx.o(.text.SystemInit)
    TIM3_IRQHandler                          0x0800d3f9   Thumb Code    16  stm32h7xx_it.o(.text.TIM3_IRQHandler)
    TIM4_IRQHandler                          0x0800d409   Thumb Code    16  stm32h7xx_it.o(.text.TIM4_IRQHandler)
    TIM_Base_SetConfig                       0x0800d419   Thumb Code   418  stm32h7xx_hal_tim.o(.text.TIM_Base_SetConfig)
    TIM_CCxChannelCmd                        0x0800d5c1   Thumb Code    74  stm32h7xx_hal_tim.o(.text.TIM_CCxChannelCmd)
    TIM_ETR_SetConfig                        0x0800d611   Thumb Code    74  stm32h7xx_hal_tim.o(.text.TIM_ETR_SetConfig)
    TIM_OC2_SetConfig                        0x0800d7f1   Thumb Code   378  stm32h7xx_hal_tim.o(.text.TIM_OC2_SetConfig)
    TxCFR                                    0x0800de59   Thumb Code   370  ad9910.o(.text.TxCFR)
    Txprofile                                0x0800dfd1   Thumb Code   170  ad9910.o(.text.Txprofile)
    UART7_IRQHandler                         0x0800e081   Thumb Code   692  stm32h7xx_it.o(.text.UART7_IRQHandler)
    UART_AdvFeatureConfig                    0x0800e3c9   Thumb Code   318  stm32h7xx_hal_uart.o(.text.UART_AdvFeatureConfig)
    UART_CheckIdleState                      0x0800e509   Thumb Code   334  stm32h7xx_hal_uart.o(.text.UART_CheckIdleState)
    UART_SetConfig                           0x0800f0b9   Thumb Code  2364  stm32h7xx_hal_uart.o(.text.UART_SetConfig)
    UART_Start_Receive_IT                    0x0800f9f9   Thumb Code   580  stm32h7xx_hal_uart.o(.text.UART_Start_Receive_IT)
    UART_WaitOnFlagUntilTimeout              0x0800fc41   Thumb Code   282  stm32h7xx_hal_uart.o(.text.UART_WaitOnFlagUntilTimeout)
    USART7PutString                          0x0800fd61   Thumb Code    66  usart.o(.text.USART7PutString)
    UsageFault_Handler                       0x0800fda9   Thumb Code     4  stm32h7xx_it.o(.text.UsageFault_Handler)
    WriteOneRegToADF4351                     0x0800fdb1   Thumb Code    58  adf4351.o(.text.WriteOneRegToADF4351)
    WriteToADF4351                           0x0800fdf1   Thumb Code   376  adf4351.o(.text.WriteToADF4351)
    Write_Amplitude                          0x0800ff69   Thumb Code    96  ad9910.o(.text.Write_Amplitude)
    cal_length                               0x080100a1   Thumb Code  2924  measure.o(.text.cal_length)
    cal_length_step1                         0x08010c11   Thumb Code   232  measure.o(.text.cal_length_step1)
    calculate_slope                          0x08010cf9   Thumb Code   262  measure.o(.text.calculate_slope)
    calibration_show                         0x08010e01   Thumb Code    84  display.o(.text.calibration_show)
    fputc                                    0x08010e59   Thumb Code    52  usart.o(.text.fputc)
    get1256                                  0x08010e91   Thumb Code    34  main.o(.text.get1256)
    get_K                                    0x08010eb9   Thumb Code  5428  measure.o(.text.get_K)
    gpio_cap                                 0x080123f1   Thumb Code    42  error_detect.o(.text.gpio_cap)
    gpio_length                              0x08012421   Thumb Code    42  error_detect.o(.text.gpio_length)
    gpio_res                                 0x08012451   Thumb Code    42  error_detect.o(.text.gpio_res)
    length_scope                             0x08012481   Thumb Code   552  measure.o(.text.length_scope)
    length_scope_1M                          0x080126a9   Thumb Code   536  measure.o(.text.length_scope_1M)
    loadstate                                0x080128c1   Thumb Code   248  display.o(.text.loadstate)
    main                                     0x080129b9   Thumb Code  4228  main.o(.text.main)
    scope_judge                              0x08013a41   Thumb Code   532  measure.o(.text.scope_judge)
    show_length                              0x08013c59   Thumb Code    84  display.o(.text.show_length)
    show_load_data                           0x08013cb1   Thumb Code    84  display.o(.text.show_load_data)
    swap                                     0x08013d09   Thumb Code    50  measure.o(.text.swap)
    txd_8bit                                 0x08013d41   Thumb Code   164  ad9910.o(.text.txd_8bit)
    workstate                                0x08013de9   Thumb Code   102  display.o(.text.workstate)
    __0printf                                0x08013e51   Thumb Code    22  printfa.o(i.__0printf)
    __1printf                                0x08013e51   Thumb Code     0  printfa.o(i.__0printf)
    __2printf                                0x08013e51   Thumb Code     0  printfa.o(i.__0printf)
    __c89printf                              0x08013e51   Thumb Code     0  printfa.o(i.__0printf)
    printf                                   0x08013e51   Thumb Code     0  printfa.o(i.__0printf)
    __0sprintf                               0x08013e71   Thumb Code    34  printfa.o(i.__0sprintf)
    __1sprintf                               0x08013e71   Thumb Code     0  printfa.o(i.__0sprintf)
    __2sprintf                               0x08013e71   Thumb Code     0  printfa.o(i.__0sprintf)
    __c89sprintf                             0x08013e71   Thumb Code     0  printfa.o(i.__0sprintf)
    sprintf                                  0x08013e71   Thumb Code     0  printfa.o(i.__0sprintf)
    __hardfp_roundf                          0x08013e99   Thumb Code   154  roundf.o(i.__hardfp_roundf)
    __scatterload_copy                       0x08013f33   Thumb Code    14  handlers.o(i.__scatterload_copy)
    __scatterload_null                       0x08013f41   Thumb Code     2  handlers.o(i.__scatterload_null)
    __scatterload_zeroinit                   0x08013f43   Thumb Code    14  handlers.o(i.__scatterload_zeroinit)
    D1CorePrescTable                         0x0801480c   Data          16  system_stm32h7xx.o(.rodata.D1CorePrescTable)
    UARTPrescTable                           0x08014834   Data          24  stm32h7xx_hal_uart.o(.rodata.UARTPrescTable)
    Region$$Table$$Base                      0x080148fc   Number         0  anon$$obj.o(Region$$Table)
    Region$$Table$$Limit                     0x0801491c   Number         0  anon$$obj.o(Region$$Table)
    __stdout                                 0x20000000   Data           4  stdout.o(.data)
    Assist_DAC                               0x20000004   Data           4  ad9910.o(.data.Assist_DAC)
    CFR1                                     0x20000008   Data           4  ad9910.o(.data.CFR1)
    CFR3                                     0x2000000c   Data           4  ad9910.o(.data.CFR3)
    CM100_END                                0x20000010   Data          40  main.o(.data.CM100_END)
    CM100_K                                  0x20000038   Data          40  main.o(.data.CM100_K)
    CM100_START                              0x20000060   Data          40  main.o(.data.CM100_START)
    CM100_fre_start                          0x20000088   Data           4  main.o(.data.CM100_fre_start)
    CM20_END                                 0x2000008c   Data          40  main.o(.data.CM20_END)
    CM20_K                                   0x200000b4   Data          40  main.o(.data.CM20_K)
    CM20_START                               0x200000dc   Data          40  main.o(.data.CM20_START)
    CM20_fre_start                           0x20000104   Data           4  main.o(.data.CM20_fre_start)
    CM250_END                                0x20000108   Data          40  main.o(.data.CM250_END)
    CM250_K                                  0x20000130   Data          40  main.o(.data.CM250_K)
    CM250_START                              0x20000158   Data          40  main.o(.data.CM250_START)
    CM250_fre_start                          0x20000180   Data           4  main.o(.data.CM250_fre_start)
    CM2_END                                  0x20000184   Data          40  main.o(.data.CM2_END)
    CM2_K                                    0x200001ac   Data          40  main.o(.data.CM2_K)
    CM2_START                                0x200001d4   Data          40  main.o(.data.CM2_START)
    CM2_fre_start                            0x200001fc   Data           4  main.o(.data.CM2_fre_start)
    CM50_END                                 0x20000200   Data          40  main.o(.data.CM50_END)
    CM50_K                                   0x20000228   Data          40  main.o(.data.CM50_K)
    CM50_START                               0x20000250   Data          40  main.o(.data.CM50_START)
    CM50_fre_start                           0x20000278   Data           4  main.o(.data.CM50_fre_start)
    M10_END                                  0x2000027c   Data          40  main.o(.data.M10_END)
    M10_K                                    0x200002a4   Data          40  main.o(.data.M10_K)
    M10_START                                0x200002cc   Data          40  main.o(.data.M10_START)
    M10_fre_start                            0x200002f4   Data           4  main.o(.data.M10_fre_start)
    M14_END                                  0x200002f8   Data          40  main.o(.data.M14_END)
    M14_K                                    0x20000320   Data          40  main.o(.data.M14_K)
    M14_START                                0x20000348   Data          40  main.o(.data.M14_START)
    M14_fre_start                            0x20000370   Data           4  main.o(.data.M14_fre_start)
    M18_END                                  0x20000374   Data          40  main.o(.data.M18_END)
    M18_K                                    0x2000039c   Data          40  main.o(.data.M18_K)
    M18_START                                0x200003c4   Data          40  main.o(.data.M18_START)
    M18_fre_start                            0x200003ec   Data           4  main.o(.data.M18_fre_start)
    M1_10M                                   0x200003f0   Data           4  main.o(.data.M1_10M)
    M1_14M                                   0x200003f4   Data           4  main.o(.data.M1_14M)
    M1_18M                                   0x200003f8   Data           4  main.o(.data.M1_18M)
    M1_20M                                   0x200003fc   Data           4  main.o(.data.M1_20M)
    M1_5M                                    0x20000400   Data           4  main.o(.data.M1_5M)
    M2_CM100                                 0x20000404   Data           4  main.o(.data.M2_CM100)
    M2_CM20                                  0x20000408   Data           4  main.o(.data.M2_CM20)
    M2_CM250                                 0x2000040c   Data           4  main.o(.data.M2_CM250)
    M2_CM50                                  0x20000410   Data           4  main.o(.data.M2_CM50)
    M5_END                                   0x20000414   Data          40  main.o(.data.M5_END)
    M5_K                                     0x2000043c   Data          40  main.o(.data.M5_K)
    M5_START                                 0x20000464   Data          40  main.o(.data.M5_START)
    M5_fre_start                             0x2000048c   Data           4  main.o(.data.M5_fre_start)
    Mlength                                  0x20000490   Data           4  main.o(.data.Mlength)
    Profile_All                              0x20000494   Data           8  ad9910.o(.data.Profile_All)
    SystemCoreClock                          0x2000049c   Data           4  system_stm32h7xx.o(.data.SystemCoreClock)
    SystemD2Clock                            0x200004a0   Data           4  system_stm32h7xx.o(.data.SystemD2Clock)
    uwTickFreq                               0x200004a4   Data           1  stm32h7xx_hal.o(.data.uwTickFreq)
    uwTickPrio                               0x200004a8   Data           4  stm32h7xx_hal.o(.data.uwTickPrio)
    CFR2                                     0x200004b0   Data           4  ad9910.o(.bss.CFR2)
    Cap_data                                 0x200004b4   Data           4  main.o(.bss.Cap_data)
    Cap_length                               0x200004b8   Data           4  main.o(.bss.Cap_length)
    M1_Unknown                               0x200004bc   Data           4  main.o(.bss.M1_Unknown)
    M1_fre                                   0x200004c0   Data          40  main.o(.bss.M1_fre)
    M1_length                                0x200004e8   Data          40  main.o(.bss.M1_length)
    M2_CM2                                   0x20000510   Data           4  main.o(.bss.M2_CM2)
    MUnknown                                 0x20000514   Data          40  main.o(.bss.MUnknown)
    Res_data                                 0x2000053c   Data           4  main.o(.bss.Res_data)
    Res_low                                  0x20000540   Data           4  main.o(.bss.Res_low)
    check_K_flag                             0x20000544   Data           4  main.o(.bss.check_K_flag)
    comp                                     0x20000548   Data         400  main.o(.bss.comp)
    hadc1                                    0x200006d8   Data         100  adc.o(.bss.hadc1)
    hadc3                                    0x2000073c   Data         100  adc.o(.bss.hadc3)
    hdma_adc1                                0x200007a0   Data         120  adc.o(.bss.hdma_adc1)
    hdma_adc3                                0x20000818   Data         120  adc.o(.bss.hdma_adc3)
    htim1                                    0x20000890   Data          76  tim.o(.bss.htim1)
    htim15                                   0x200008dc   Data          76  tim.o(.bss.htim15)
    htim2                                    0x20000928   Data          76  tim.o(.bss.htim2)
    htim3                                    0x20000974   Data          76  tim.o(.bss.htim3)
    htim4                                    0x200009c0   Data          76  tim.o(.bss.htim4)
    htim6                                    0x20000a0c   Data          76  tim.o(.bss.htim6)
    htim7                                    0x20000a58   Data          76  tim.o(.bss.htim7)
    huart1                                   0x20000aa4   Data         148  usart.o(.bss.huart1)
    huart7                                   0x20000b38   Data         148  usart.o(.bss.huart7)
    lcd_r                                    0x20000bcc   Data           4  stm32h7xx_it.o(.bss.lcd_r)
    length_flag                              0x20000bd0   Data           4  main.o(.bss.length_flag)
    load_flag                                0x20000bd4   Data           4  main.o(.bss.load_flag)
    scale_flag                               0x20000bd8   Data           4  main.o(.bss.scale_flag)
    screen_message                           0x20000bdc   Data          30  main.o(.bss.screen_message)
    uwTick                                   0x20000bfc   Data           4  stm32h7xx_hal.o(.bss.uwTick)
    x_tmp                                    0x20000c00   Data           4  main.o(.bss.x_tmp)
    __initial_sp                             0x20008008   Data           0  startup_stm32h743xx.o(STACK)
    adc3_data                                0x30000000   Data        2000  main.o(.ARM.__at_0x30000000)
    adc1_data                                0x30020000   Data        2000  main.o(.ARM.__at_0x30020000)



==============================================================================

Memory Map of the image

  Image Entry point : 0x08000299

  Load Region LR_IROM1 (Base: 0x08000000, Size: 0x00014dd0, Max: 0x00200000, ABSOLUTE, COMPRESSED[0x00014b08])

    Execution Region ER_IROM1 (Exec base: 0x08000000, Load base: 0x08000000, Size: 0x0001491c, Max: 0x00200000, ABSOLUTE)

    Exec Addr    Load Addr    Size         Type   Attr      Idx    E Section Name        Object

    0x08000000   0x08000000   0x00000298   Data   RO            3    RESET               startup_stm32h743xx.o
    0x08000298   0x08000298   0x00000000   Code   RO         2243  * .ARM.Collect$$$$00000000  mc_w.l(entry.o)
    0x08000298   0x08000298   0x00000004   Code   RO         2306    .ARM.Collect$$$$00000001  mc_w.l(entry2.o)
    0x0800029c   0x0800029c   0x00000004   Code   RO         2309    .ARM.Collect$$$$00000004  mc_w.l(entry5.o)
    0x080002a0   0x080002a0   0x00000000   Code   RO         2311    .ARM.Collect$$$$00000008  mc_w.l(entry7b.o)
    0x080002a0   0x080002a0   0x00000000   Code   RO         2313    .ARM.Collect$$$$0000000A  mc_w.l(entry8b.o)
    0x080002a0   0x080002a0   0x00000008   Code   RO         2314    .ARM.Collect$$$$0000000B  mc_w.l(entry9a.o)
    0x080002a8   0x080002a8   0x00000000   Code   RO         2316    .ARM.Collect$$$$0000000D  mc_w.l(entry10a.o)
    0x080002a8   0x080002a8   0x00000000   Code   RO         2318    .ARM.Collect$$$$0000000F  mc_w.l(entry11a.o)
    0x080002a8   0x080002a8   0x00000004   Code   RO         2307    .ARM.Collect$$$$00002712  mc_w.l(entry2.o)
    0x080002ac   0x080002ac   0x00000024   Code   RO            4    .text               startup_stm32h743xx.o
    0x080002d0   0x080002d0   0x00000062   Code   RO         2246    .text               mc_w.l(uldiv.o)
    0x08000332   0x08000332   0x00000024   Code   RO         2248    .text               mc_w.l(memseta.o)
    0x08000356   0x08000356   0x0000002c   Code   RO         2321    .text               mc_w.l(uidiv.o)
    0x08000382   0x08000382   0x0000001e   Code   RO         2323    .text               mc_w.l(llshl.o)
    0x080003a0   0x080003a0   0x00000020   Code   RO         2325    .text               mc_w.l(llushr.o)
    0x080003c0   0x080003c0   0x00000000   Code   RO         2334    .text               mc_w.l(iusefp.o)
    0x080003c0   0x080003c0   0x0000003c   Code   RO         2335    .text               mf_w.l(frnd.o)
    0x080003fc   0x080003fc   0x0000014e   Code   RO         2337    .text               mf_w.l(dadd.o)
    0x0800054a   0x0800054a   0x000000e4   Code   RO         2339    .text               mf_w.l(dmul.o)
    0x0800062e   0x0800062e   0x000000de   Code   RO         2341    .text               mf_w.l(ddiv.o)
    0x0800070c   0x0800070c   0x00000030   Code   RO         2343    .text               mf_w.l(dfixul.o)
    0x0800073c   0x0800073c   0x00000030   Code   RO         2345    .text               mf_w.l(cdrcmple.o)
    0x0800076c   0x0800076c   0x00000024   Code   RO         2357    .text               mc_w.l(init.o)
    0x08000790   0x08000790   0x00000024   Code   RO         2359    .text               mc_w.l(llsshr.o)
    0x080007b4   0x080007b4   0x0000006e   Code   RO         2361    .text               mf_w.l(fepilogue.o)
    0x08000822   0x08000822   0x000000ba   Code   RO         2363    .text               mf_w.l(depilogue.o)
    0x080008dc   0x080008dc   0x0000005e   Code   RO         2373    .text               mc_w.l(__dclz77c.o)
    0x0800093a   0x0800093a   0x00000006   PAD
    0x08000940   0x08000940   0x000001be   Code   RO         1997    .text.AD9910_IO_init  ad9910.o
    0x08000afe   0x08000afe   0x00000002   PAD
    0x08000b00   0x08000b00   0x0000021c   Code   RO          296    .text.ADC_ConfigureBoostMode  stm32h7xx_hal_adc.o
    0x08000d1c   0x08000d1c   0x00000004   PAD
    0x08000d20   0x08000d20   0x000000e8   Code   RO         2187    .text.ADF4351Init   adf4351.o
    0x08000e08   0x08000e08   0x000002ac   Code   RO         2193    .text.ADF4351WriteFreq  adf4351.o
    0x080010b4   0x080010b4   0x00000004   PAD
    0x080010b8   0x080010b8   0x0000009e   Code   RO         2179    .text.ADF_Output_GPIOInit  adf4351.o
    0x08001156   0x08001156   0x00000002   PAD
    0x08001158   0x08001158   0x00000384   Code   RO         2217    .text.ADS1256GetVolt  ads1256.o
    0x080014dc   0x080014dc   0x00000004   PAD
    0x080014e0   0x080014e0   0x000000da   Code   RO         2213    .text.ADS1256ReadData  ads1256.o
    0x080015ba   0x080015ba   0x00000006   PAD
    0x080015c0   0x080015c0   0x00000070   Code   RO         2209    .text.ADS1256WREG   ads1256.o
    0x08001630   0x08001630   0x0000000a   Code   RO         2203    .text.ADS1256_Delay  ads1256.o
    0x0800163a   0x0800163a   0x00000006   PAD
    0x08001640   0x08001640   0x00000222   Code   RO         2211    .text.ADS1256_Init  ads1256.o
    0x08001862   0x08001862   0x00000006   PAD
    0x08001868   0x08001868   0x00000084   Code   RO         2207    .text.ADS1256_Read_8Bits  ads1256.o
    0x080018ec   0x080018ec   0x00000004   PAD
    0x080018f0   0x080018f0   0x00000092   Code   RO         2205    .text.ADS1256_Write_8Bits  ads1256.o
    0x08001982   0x08001982   0x00000006   PAD
    0x08001988   0x08001988   0x00000004   Code   RO          236    .text.BusFault_Handler  stm32h7xx_it.o
    0x0800198c   0x0800198c   0x00000004   PAD
    0x08001990   0x08001990   0x0000003a   Code   RO         2168    .text.Cap_value_get  error_detect.o
    0x080019ca   0x080019ca   0x00000006   PAD
    0x080019d0   0x080019d0   0x0000005c   Code   RO         2152    .text.Close_All     error_detect.o
    0x08001a2c   0x08001a2c   0x00000004   PAD
    0x08001a30   0x08001a30   0x00000010   Code   RO          248    .text.DMA1_Stream1_IRQHandler  stm32h7xx_it.o
    0x08001a40   0x08001a40   0x00000010   Code   RO          254    .text.DMA2_Stream1_IRQHandler  stm32h7xx_it.o
    0x08001a50   0x08001a50   0x000001d2   Code   RO          795    .text.DMA_CalcBaseAndBitshift  stm32h7xx_hal_dma.o
    0x08001c22   0x08001c22   0x00000006   PAD
    0x08001c28   0x08001c28   0x00000186   Code   RO          797    .text.DMA_CalcDMAMUXChannelBaseAndMask  stm32h7xx_hal_dma.o
    0x08001dae   0x08001dae   0x00000002   PAD
    0x08001db0   0x08001db0   0x00000132   Code   RO          799    .text.DMA_CalcDMAMUXRequestGenBaseAndMask  stm32h7xx_hal_dma.o
    0x08001ee2   0x08001ee2   0x00000006   PAD
    0x08001ee8   0x08001ee8   0x000000f6   Code   RO          793    .text.DMA_CheckFifoParam  stm32h7xx_hal_dma.o
    0x08001fde   0x08001fde   0x00000002   PAD
    0x08001fe0   0x08001fe0   0x00000002   Code   RO          242    .text.DebugMon_Handler  stm32h7xx_it.o
    0x08001fe2   0x08001fe2   0x00000006   PAD
    0x08001fe8   0x08001fe8   0x00000034   Code   RO          187    .text.Delay_Ms      tim.o
    0x0800201c   0x0800201c   0x00000004   PAD
    0x08002020   0x08002020   0x00000062   Code   RO          185    .text.Delay_Us      tim.o
    0x08002082   0x08002082   0x00000006   PAD
    0x08002088   0x08002088   0x0000000e   Code   RO           13    .text.Error_Handler  main.o
    0x08002096   0x08002096   0x00000002   PAD
    0x08002098   0x08002098   0x00000070   Code   RO         2009    .text.Freq_convert  ad9910.o
    0x08002108   0x08002108   0x000002aa   Code   RO          512    .text.HAL_ADCEx_MultiModeConfigChannel  stm32h7xx_hal_adc_ex.o
    0x080023b2   0x080023b2   0x00000006   PAD
    0x080023b8   0x080023b8   0x00000886   Code   RO          354    .text.HAL_ADC_ConfigChannel  stm32h7xx_hal_adc.o
    0x08002c3e   0x08002c3e   0x00000002   PAD
    0x08002c40   0x08002c40   0x000003f0   Code   RO          276    .text.HAL_ADC_Init  stm32h7xx_hal_adc.o
    0x08003030   0x08003030   0x000001ba   Code   RO          140    .text.HAL_ADC_MspInit  adc.o
    0x080031ea   0x080031ea   0x00000006   PAD
    0x080031f0   0x080031f0   0x0000099a   Code   RO          809    .text.HAL_DMA_Abort  stm32h7xx_hal_dma.o
    0x08003b8a   0x08003b8a   0x00000006   PAD
    0x08003b90   0x08003b90   0x000006c8   Code   RO          811    .text.HAL_DMA_Abort_IT  stm32h7xx_hal_dma.o
    0x08004258   0x08004258   0x0000123a   Code   RO          815    .text.HAL_DMA_IRQHandler  stm32h7xx_hal_dma.o
    0x08005492   0x08005492   0x00000006   PAD
    0x08005498   0x08005498   0x00000994   Code   RO          791    .text.HAL_DMA_Init  stm32h7xx_hal_dma.o
    0x08005e2c   0x08005e2c   0x00000004   PAD
    0x08005e30   0x08005e30   0x000003da   Code   RO          737    .text.HAL_GPIO_Init  stm32h7xx_hal_gpio.o
    0x0800620a   0x0800620a   0x00000006   PAD
    0x08006210   0x08006210   0x00000036   Code   RO          741    .text.HAL_GPIO_ReadPin  stm32h7xx_hal_gpio.o
    0x08006246   0x08006246   0x00000002   PAD
    0x08006248   0x08006248   0x00000042   Code   RO          743    .text.HAL_GPIO_WritePin  stm32h7xx_hal_gpio.o
    0x0800628a   0x0800628a   0x00000006   PAD
    0x08006290   0x08006290   0x0000000e   Code   RO         1142    .text.HAL_GetREVID  stm32h7xx_hal.o
    0x0800629e   0x0800629e   0x00000002   PAD
    0x080062a0   0x080062a0   0x0000000c   Code   RO         1126    .text.HAL_GetTick   stm32h7xx_hal.o
    0x080062ac   0x080062ac   0x00000004   PAD
    0x080062b0   0x080062b0   0x0000001a   Code   RO         1124    .text.HAL_IncTick   stm32h7xx_hal.o
    0x080062ca   0x080062ca   0x00000006   PAD
    0x080062d0   0x080062d0   0x00000082   Code   RO         1114    .text.HAL_Init      stm32h7xx_hal.o
    0x08006352   0x08006352   0x00000006   PAD
    0x08006358   0x08006358   0x0000008e   Code   RO         1116    .text.HAL_InitTick  stm32h7xx_hal.o
    0x080063e6   0x080063e6   0x00000002   PAD
    0x080063e8   0x080063e8   0x00000094   Code   RO         1072    .text.HAL_MPU_ConfigRegion  stm32h7xx_hal_cortex.o
    0x0800647c   0x0800647c   0x00000004   PAD
    0x08006480   0x08006480   0x00000022   Code   RO         1068    .text.HAL_MPU_Disable  stm32h7xx_hal_cortex.o
    0x080064a2   0x080064a2   0x00000006   PAD
    0x080064a8   0x080064a8   0x00000034   Code   RO         1070    .text.HAL_MPU_Enable  stm32h7xx_hal_cortex.o
    0x080064dc   0x080064dc   0x00000004   PAD
    0x080064e0   0x080064e0   0x00000026   Code   RO          267    .text.HAL_MspInit   stm32h7xx_hal_msp.o
    0x08006506   0x08006506   0x00000002   PAD
    0x08006508   0x08006508   0x00000018   Code   RO         1052    .text.HAL_NVIC_EnableIRQ  stm32h7xx_hal_cortex.o
    0x08006520   0x08006520   0x00000048   Code   RO         1044    .text.HAL_NVIC_SetPriority  stm32h7xx_hal_cortex.o
    0x08006568   0x08006568   0x00000014   Code   RO         1040    .text.HAL_NVIC_SetPriorityGrouping  stm32h7xx_hal_cortex.o
    0x0800657c   0x0800657c   0x00000004   PAD
    0x08006580   0x08006580   0x000000aa   Code   RO          952    .text.HAL_PWREx_ConfigSupply  stm32h7xx_hal_pwr_ex.o
    0x0800662a   0x0800662a   0x00000006   PAD
    0x08006630   0x08006630   0x0000002a   Code   RO          588    .text.HAL_RCCEx_GetD3PCLK1Freq  stm32h7xx_hal_rcc_ex.o
    0x0800665a   0x0800665a   0x00000006   PAD
    0x08006660   0x08006660   0x000002b4   Code   RO          582    .text.HAL_RCCEx_GetPLL1ClockFreq  stm32h7xx_hal_rcc_ex.o
    0x08006914   0x08006914   0x00000004   PAD
    0x08006918   0x08006918   0x000002b4   Code   RO          584    .text.HAL_RCCEx_GetPLL2ClockFreq  stm32h7xx_hal_rcc_ex.o
    0x08006bcc   0x08006bcc   0x00000004   PAD
    0x08006bd0   0x08006bd0   0x000002b4   Code   RO          586    .text.HAL_RCCEx_GetPLL3ClockFreq  stm32h7xx_hal_rcc_ex.o
    0x08006e84   0x08006e84   0x00000004   PAD
    0x08006e88   0x08006e88   0x00000c84   Code   RO          580    .text.HAL_RCCEx_GetPeriphCLKFreq  stm32h7xx_hal_rcc_ex.o
    0x08007b0c   0x08007b0c   0x00000004   PAD
    0x08007b10   0x08007b10   0x00001116   Code   RO          572    .text.HAL_RCCEx_PeriphCLKConfig  stm32h7xx_hal_rcc_ex.o
    0x08008c26   0x08008c26   0x00000002   PAD
    0x08008c28   0x08008c28   0x000004aa   Code   RO          540    .text.HAL_RCC_ClockConfig  stm32h7xx_hal_rcc.o
    0x080090d2   0x080090d2   0x00000006   PAD
    0x080090d8   0x080090d8   0x00000058   Code   RO          550    .text.HAL_RCC_GetHCLKFreq  stm32h7xx_hal_rcc.o
    0x08009130   0x08009130   0x0000002a   Code   RO          552    .text.HAL_RCC_GetPCLK1Freq  stm32h7xx_hal_rcc.o
    0x0800915a   0x0800915a   0x00000006   PAD
    0x08009160   0x08009160   0x0000002a   Code   RO          554    .text.HAL_RCC_GetPCLK2Freq  stm32h7xx_hal_rcc.o
    0x0800918a   0x0800918a   0x00000006   PAD
    0x08009190   0x08009190   0x00000314   Code   RO          542    .text.HAL_RCC_GetSysClockFreq  stm32h7xx_hal_rcc.o
    0x080094a4   0x080094a4   0x00000004   PAD
    0x080094a8   0x080094a8   0x00000bbe   Code   RO          538    .text.HAL_RCC_OscConfig  stm32h7xx_hal_rcc.o
    0x0800a066   0x0800a066   0x00000002   PAD
    0x0800a068   0x0800a068   0x00000014   Code   RO         1064    .text.HAL_SYSTICK_Config  stm32h7xx_hal_cortex.o
    0x0800a07c   0x0800a07c   0x00000004   PAD
    0x0800a080   0x0800a080   0x0000000c   Code   RO         1773    .text.HAL_TIMEx_Break2Callback  stm32h7xx_hal_tim_ex.o
    0x0800a08c   0x0800a08c   0x00000004   PAD
    0x0800a090   0x0800a090   0x0000000c   Code   RO         1771    .text.HAL_TIMEx_BreakCallback  stm32h7xx_hal_tim_ex.o
    0x0800a09c   0x0800a09c   0x00000004   PAD
    0x0800a0a0   0x0800a0a0   0x0000000c   Code   RO         1767    .text.HAL_TIMEx_CommutCallback  stm32h7xx_hal_tim_ex.o
    0x0800a0ac   0x0800a0ac   0x00000004   PAD
    0x0800a0b0   0x0800a0b0   0x00000160   Code   RO         1755    .text.HAL_TIMEx_MasterConfigSynchronization  stm32h7xx_hal_tim_ex.o
    0x0800a210   0x0800a210   0x000000b6   Code   RO         1437    .text.HAL_TIM_Base_Init  stm32h7xx_hal_tim.o
    0x0800a2c6   0x0800a2c6   0x00000002   PAD
    0x0800a2c8   0x0800a2c8   0x000001a6   Code   RO          181    .text.HAL_TIM_Base_MspInit  tim.o
    0x0800a46e   0x0800a46e   0x00000002   PAD
    0x0800a470   0x0800a470   0x000000fc   Code   RO         1447    .text.HAL_TIM_Base_Start  stm32h7xx_hal_tim.o
    0x0800a56c   0x0800a56c   0x00000004   PAD
    0x0800a570   0x0800a570   0x0000004a   Code   RO         1449    .text.HAL_TIM_Base_Stop  stm32h7xx_hal_tim.o
    0x0800a5ba   0x0800a5ba   0x00000006   PAD
    0x0800a5c0   0x0800a5c0   0x000001f8   Code   RO         1633    .text.HAL_TIM_ConfigClockSource  stm32h7xx_hal_tim.o
    0x0800a7b8   0x0800a7b8   0x0000000c   Code   RO         1573    .text.HAL_TIM_IC_CaptureCallback  stm32h7xx_hal_tim.o
    0x0800a7c4   0x0800a7c4   0x00000004   PAD
    0x0800a7c8   0x0800a7c8   0x000002c0   Code   RO         1571    .text.HAL_TIM_IRQHandler  stm32h7xx_hal_tim.o
    0x0800aa88   0x0800aa88   0x0000006e   Code   RO          173    .text.HAL_TIM_MspPostInit  tim.o
    0x0800aaf6   0x0800aaf6   0x00000002   PAD
    0x0800aaf8   0x0800aaf8   0x0000000c   Code   RO         1575    .text.HAL_TIM_OC_DelayElapsedCallback  stm32h7xx_hal_tim.o
    0x0800ab04   0x0800ab04   0x00000004   PAD
    0x0800ab08   0x0800ab08   0x000001d2   Code   RO         1607    .text.HAL_TIM_PWM_ConfigChannel  stm32h7xx_hal_tim.o
    0x0800acda   0x0800acda   0x00000006   PAD
    0x0800ace0   0x0800ace0   0x000000b6   Code   RO         1491    .text.HAL_TIM_PWM_Init  stm32h7xx_hal_tim.o
    0x0800ad96   0x0800ad96   0x00000002   PAD
    0x0800ad98   0x0800ad98   0x0000000c   Code   RO         1493    .text.HAL_TIM_PWM_MspInit  stm32h7xx_hal_tim.o
    0x0800ada4   0x0800ada4   0x00000004   PAD
    0x0800ada8   0x0800ada8   0x0000000c   Code   RO         1577    .text.HAL_TIM_PWM_PulseFinishedCallback  stm32h7xx_hal_tim.o
    0x0800adb4   0x0800adb4   0x00000004   PAD
    0x0800adb8   0x0800adb8   0x0000028e   Code   RO         1499    .text.HAL_TIM_PWM_Start  stm32h7xx_hal_tim.o
    0x0800b046   0x0800b046   0x00000002   PAD
    0x0800b048   0x0800b048   0x0000000c   Code   RO         1579    .text.HAL_TIM_PeriodElapsedCallback  stm32h7xx_hal_tim.o
    0x0800b054   0x0800b054   0x00000004   PAD
    0x0800b058   0x0800b058   0x0000000c   Code   RO         1581    .text.HAL_TIM_TriggerCallback  stm32h7xx_hal_tim.o
    0x0800b064   0x0800b064   0x00000004   PAD
    0x0800b068   0x0800b068   0x00000080   Code   RO         1958    .text.HAL_UARTEx_DisableFifoMode  stm32h7xx_hal_uart_ex.o
    0x0800b0e8   0x0800b0e8   0x00000014   Code   RO         1881    .text.HAL_UARTEx_RxEventCallback  stm32h7xx_hal_uart.o
    0x0800b0fc   0x0800b0fc   0x00000004   PAD
    0x0800b100   0x0800b100   0x0000000c   Code   RO         1940    .text.HAL_UARTEx_RxFifoFullCallback  stm32h7xx_hal_uart_ex.o
    0x0800b10c   0x0800b10c   0x00000004   PAD
    0x0800b110   0x0800b110   0x00000094   Code   RO         1962    .text.HAL_UARTEx_SetRxFifoThreshold  stm32h7xx_hal_uart_ex.o
    0x0800b1a4   0x0800b1a4   0x00000004   PAD
    0x0800b1a8   0x0800b1a8   0x00000094   Code   RO         1960    .text.HAL_UARTEx_SetTxFifoThreshold  stm32h7xx_hal_uart_ex.o
    0x0800b23c   0x0800b23c   0x00000004   PAD
    0x0800b240   0x0800b240   0x0000000c   Code   RO         1942    .text.HAL_UARTEx_TxFifoEmptyCallback  stm32h7xx_hal_uart_ex.o
    0x0800b24c   0x0800b24c   0x00000004   PAD
    0x0800b250   0x0800b250   0x0000000c   Code   RO         1938    .text.HAL_UARTEx_WakeupCallback  stm32h7xx_hal_uart_ex.o
    0x0800b25c   0x0800b25c   0x00000004   PAD
    0x0800b260   0x0800b260   0x0000000c   Code   RO         1879    .text.HAL_UART_ErrorCallback  stm32h7xx_hal_uart.o
    0x0800b26c   0x0800b26c   0x00000004   PAD
    0x0800b270   0x0800b270   0x000006e6   Code   RO         1875    .text.HAL_UART_IRQHandler  stm32h7xx_hal_uart.o
    0x0800b956   0x0800b956   0x00000002   PAD
    0x0800b958   0x0800b958   0x000000b6   Code   RO         1787    .text.HAL_UART_Init  stm32h7xx_hal_uart.o
    0x0800ba0e   0x0800ba0e   0x00000002   PAD
    0x0800ba10   0x0800ba10   0x00000162   Code   RO          208    .text.HAL_UART_MspInit  usart.o
    0x0800bb72   0x0800bb72   0x00000006   PAD
    0x0800bb78   0x0800bb78   0x000000b4   Code   RO         1823    .text.HAL_UART_Receive_IT  stm32h7xx_hal_uart.o
    0x0800bc2c   0x0800bc2c   0x00000004   PAD
    0x0800bc30   0x0800bc30   0x0000000c   Code   RO         1889    .text.HAL_UART_RxCpltCallback  stm32h7xx_hal_uart.o
    0x0800bc3c   0x0800bc3c   0x00000004   PAD
    0x0800bc40   0x0800bc40   0x0000015a   Code   RO         1807    .text.HAL_UART_Transmit  stm32h7xx_hal_uart.o
    0x0800bd9a   0x0800bd9a   0x00000006   PAD
    0x0800bda0   0x0800bda0   0x0000000c   Code   RO         1885    .text.HAL_UART_TxCpltCallback  stm32h7xx_hal_uart.o
    0x0800bdac   0x0800bdac   0x00000004   PAD
    0x0800bdb0   0x0800bdb0   0x00000004   Code   RO          232    .text.HardFault_Handler  stm32h7xx_it.o
    0x0800bdb4   0x0800bdb4   0x00000004   PAD
    0x0800bdb8   0x0800bdb8   0x000000cc   Code   RO         1999    .text.Init_ad9910   ad9910.o
    0x0800be84   0x0800be84   0x00000004   PAD
    0x0800be88   0x0800be88   0x0000001c   Code   RO          282    .text.LL_ADC_DisableDeepPowerDown  stm32h7xx_hal_adc.o
    0x0800bea4   0x0800bea4   0x00000004   PAD
    0x0800bea8   0x0800bea8   0x00000022   Code   RO          286    .text.LL_ADC_EnableInternalRegulator  stm32h7xx_hal_adc.o
    0x0800beca   0x0800beca   0x00000006   PAD
    0x0800bed0   0x0800bed0   0x00000014   Code   RO          368    .text.LL_ADC_GetCommonPathInternalCh  stm32h7xx_hal_adc.o
    0x0800bee4   0x0800bee4   0x00000004   PAD
    0x0800bee8   0x0800bee8   0x00000014   Code   RO          294    .text.LL_ADC_INJ_IsConversionOngoing  stm32h7xx_hal_adc.o
    0x0800befc   0x0800befc   0x00000004   PAD
    0x0800bf00   0x0800bf00   0x00000014   Code   RO          280    .text.LL_ADC_IsDeepPowerDownEnabled  stm32h7xx_hal_adc.o
    0x0800bf14   0x0800bf14   0x00000004   PAD
    0x0800bf18   0x0800bf18   0x00000014   Code   RO          290    .text.LL_ADC_IsEnabled  stm32h7xx_hal_adc.o
    0x0800bf2c   0x0800bf2c   0x00000004   PAD
    0x0800bf30   0x0800bf30   0x00000014   Code   RO          428    .text.LL_ADC_IsEnabled  stm32h7xx_hal_adc_ex.o
    0x0800bf44   0x0800bf44   0x00000004   PAD
    0x0800bf48   0x0800bf48   0x00000014   Code   RO          284    .text.LL_ADC_IsInternalRegulatorEnabled  stm32h7xx_hal_adc.o
    0x0800bf5c   0x0800bf5c   0x00000004   PAD
    0x0800bf60   0x0800bf60   0x00000014   Code   RO          288    .text.LL_ADC_REG_IsConversionOngoing  stm32h7xx_hal_adc.o
    0x0800bf74   0x0800bf74   0x00000004   PAD
    0x0800bf78   0x0800bf78   0x00000014   Code   RO          430    .text.LL_ADC_REG_IsConversionOngoing  stm32h7xx_hal_adc_ex.o
    0x0800bf8c   0x0800bf8c   0x00000004   PAD
    0x0800bf90   0x0800bf90   0x0000004e   Code   RO          356    .text.LL_ADC_REG_SetSequencerRanks  stm32h7xx_hal_adc.o
    0x0800bfde   0x0800bfde   0x00000002   PAD
    0x0800bfe0   0x0800bfe0   0x0000004a   Code   RO          358    .text.LL_ADC_SetChannelSamplingTime  stm32h7xx_hal_adc.o
    0x0800c02a   0x0800c02a   0x00000006   PAD
    0x0800c030   0x0800c030   0x00000048   Code   RO          366    .text.LL_ADC_SetChannelSingleDiff  stm32h7xx_hal_adc.o
    0x0800c078   0x0800c078   0x00000022   Code   RO          292    .text.LL_ADC_SetCommonClock  stm32h7xx_hal_adc.o
    0x0800c09a   0x0800c09a   0x00000006   PAD
    0x0800c0a0   0x0800c0a0   0x00000022   Code   RO          370    .text.LL_ADC_SetCommonPathInternalCh  stm32h7xx_hal_adc.o
    0x0800c0c2   0x0800c0c2   0x00000006   PAD
    0x0800c0c8   0x0800c0c8   0x00000036   Code   RO          364    .text.LL_ADC_SetDataRightShift  stm32h7xx_hal_adc.o
    0x0800c0fe   0x0800c0fe   0x00000002   PAD
    0x0800c100   0x0800c100   0x00000048   Code   RO          360    .text.LL_ADC_SetOffset  stm32h7xx_hal_adc.o
    0x0800c148   0x0800c148   0x0000003a   Code   RO          362    .text.LL_ADC_SetOffsetSignedSaturation  stm32h7xx_hal_adc.o
    0x0800c182   0x0800c182   0x00000006   PAD
    0x0800c188   0x0800c188   0x000000c6   Code   RO           23    .text.MPU_Config    main.o
    0x0800c24e   0x0800c24e   0x00000002   PAD
    0x0800c250   0x0800c250   0x000000da   Code   RO          136    .text.MX_ADC1_Init  adc.o
    0x0800c32a   0x0800c32a   0x00000006   PAD
    0x0800c330   0x0800c330   0x000000b2   Code   RO          138    .text.MX_ADC3_Init  adc.o
    0x0800c3e2   0x0800c3e2   0x00000006   PAD
    0x0800c3e8   0x0800c3e8   0x0000006e   Code   RO          156    .text.MX_DMA_Init   dma.o
    0x0800c456   0x0800c456   0x00000002   PAD
    0x0800c458   0x0800c458   0x000001cc   Code   RO          122    .text.MX_GPIO_Init  gpio.o
    0x0800c624   0x0800c624   0x00000004   PAD
    0x0800c628   0x0800c628   0x00000090   Code   RO          179    .text.MX_TIM15_Init  tim.o
    0x0800c6b8   0x0800c6b8   0x00000090   Code   RO          165    .text.MX_TIM1_Init  tim.o
    0x0800c748   0x0800c748   0x00000088   Code   RO          167    .text.MX_TIM2_Init  tim.o
    0x0800c7d0   0x0800c7d0   0x0000008c   Code   RO          169    .text.MX_TIM3_Init  tim.o
    0x0800c85c   0x0800c85c   0x00000004   PAD
    0x0800c860   0x0800c860   0x000000ee   Code   RO          171    .text.MX_TIM4_Init  tim.o
    0x0800c94e   0x0800c94e   0x00000002   PAD
    0x0800c950   0x0800c950   0x00000066   Code   RO          175    .text.MX_TIM6_Init  tim.o
    0x0800c9b6   0x0800c9b6   0x00000002   PAD
    0x0800c9b8   0x0800c9b8   0x00000062   Code   RO          177    .text.MX_TIM7_Init  tim.o
    0x0800ca1a   0x0800ca1a   0x00000006   PAD
    0x0800ca20   0x0800ca20   0x000000aa   Code   RO          204    .text.MX_UART7_Init  usart.o
    0x0800caca   0x0800caca   0x00000006   PAD
    0x0800cad0   0x0800cad0   0x0000008e   Code   RO          206    .text.MX_USART1_UART_Init  usart.o
    0x0800cb5e   0x0800cb5e   0x00000002   PAD
    0x0800cb60   0x0800cb60   0x00000004   Code   RO          234    .text.MemManage_Handler  stm32h7xx_it.o
    0x0800cb64   0x0800cb64   0x00000004   PAD
    0x0800cb68   0x0800cb68   0x00000004   Code   RO          230    .text.NMI_Handler   stm32h7xx_it.o
    0x0800cb6c   0x0800cb6c   0x00000004   PAD
    0x0800cb70   0x0800cb70   0x00000080   Code   RO         1050    .text.NVIC_EncodePriority  stm32h7xx_hal_cortex.o
    0x0800cbf0   0x0800cbf0   0x00000002   Code   RO          244    .text.PendSV_Handler  stm32h7xx_it.o
    0x0800cbf2   0x0800cbf2   0x00000006   PAD
    0x0800cbf8   0x0800cbf8   0x0000004a   Code   RO           27    .text.PeriphCommonClock_Config  main.o
    0x0800cc42   0x0800cc42   0x00000006   PAD
    0x0800cc48   0x0800cc48   0x000000c8   Code   RO         2108    .text.QuickSort     measure.o
    0x0800cd10   0x0800cd10   0x000001d8   Code   RO          574    .text.RCCEx_PLL2_Config  stm32h7xx_hal_rcc_ex.o
    0x0800cee8   0x0800cee8   0x000001d8   Code   RO          576    .text.RCCEx_PLL3_Config  stm32h7xx_hal_rcc_ex.o
    0x0800d0c0   0x0800d0c0   0x00000002   Code   RO          240    .text.SVC_Handler   stm32h7xx_it.o
    0x0800d0c2   0x0800d0c2   0x00000006   PAD
    0x0800d0c8   0x0800d0c8   0x0000005a   Code   RO         1066    .text.SysTick_Config  stm32h7xx_hal_cortex.o
    0x0800d122   0x0800d122   0x00000006   PAD
    0x0800d128   0x0800d128   0x00000008   Code   RO          246    .text.SysTick_Handler  stm32h7xx_it.o
    0x0800d130   0x0800d130   0x00000162   Code   RO           25    .text.SystemClock_Config  main.o
    0x0800d292   0x0800d292   0x00000006   PAD
    0x0800d298   0x0800d298   0x0000015a   Code   RO         1982    .text.SystemInit    system_stm32h7xx.o
    0x0800d3f2   0x0800d3f2   0x00000006   PAD
    0x0800d3f8   0x0800d3f8   0x00000010   Code   RO          250    .text.TIM3_IRQHandler  stm32h7xx_it.o
    0x0800d408   0x0800d408   0x00000010   Code   RO          252    .text.TIM4_IRQHandler  stm32h7xx_it.o
    0x0800d418   0x0800d418   0x000001a2   Code   RO         1441    .text.TIM_Base_SetConfig  stm32h7xx_hal_tim.o
    0x0800d5ba   0x0800d5ba   0x00000006   PAD
    0x0800d5c0   0x0800d5c0   0x0000004a   Code   RO         1475    .text.TIM_CCxChannelCmd  stm32h7xx_hal_tim.o
    0x0800d60a   0x0800d60a   0x00000006   PAD
    0x0800d610   0x0800d610   0x0000004a   Code   RO         1631    .text.TIM_ETR_SetConfig  stm32h7xx_hal_tim.o
    0x0800d65a   0x0800d65a   0x00000006   PAD
    0x0800d660   0x0800d660   0x00000038   Code   RO         1637    .text.TIM_ITRx_SetConfig  stm32h7xx_hal_tim.o
    0x0800d698   0x0800d698   0x00000158   Code   RO         1585    .text.TIM_OC1_SetConfig  stm32h7xx_hal_tim.o
    0x0800d7f0   0x0800d7f0   0x0000017a   Code   RO         1587    .text.TIM_OC2_SetConfig  stm32h7xx_hal_tim.o
    0x0800d96a   0x0800d96a   0x00000006   PAD
    0x0800d970   0x0800d970   0x00000178   Code   RO         1589    .text.TIM_OC3_SetConfig  stm32h7xx_hal_tim.o
    0x0800dae8   0x0800dae8   0x000000e2   Code   RO         1591    .text.TIM_OC4_SetConfig  stm32h7xx_hal_tim.o
    0x0800dbca   0x0800dbca   0x00000006   PAD
    0x0800dbd0   0x0800dbd0   0x000000d8   Code   RO         1593    .text.TIM_OC5_SetConfig  stm32h7xx_hal_tim.o
    0x0800dca8   0x0800dca8   0x000000da   Code   RO         1595    .text.TIM_OC6_SetConfig  stm32h7xx_hal_tim.o
    0x0800dd82   0x0800dd82   0x00000006   PAD
    0x0800dd88   0x0800dd88   0x00000062   Code   RO         1635    .text.TIM_TI1_ConfigInputStage  stm32h7xx_hal_tim.o
    0x0800ddea   0x0800ddea   0x00000006   PAD
    0x0800ddf0   0x0800ddf0   0x00000064   Code   RO         1639    .text.TIM_TI2_ConfigInputStage  stm32h7xx_hal_tim.o
    0x0800de54   0x0800de54   0x00000004   PAD
    0x0800de58   0x0800de58   0x00000172   Code   RO         2003    .text.TxCFR         ad9910.o
    0x0800dfca   0x0800dfca   0x00000006   PAD
    0x0800dfd0   0x0800dfd0   0x000000aa   Code   RO         2007    .text.Txprofile     ad9910.o
    0x0800e07a   0x0800e07a   0x00000006   PAD
    0x0800e080   0x0800e080   0x000002b4   Code   RO          256    .text.UART7_IRQHandler  stm32h7xx_it.o
    0x0800e334   0x0800e334   0x00000004   PAD
    0x0800e338   0x0800e338   0x00000090   Code   RO         1956    .text.UARTEx_SetNbDataToProcess  stm32h7xx_hal_uart_ex.o
    0x0800e3c8   0x0800e3c8   0x0000013e   Code   RO         1793    .text.UART_AdvFeatureConfig  stm32h7xx_hal_uart.o
    0x0800e506   0x0800e506   0x00000002   PAD
    0x0800e508   0x0800e508   0x0000014e   Code   RO         1795    .text.UART_CheckIdleState  stm32h7xx_hal_uart.o
    0x0800e656   0x0800e656   0x00000002   PAD
    0x0800e658   0x0800e658   0x00000028   Code   RO         1877    .text.UART_DMAAbortOnError  stm32h7xx_hal_uart.o
    0x0800e680   0x0800e680   0x000000a2   Code   RO         1847    .text.UART_EndRxTransfer  stm32h7xx_hal_uart.o
    0x0800e722   0x0800e722   0x00000006   PAD
    0x0800e728   0x0800e728   0x00000048   Code   RO         1883    .text.UART_EndTransmit_IT  stm32h7xx_hal_uart.o
    0x0800e770   0x0800e770   0x00000188   Code   RO         1919    .text.UART_RxISR_16BIT  stm32h7xx_hal_uart.o
    0x0800e8f8   0x0800e8f8   0x0000031c   Code   RO         1915    .text.UART_RxISR_16BIT_FIFOEN  stm32h7xx_hal_uart.o
    0x0800ec14   0x0800ec14   0x00000004   PAD
    0x0800ec18   0x0800ec18   0x00000184   Code   RO         1921    .text.UART_RxISR_8BIT  stm32h7xx_hal_uart.o
    0x0800ed9c   0x0800ed9c   0x00000004   PAD
    0x0800eda0   0x0800eda0   0x00000318   Code   RO         1917    .text.UART_RxISR_8BIT_FIFOEN  stm32h7xx_hal_uart.o
    0x0800f0b8   0x0800f0b8   0x0000093c   Code   RO         1791    .text.UART_SetConfig  stm32h7xx_hal_uart.o
    0x0800f9f4   0x0800f9f4   0x00000004   PAD
    0x0800f9f8   0x0800f9f8   0x00000244   Code   RO         1825    .text.UART_Start_Receive_IT  stm32h7xx_hal_uart.o
    0x0800fc3c   0x0800fc3c   0x00000004   PAD
    0x0800fc40   0x0800fc40   0x0000011a   Code   RO         1809    .text.UART_WaitOnFlagUntilTimeout  stm32h7xx_hal_uart.o
    0x0800fd5a   0x0800fd5a   0x00000006   PAD
    0x0800fd60   0x0800fd60   0x00000042   Code   RO          214    .text.USART7PutString  usart.o
    0x0800fda2   0x0800fda2   0x00000006   PAD
    0x0800fda8   0x0800fda8   0x00000004   Code   RO          238    .text.UsageFault_Handler  stm32h7xx_it.o
    0x0800fdac   0x0800fdac   0x00000004   PAD
    0x0800fdb0   0x0800fdb0   0x0000003a   Code   RO         2189    .text.WriteOneRegToADF4351  adf4351.o
    0x0800fdea   0x0800fdea   0x00000006   PAD
    0x0800fdf0   0x0800fdf0   0x00000178   Code   RO         2183    .text.WriteToADF4351  adf4351.o
    0x0800ff68   0x0800ff68   0x00000060   Code   RO         2029    .text.Write_Amplitude  ad9910.o
    0x0800ffc8   0x0800ffc8   0x00000036   Code   RO         1054    .text.__NVIC_EnableIRQ  stm32h7xx_hal_cortex.o
    0x0800fffe   0x0800fffe   0x00000002   PAD
    0x08010000   0x08010000   0x00000010   Code   RO         1046    .text.__NVIC_GetPriorityGrouping  stm32h7xx_hal_cortex.o
    0x08010010   0x08010010   0x0000004a   Code   RO         1048    .text.__NVIC_SetPriority  stm32h7xx_hal_cortex.o
    0x0801005a   0x0801005a   0x00000006   PAD
    0x08010060   0x08010060   0x00000040   Code   RO         1042    .text.__NVIC_SetPriorityGrouping  stm32h7xx_hal_cortex.o
    0x080100a0   0x080100a0   0x00000b6c   Code   RO         2120    .text.cal_length    measure.o
    0x08010c0c   0x08010c0c   0x00000004   PAD
    0x08010c10   0x08010c10   0x000000e8   Code   RO         2118    .text.cal_length_step1  measure.o
    0x08010cf8   0x08010cf8   0x00000106   Code   RO         2110    .text.calculate_slope  measure.o
    0x08010dfe   0x08010dfe   0x00000002   PAD
    0x08010e00   0x08010e00   0x00000054   Code   RO         2135    .text.calibration_show  display.o
    0x08010e54   0x08010e54   0x00000004   PAD
    0x08010e58   0x08010e58   0x00000034   Code   RO          216    .text.fputc         usart.o
    0x08010e8c   0x08010e8c   0x00000004   PAD
    0x08010e90   0x08010e90   0x00000022   Code   RO           19    .text.get1256       main.o
    0x08010eb2   0x08010eb2   0x00000006   PAD
    0x08010eb8   0x08010eb8   0x00001534   Code   RO         2122    .text.get_K         measure.o
    0x080123ec   0x080123ec   0x00000004   PAD
    0x080123f0   0x080123f0   0x0000002a   Code   RO         2158    .text.gpio_cap      error_detect.o
    0x0801241a   0x0801241a   0x00000006   PAD
    0x08012420   0x08012420   0x0000002a   Code   RO         2154    .text.gpio_length   error_detect.o
    0x0801244a   0x0801244a   0x00000006   PAD
    0x08012450   0x08012450   0x0000002a   Code   RO         2156    .text.gpio_res      error_detect.o
    0x0801247a   0x0801247a   0x00000006   PAD
    0x08012480   0x08012480   0x00000228   Code   RO         2112    .text.length_scope  measure.o
    0x080126a8   0x080126a8   0x00000218   Code   RO         2114    .text.length_scope_1M  measure.o
    0x080128c0   0x080128c0   0x000000f8   Code   RO         2141    .text.loadstate     display.o
    0x080129b8   0x080129b8   0x00001084   Code   RO           21    .text.main          main.o
    0x08013a3c   0x08013a3c   0x00000004   PAD
    0x08013a40   0x08013a40   0x00000214   Code   RO         2116    .text.scope_judge   measure.o
    0x08013c54   0x08013c54   0x00000004   PAD
    0x08013c58   0x08013c58   0x00000054   Code   RO         2137    .text.show_length   display.o
    0x08013cac   0x08013cac   0x00000004   PAD
    0x08013cb0   0x08013cb0   0x00000054   Code   RO         2139    .text.show_load_data  display.o
    0x08013d04   0x08013d04   0x00000004   PAD
    0x08013d08   0x08013d08   0x00000032   Code   RO         2106    .text.swap          measure.o
    0x08013d3a   0x08013d3a   0x00000006   PAD
    0x08013d40   0x08013d40   0x000000a4   Code   RO         2001    .text.txd_8bit      ad9910.o
    0x08013de4   0x08013de4   0x00000004   PAD
    0x08013de8   0x08013de8   0x00000066   Code   RO         2133    .text.workstate     display.o
    0x08013e4e   0x08013e4e   0x00000002   PAD
    0x08013e50   0x08013e50   0x00000020   Code   RO         2251    i.__0printf         mc_w.l(printfa.o)
    0x08013e70   0x08013e70   0x00000028   Code   RO         2253    i.__0sprintf        mc_w.l(printfa.o)
    0x08013e98   0x08013e98   0x0000009a   Code   RO         2239    i.__hardfp_roundf   m_wv.l(roundf.o)
    0x08013f32   0x08013f32   0x0000000e   Code   RO         2367    i.__scatterload_copy  mc_w.l(handlers.o)
    0x08013f40   0x08013f40   0x00000002   Code   RO         2368    i.__scatterload_null  mc_w.l(handlers.o)
    0x08013f42   0x08013f42   0x0000000e   Code   RO         2369    i.__scatterload_zeroinit  mc_w.l(handlers.o)
    0x08013f50   0x08013f50   0x00000184   Code   RO         2258    i._fp_digits        mc_w.l(printfa.o)
    0x080140d4   0x080140d4   0x000006dc   Code   RO         2259    i._printf_core      mc_w.l(printfa.o)
    0x080147b0   0x080147b0   0x00000024   Code   RO         2260    i._printf_post_padding  mc_w.l(printfa.o)
    0x080147d4   0x080147d4   0x0000002e   Code   RO         2261    i._printf_pre_padding  mc_w.l(printfa.o)
    0x08014802   0x08014802   0x0000000a   Code   RO         2263    i._sputc            mc_w.l(printfa.o)
    0x0801480c   0x0801480c   0x00000010   Data   RO         1988    .rodata.D1CorePrescTable  system_stm32h7xx.o
    0x0801481c   0x0801481c   0x00000008   Data   RO          825    .rodata.DMA_CalcBaseAndBitshift.flagBitshiftOffset  stm32h7xx_hal_dma.o
    0x08014824   0x08014824   0x00000008   Data   RO         1973    .rodata.UARTEx_SetNbDataToProcess.denominator  stm32h7xx_hal_uart_ex.o
    0x0801482c   0x0801482c   0x00000008   Data   RO         1972    .rodata.UARTEx_SetNbDataToProcess.numerator  stm32h7xx_hal_uart_ex.o
    0x08014834   0x08014834   0x00000018   Data   RO         1927    .rodata.UARTPrescTable  stm32h7xx_hal_uart.o
    0x0801484c   0x0801484c   0x00000019   Data   RO          111    .rodata.str1.1      main.o
    0x08014865   0x08014865   0x00000095   Data   RO         2143    .rodata.str1.1      display.o
    0x080148fa   0x080148fa   0x00000002   PAD
    0x080148fc   0x080148fc   0x00000020   Data   RO         2366    Region$$Table       anon$$obj.o


    Execution Region RW_IRAM1 (Exec base: 0x20000000, Load base: 0x08014920, Size: 0x00008008, Max: 0x00020000, ABSOLUTE, COMPRESSED[0x000001e8])

    Exec Addr    Load Addr    Size         Type   Attr      Idx    E Section Name        Object

    0x20000000   COMPRESSED   0x00000004   Data   RW         2320    .data               mc_w.l(stdout.o)
    0x20000004   COMPRESSED   0x00000004   Data   RW         2086    .data.Assist_DAC    ad9910.o
    0x20000008   COMPRESSED   0x00000004   Data   RW         2083    .data.CFR1          ad9910.o
    0x2000000c   COMPRESSED   0x00000004   Data   RW         2085    .data.CFR3          ad9910.o
    0x20000010   COMPRESSED   0x00000028   Data   RW           60    .data.CM100_END     main.o
    0x20000038   COMPRESSED   0x00000028   Data   RW           75    .data.CM100_K       main.o
    0x20000060   COMPRESSED   0x00000028   Data   RW           54    .data.CM100_START   main.o
    0x20000088   COMPRESSED   0x00000004   Data   RW           48    .data.CM100_fre_start  main.o
    0x2000008c   COMPRESSED   0x00000028   Data   RW           62    .data.CM20_END      main.o
    0x200000b4   COMPRESSED   0x00000028   Data   RW           77    .data.CM20_K        main.o
    0x200000dc   COMPRESSED   0x00000028   Data   RW           56    .data.CM20_START    main.o
    0x20000104   COMPRESSED   0x00000004   Data   RW           50    .data.CM20_fre_start  main.o
    0x20000108   COMPRESSED   0x00000028   Data   RW           59    .data.CM250_END     main.o
    0x20000130   COMPRESSED   0x00000028   Data   RW           74    .data.CM250_K       main.o
    0x20000158   COMPRESSED   0x00000028   Data   RW           53    .data.CM250_START   main.o
    0x20000180   COMPRESSED   0x00000004   Data   RW           47    .data.CM250_fre_start  main.o
    0x20000184   COMPRESSED   0x00000028   Data   RW           63    .data.CM2_END       main.o
    0x200001ac   COMPRESSED   0x00000028   Data   RW           78    .data.CM2_K         main.o
    0x200001d4   COMPRESSED   0x00000028   Data   RW           57    .data.CM2_START     main.o
    0x200001fc   COMPRESSED   0x00000004   Data   RW           51    .data.CM2_fre_start  main.o
    0x20000200   COMPRESSED   0x00000028   Data   RW           61    .data.CM50_END      main.o
    0x20000228   COMPRESSED   0x00000028   Data   RW           76    .data.CM50_K        main.o
    0x20000250   COMPRESSED   0x00000028   Data   RW           55    .data.CM50_START    main.o
    0x20000278   COMPRESSED   0x00000004   Data   RW           49    .data.CM50_fre_start  main.o
    0x2000027c   COMPRESSED   0x00000028   Data   RW           67    .data.M10_END       main.o
    0x200002a4   COMPRESSED   0x00000028   Data   RW           70    .data.M10_K         main.o
    0x200002cc   COMPRESSED   0x00000028   Data   RW           64    .data.M10_START     main.o
    0x200002f4   COMPRESSED   0x00000004   Data   RW           43    .data.M10_fre_start  main.o
    0x200002f8   COMPRESSED   0x00000028   Data   RW           68    .data.M14_END       main.o
    0x20000320   COMPRESSED   0x00000028   Data   RW           71    .data.M14_K         main.o
    0x20000348   COMPRESSED   0x00000028   Data   RW           65    .data.M14_START     main.o
    0x20000370   COMPRESSED   0x00000004   Data   RW           44    .data.M14_fre_start  main.o
    0x20000374   COMPRESSED   0x00000028   Data   RW           69    .data.M18_END       main.o
    0x2000039c   COMPRESSED   0x00000028   Data   RW           72    .data.M18_K         main.o
    0x200003c4   COMPRESSED   0x00000028   Data   RW           66    .data.M18_START     main.o
    0x200003ec   COMPRESSED   0x00000004   Data   RW           45    .data.M18_fre_start  main.o
    0x200003f0   COMPRESSED   0x00000004   Data   RW           90    .data.M1_10M        main.o
    0x200003f4   COMPRESSED   0x00000004   Data   RW           91    .data.M1_14M        main.o
    0x200003f8   COMPRESSED   0x00000004   Data   RW           92    .data.M1_18M        main.o
    0x200003fc   COMPRESSED   0x00000004   Data   RW           93    .data.M1_20M        main.o
    0x20000400   COMPRESSED   0x00000004   Data   RW           89    .data.M1_5M         main.o
    0x20000404   COMPRESSED   0x00000004   Data   RW           86    .data.M2_CM100      main.o
    0x20000408   COMPRESSED   0x00000004   Data   RW           84    .data.M2_CM20       main.o
    0x2000040c   COMPRESSED   0x00000004   Data   RW           87    .data.M2_CM250      main.o
    0x20000410   COMPRESSED   0x00000004   Data   RW           85    .data.M2_CM50       main.o
    0x20000414   COMPRESSED   0x00000028   Data   RW           58    .data.M5_END        main.o
    0x2000043c   COMPRESSED   0x00000028   Data   RW           73    .data.M5_K          main.o
    0x20000464   COMPRESSED   0x00000028   Data   RW           52    .data.M5_START      main.o
    0x2000048c   COMPRESSED   0x00000004   Data   RW           46    .data.M5_fre_start  main.o
    0x20000490   COMPRESSED   0x00000004   Data   RW           80    .data.Mlength       main.o
    0x20000494   COMPRESSED   0x00000008   Data   RW         2087    .data.Profile_All   ad9910.o
    0x2000049c   COMPRESSED   0x00000004   Data   RW         1986    .data.SystemCoreClock  system_stm32h7xx.o
    0x200004a0   COMPRESSED   0x00000004   Data   RW         1987    .data.SystemD2Clock  system_stm32h7xx.o
    0x200004a4   COMPRESSED   0x00000001   Data   RW         1211    .data.uwTickFreq    stm32h7xx_hal.o
    0x200004a5   COMPRESSED   0x00000003   PAD
    0x200004a8   COMPRESSED   0x00000004   Data   RW         1210    .data.uwTickPrio    stm32h7xx_hal.o
    0x200004ac   COMPRESSED   0x00000004   PAD
    0x200004b0        -       0x00000004   Zero   RW         2084    .bss.CFR2           ad9910.o
    0x200004b4        -       0x00000004   Zero   RW          109    .bss.Cap_data       main.o
    0x200004b8        -       0x00000004   Zero   RW          108    .bss.Cap_length     main.o
    0x200004bc        -       0x00000004   Zero   RW           94    .bss.M1_Unknown     main.o
    0x200004c0        -       0x00000028   Zero   RW           82    .bss.M1_fre         main.o
    0x200004e8        -       0x00000028   Zero   RW           81    .bss.M1_length      main.o
    0x20000510        -       0x00000004   Zero   RW           83    .bss.M2_CM2         main.o
    0x20000514        -       0x00000028   Zero   RW           79    .bss.MUnknown       main.o
    0x2000053c        -       0x00000004   Zero   RW          105    .bss.Res_data       main.o
    0x20000540        -       0x00000004   Zero   RW           99    .bss.Res_low        main.o
    0x20000544        -       0x00000004   Zero   RW           41    .bss.check_K_flag   main.o
    0x20000548        -       0x00000190   Zero   RW           36    .bss.comp           main.o
    0x200006d8        -       0x00000064   Zero   RW          144    .bss.hadc1          adc.o
    0x2000073c        -       0x00000064   Zero   RW          145    .bss.hadc3          adc.o
    0x200007a0        -       0x00000078   Zero   RW          146    .bss.hdma_adc1      adc.o
    0x20000818        -       0x00000078   Zero   RW          147    .bss.hdma_adc3      adc.o
    0x20000890        -       0x0000004c   Zero   RW          189    .bss.htim1          tim.o
    0x200008dc        -       0x0000004c   Zero   RW          195    .bss.htim15         tim.o
    0x20000928        -       0x0000004c   Zero   RW          190    .bss.htim2          tim.o
    0x20000974        -       0x0000004c   Zero   RW          191    .bss.htim3          tim.o
    0x200009c0        -       0x0000004c   Zero   RW          192    .bss.htim4          tim.o
    0x20000a0c        -       0x0000004c   Zero   RW          193    .bss.htim6          tim.o
    0x20000a58        -       0x0000004c   Zero   RW          194    .bss.htim7          tim.o
    0x20000aa4        -       0x00000094   Zero   RW          221    .bss.huart1         usart.o
    0x20000b38        -       0x00000094   Zero   RW          220    .bss.huart7         usart.o
    0x20000bcc        -       0x00000004   Zero   RW          258    .bss.lcd_r          stm32h7xx_it.o
    0x20000bd0        -       0x00000004   Zero   RW           31    .bss.length_flag    main.o
    0x20000bd4        -       0x00000004   Zero   RW           32    .bss.load_flag      main.o
    0x20000bd8        -       0x00000004   Zero   RW           96    .bss.scale_flag     main.o
    0x20000bdc        -       0x0000001e   Zero   RW           33    .bss.screen_message  main.o
    0x20000bfa   COMPRESSED   0x00000002   PAD
    0x20000bfc        -       0x00000004   Zero   RW         1212    .bss.uwTick         stm32h7xx_hal.o
    0x20000c00        -       0x00000004   Zero   RW           38    .bss.x_tmp          main.o
    0x20000c04   COMPRESSED   0x00000004   PAD
    0x20000c08        -       0x00007400   Zero   RW            1    STACK               startup_stm32h743xx.o



  Load Region LR$$.ARM.__at_0x30000000 (Base: 0x30000000, Size: 0x000007d0, Max: 0x000007d0, ABSOLUTE, COMPRESSED[0x0000001c])

    Execution Region ER$$.ARM.__at_0x30000000 (Exec base: 0x30000000, Load base: 0x30000000, Size: 0x000007d0, Max: 0x000007d0, ABSOLUTE, UNINIT, COMPRESSED[0x0000001c])

    Exec Addr    Load Addr    Size         Type   Attr      Idx    E Section Name        Object

    0x30000000   COMPRESSED   0x000007d0   Data   RW          112    .ARM.__at_0x30000000  main.o



  Load Region LR$$.ARM.__at_0x30020000 (Base: 0x30020000, Size: 0x000007d0, Max: 0x000007d0, ABSOLUTE, COMPRESSED[0x0000001c])

    Execution Region ER$$.ARM.__at_0x30020000 (Exec base: 0x30020000, Load base: 0x30020000, Size: 0x000007d0, Max: 0x000007d0, ABSOLUTE, UNINIT, COMPRESSED[0x0000001c])

    Exec Addr    Load Addr    Size         Type   Attr      Idx    E Section Name        Object

    0x30020000   COMPRESSED   0x000007d0   Data   RW          113    .ARM.__at_0x30020000  main.o


==============================================================================

Image component sizes


      Code (inc. data)   RO Data    RW Data    ZI Data      Debug   Object Name

      1562         16          0         20          4      17480   ad9910.o
       838          0          0          0        440       7767   adc.o
      1508         36          0          0          0       4969   adf4351.o
      2064        164          0          0          0       5007   ads1256.o
       602         12        149          0          0       1549   display.o
       110          0          0          0          0       5324   dma.o
       276          0          0          0          0       2848   error_detect.o
       460          0          0          0          0       3366   gpio.o
      4902        220         25       5156        594      16443   main.o
     10716        144          0          0          0       7270   measure.o
        36          8        664          0      29696        832   startup_stm32h743xx.o
       324          0          0          5          4      13894   stm32h7xx_hal.o
      4388          0          0          0          0      22152   stm32h7xx_hal_adc.o
       722          0          0          0          0      21540   stm32h7xx_hal_adc_ex.o
       796          0          0          0          0      11395   stm32h7xx_hal_cortex.o
     12720          8          8          0          0      12871   stm32h7xx_hal_dma.o
      1106          0          0          0          0       7012   stm32h7xx_hal_gpio.o
        38          0          0          0          0       2218   stm32h7xx_hal_msp.o
       170          0          0          0          0      10395   stm32h7xx_hal_pwr_ex.o
      5160         66          0          0          0      11951   stm32h7xx_hal_rcc.o
     10640        118          0          0          0      19317   stm32h7xx_hal_rcc_ex.o
      5668         22          0          0          0      37750   stm32h7xx_hal_tim.o
       388          0          0          0          0      17597   stm32h7xx_hal_tim_ex.o
      9050        258         24          0          0      29239   stm32h7xx_hal_uart.o
       604          0         16          0          0       8894   stm32h7xx_hal_uart_ex.o
       790          0          0          0          4       2012   stm32h7xx_it.o
       346          0         16          8          0       5798   system_stm32h7xx.o
      1684          0          0          0        532      12621   tim.o
       784          0          0          0        296      12335   usart.o

    ----------------------------------------------------------------------
     79156       1116        936       5192      31580     331846   Object Totals
         0          0         32          0          0          0   (incl. Generated)
       704         44          2          3         10          0   (incl. Padding)

    ----------------------------------------------------------------------

      Code (inc. data)   RO Data    RW Data    ZI Data      Debug   Library Member Name

       154          0          0          0          0        140   roundf.o
        94          0          0          0          0          0   __dclz77c.o
         0          0          0          0          0          0   entry.o
         0          0          0          0          0          0   entry10a.o
         0          0          0          0          0          0   entry11a.o
         8          4          0          0          0          0   entry2.o
         4          0          0          0          0          0   entry5.o
         0          0          0          0          0          0   entry7b.o
         0          0          0          0          0          0   entry8b.o
         8          4          0          0          0          0   entry9a.o
        30          0          0          0          0          0   handlers.o
        36          8          0          0          0         68   init.o
         0          0          0          0          0          0   iusefp.o
        30          0          0          0          0         68   llshl.o
        36          0          0          0          0         68   llsshr.o
        32          0          0          0          0         68   llushr.o
        36          0          0          0          0        108   memseta.o
      2308         96          0          0          0        604   printfa.o
         0          0          0          4          0          0   stdout.o
        44          0          0          0          0         80   uidiv.o
        98          0          0          0          0         92   uldiv.o
        48          0          0          0          0         68   cdrcmple.o
       334          0          0          0          0        148   dadd.o
       222          0          0          0          0        100   ddiv.o
       186          0          0          0          0        176   depilogue.o
        48          0          0          0          0         68   dfixul.o
       228          0          0          0          0         96   dmul.o
       110          0          0          0          0        168   fepilogue.o
        60          0          0          0          0         76   frnd.o

    ----------------------------------------------------------------------
      4160        112          0          4          0       2196   Library Totals
         6          0          0          0          0          0   (incl. Padding)

    ----------------------------------------------------------------------

      Code (inc. data)   RO Data    RW Data    ZI Data      Debug   Library Name

       154          0          0          0          0        140   m_wv.l
      2764        112          0          4          0       1156   mc_w.l
      1236          0          0          0          0        900   mf_w.l

    ----------------------------------------------------------------------
      4160        112          0          4          0       2196   Library Totals

    ----------------------------------------------------------------------

==============================================================================


      Code (inc. data)   RO Data    RW Data    ZI Data      Debug   

     83316       1228        936       5196      31580     332854   Grand Totals
     83316       1228        936        544      31580     332854   ELF Image Totals (compressed)
     83316       1228        936        544          0          0   ROM Totals

==============================================================================

    Total RO  Size (Code + RO Data)                84252 (  82.28kB)
    Total RW  Size (RW Data + ZI Data)             36776 (  35.91kB)
    Total ROM Size (Code + RO Data + RW Data)      84796 (  82.81kB)

==============================================================================

