<html>
<body>
<pre>
<h1>µVision Build Log</h1>
<h2>Tool Versions:</h2>
IDE-Version: ¦ÌVision V5.27.0.0
Copyright (C) 2018 ARM Ltd and ARM Germany GmbH. All rights reserved.
License Information: aa a, aa, LIC=9N0AE-5LEVI-YDXK5-GKK7Z-51IV7-1IPR8
 
Tool Versions:
Toolchain:       MDK-ARM Professional  Version: 5.27.0.0
Toolchain Path:  D:\Keil_v5\ARM\ARMCLANG\Bin
C Compiler:      ArmClang.exe V6.11
Assembler:       Armasm.exe V6.11
Linker/Locator:  ArmLink.exe V6.11
Library Manager: ArmAr.exe V6.11
Hex Converter:   FromElf.exe V6.11
CPU DLL:         SARMCM3.DLL V5.27.0.0
Dialog DLL:      DCM.DLL V1.17.2.0
Target DLL:      CMSIS_AGDI.dll V1.31.9.0
Dialog DLL:      TCM.DLL V1.36.1.0
 
<h2>Project:</h2>
L:\STM\PPJ\STM2023Summer\2023B\Htemplate1\MDK-ARM\ADC_DAC.uvprojx
Project File Date:  08/02/2023

<h2>Output:</h2>
*** Using Compiler 'V6.11', folder: 'D:\Keil_v5\ARM\ARMCLANG\Bin'
Build target 'ADC_DAC'
display.c(9): warning: illegal character encoding in string literal [-Winvalid-source-encoding]
                        USART7PutString("t6.txt=\"<D5><FD><D4>Ú¼<EC><B2><E2>\"\xff\xff\xff");
                                                  ^~~~~~~~~~~~ ~~~~~~~~~~~~
display.c(16): warning: illegal character encoding in string literal [-Winvalid-source-encoding]
                        USART7PutString("t6.txt=\"<BD><E1><B9><FB><B1><A3><B3><D6>\"\xff\xff\xff");
                                                  ^~~~~~~~~~~~~~~~~~~~~~~~~~~~~~~~
display.c(39): warning: illegal character encoding in string literal [-Winvalid-source-encoding]
                        USART7PutString("t3.txt=\"<BF><AA>Â·\"\xff\xff\xff");
                                                  ^~~~~~~~
display.c(46): warning: illegal character encoding in string literal [-Winvalid-source-encoding]
                        USART7PutString("t3.txt=\"<B5><E7><D7><E8>\"\xff\xff\xff");
                                                  ^~~~~~~~~~~~~~~~
display.c(50): warning: illegal character encoding in string literal [-Winvalid-source-encoding]
                        USART7PutString("t4.txt=\"<A6><B8>\"\xff\xff\xff");
                                                  ^~~~~~~~
display.c(57): warning: illegal character encoding in string literal [-Winvalid-source-encoding]
                        USART7PutString("t3.txt=\"<B5><E7><C8><DD>\"\xff\xff\xff");
                                                  ^~~~~~~~~~~~~~~~
6 warnings generated.
compiling display.c...
compiling main.c...
linking...
Program Size: Code=42936 RO-data=752 RW-data=24040 ZI-data=30984  
"ADC_DAC\ADC_DAC.axf" - 0 Error(s), 6 Warning(s).

<h2>Software Packages used:</h2>

Package Vendor: ARM
                http://www.keil.com/pack/ARM.CMSIS.5.4.0.pack
                ARM.CMSIS.5.4.0
                CMSIS (Cortex Microcontroller Software Interface Standard)
   * Component: CORE Version: 5.1.2

Package Vendor: Keil
                http://www.keil.com/pack/Keil.STM32H7xx_DFP.3.0.0.pack
                Keil.STM32H7xx_DFP.3.0.0
                STMicroelectronics STM32H7 Series Device Support and Examples

<h2>Collection of Component include folders:</h2>
  .\RTE\_ADC_DAC
  D:\Keil_v5\ARM\PACK\ARM\CMSIS\5.4.0\CMSIS\Core\Include
  D:\Keil_v5\ARM\PACK\Keil\STM32H7xx_DFP\3.0.0\Drivers\CMSIS\Device\ST\STM32H7xx\Include

<h2>Collection of Component Files used:</h2>

   * Component: ARM::CMSIS:CORE:5.1.2
Build Time Elapsed:  00:00:01
</pre>
</body>
</html>
