Component: ARM Compiler 6.11 Tool: armlink [5d3b3900]

==============================================================================

Section Cross References

    startup_stm32h743xx.o(RESET) refers to startup_stm32h743xx.o(STACK) for __initial_sp
    startup_stm32h743xx.o(RESET) refers to startup_stm32h743xx.o(.text) for Reset_Handler
    startup_stm32h743xx.o(RESET) refers to stm32h7xx_it.o(.text.NMI_Handler) for NMI_Handler
    startup_stm32h743xx.o(RESET) refers to stm32h7xx_it.o(.text.HardFault_Handler) for HardFault_Handler
    startup_stm32h743xx.o(RESET) refers to stm32h7xx_it.o(.text.MemManage_Handler) for MemManage_Handler
    startup_stm32h743xx.o(RESET) refers to stm32h7xx_it.o(.text.BusFault_Handler) for BusFault_Handler
    startup_stm32h743xx.o(RESET) refers to stm32h7xx_it.o(.text.UsageFault_Handler) for UsageFault_Handler
    startup_stm32h743xx.o(RESET) refers to stm32h7xx_it.o(.text.SVC_Handler) for SVC_Handler
    startup_stm32h743xx.o(RESET) refers to stm32h7xx_it.o(.text.DebugMon_Handler) for DebugMon_Handler
    startup_stm32h743xx.o(RESET) refers to stm32h7xx_it.o(.text.PendSV_Handler) for PendSV_Handler
    startup_stm32h743xx.o(RESET) refers to stm32h7xx_it.o(.text.SysTick_Handler) for SysTick_Handler
    startup_stm32h743xx.o(RESET) refers to stm32h7xx_it.o(.text.DMA1_Stream1_IRQHandler) for DMA1_Stream1_IRQHandler
    startup_stm32h743xx.o(RESET) refers to stm32h7xx_it.o(.text.TIM3_IRQHandler) for TIM3_IRQHandler
    startup_stm32h743xx.o(RESET) refers to stm32h7xx_it.o(.text.TIM4_IRQHandler) for TIM4_IRQHandler
    startup_stm32h743xx.o(RESET) refers to stm32h7xx_it.o(.text.DMA2_Stream0_IRQHandler) for DMA2_Stream0_IRQHandler
    startup_stm32h743xx.o(RESET) refers to stm32h7xx_it.o(.text.DMA2_Stream1_IRQHandler) for DMA2_Stream1_IRQHandler
    startup_stm32h743xx.o(RESET) refers to stm32h7xx_it.o(.text.UART7_IRQHandler) for UART7_IRQHandler
    startup_stm32h743xx.o(.text) refers to system_stm32h7xx.o(.text.SystemInit) for SystemInit
    startup_stm32h743xx.o(.text) refers to entry.o(.ARM.Collect$$$$00000000) for __main
    main.o(.text.adc_saopin) refers to adc.o(.text.MX_ADC1_Init) for MX_ADC1_Init
    main.o(.text.adc_saopin) refers to tim.o(.text.Delay_Us) for Delay_Us
    main.o(.text.adc_saopin) refers to adc.o(.bss.hadc1) for hadc1
    main.o(.text.adc_saopin) refers to stm32h7xx_hal_adc_ex.o(.text.HAL_ADCEx_Calibration_Start) for HAL_ADCEx_Calibration_Start
    main.o(.text.adc_saopin) refers to main.o(.rodata.str1.1) for .L.str
    main.o(.text.adc_saopin) refers to printfa.o(i.__0printf) for printf
    main.o(.text.adc_saopin) refers to main.o(.text.Error_Handler) for Error_Handler
    main.o(.text.adc_saopin) refers to main.o(.ARM.__at_0x30020000) for adc1_data
    main.o(.text.adc_saopin) refers to stm32h7xx_hal_adc.o(.text.HAL_ADC_Start_DMA) for HAL_ADC_Start_DMA
    main.o(.text.adc_saopin) refers to tim.o(.bss.htim15) for htim15
    main.o(.text.adc_saopin) refers to stm32h7xx_hal_tim.o(.text.HAL_TIM_Base_Start) for HAL_TIM_Base_Start
    main.o(.text.adc_saopin) refers to main.o(.bss.AdcConvEnd) for AdcConvEnd
    main.o(.text.adc_saopin) refers to stm32h7xx_hal_adc.o(.text.HAL_ADC_DeInit) for HAL_ADC_DeInit
    main.o(.ARM.exidx.text.adc_saopin) refers to main.o(.text.adc_saopin) for [Anonymous Symbol]
    main.o(.ARM.exidx.text.Error_Handler) refers to main.o(.text.Error_Handler) for [Anonymous Symbol]
    main.o(.text.SineWave) refers to main.o(.bss.Dat) for Dat
    main.o(.ARM.exidx.text.SineWave) refers to main.o(.text.SineWave) for [Anonymous Symbol]
    main.o(.text.get1256) refers to ads1256.o(.text.ADS1256GetVolt) for ADS1256GetVolt
    main.o(.ARM.exidx.text.get1256) refers to main.o(.text.get1256) for [Anonymous Symbol]
    main.o(.text.main) refers to main.o(.text.MPU_Config) for MPU_Config
    main.o(.text.main) refers to stm32h7xx_hal.o(.text.HAL_Init) for HAL_Init
    main.o(.text.main) refers to main.o(.text.SystemClock_Config) for SystemClock_Config
    main.o(.text.main) refers to main.o(.text.PeriphCommonClock_Config) for PeriphCommonClock_Config
    main.o(.text.main) refers to gpio.o(.text.MX_GPIO_Init) for MX_GPIO_Init
    main.o(.text.main) refers to dma.o(.text.MX_DMA_Init) for MX_DMA_Init
    main.o(.text.main) refers to tim.o(.text.MX_TIM7_Init) for MX_TIM7_Init
    main.o(.text.main) refers to tim.o(.text.MX_TIM6_Init) for MX_TIM6_Init
    main.o(.text.main) refers to adc.o(.text.MX_ADC1_Init) for MX_ADC1_Init
    main.o(.text.main) refers to usart.o(.text.MX_USART1_UART_Init) for MX_USART1_UART_Init
    main.o(.text.main) refers to adc.o(.text.MX_ADC3_Init) for MX_ADC3_Init
    main.o(.text.main) refers to tim.o(.text.MX_TIM15_Init) for MX_TIM15_Init
    main.o(.text.main) refers to tim.o(.text.MX_TIM1_Init) for MX_TIM1_Init
    main.o(.text.main) refers to usart.o(.text.MX_UART7_Init) for MX_UART7_Init
    main.o(.text.main) refers to tim.o(.text.MX_TIM2_Init) for MX_TIM2_Init
[...]
    DMA1_Stream5_IRQHandler                  0x080002c7   Thumb Code     0  startup_stm32h743xx.o(.text)
    DMA1_Stream6_IRQHandler                  0x080002c7   Thumb Code     0  startup_stm32h743xx.o(.text)
    DMA1_Stream7_IRQHandler                  0x080002c7   Thumb Code     0  startup_stm32h743xx.o(.text)
    DMA2D_IRQHandler                         0x080002c7   Thumb Code     0  startup_stm32h743xx.o(.text)
    DMA2_Stream2_IRQHandler                  0x080002c7   Thumb Code     0  startup_stm32h743xx.o(.text)
    DMA2_Stream3_IRQHandler                  0x080002c7   Thumb Code     0  startup_stm32h743xx.o(.text)
    DMA2_Stream4_IRQHandler                  0x080002c7   Thumb Code     0  startup_stm32h743xx.o(.text)
    DMA2_Stream5_IRQHandler                  0x080002c7   Thumb Code     0  startup_stm32h743xx.o(.text)
    DMA2_Stream6_IRQHandler                  0x080002c7   Thumb Code     0  startup_stm32h743xx.o(.text)
    DMA2_Stream7_IRQHandler                  0x080002c7   Thumb Code     0  startup_stm32h743xx.o(.text)
    DMAMUX1_OVR_IRQHandler                   0x080002c7   Thumb Code     0  startup_stm32h743xx.o(.text)
    DMAMUX2_OVR_IRQHandler                   0x080002c7   Thumb Code     0  startup_stm32h743xx.o(.text)
    ECC_IRQHandler                           0x080002c7   Thumb Code     0  startup_stm32h743xx.o(.text)
    ETH_IRQHandler                           0x080002c7   Thumb Code     0  startup_stm32h743xx.o(.text)
    ETH_WKUP_IRQHandler                      0x080002c7   Thumb Code     0  startup_stm32h743xx.o(.text)
    EXTI0_IRQHandler                         0x080002c7   Thumb Code     0  startup_stm32h743xx.o(.text)
    EXTI15_10_IRQHandler                     0x080002c7   Thumb Code     0  startup_stm32h743xx.o(.text)
    EXTI1_IRQHandler                         0x080002c7   Thumb Code     0  startup_stm32h743xx.o(.text)
    EXTI2_IRQHandler                         0x080002c7   Thumb Code     0  startup_stm32h743xx.o(.text)
    EXTI3_IRQHandler                         0x080002c7   Thumb Code     0  startup_stm32h743xx.o(.text)
    EXTI4_IRQHandler                         0x080002c7   Thumb Code     0  startup_stm32h743xx.o(.text)
    EXTI9_5_IRQHandler                       0x080002c7   Thumb Code     0  startup_stm32h743xx.o(.text)
    FDCAN1_IT0_IRQHandler                    0x080002c7   Thumb Code     0  startup_stm32h743xx.o(.text)
    FDCAN1_IT1_IRQHandler                    0x080002c7   Thumb Code     0  startup_stm32h743xx.o(.text)
    FDCAN2_IT0_IRQHandler                    0x080002c7   Thumb Code     0  startup_stm32h743xx.o(.text)
    FDCAN2_IT1_IRQHandler                    0x080002c7   Thumb Code     0  startup_stm32h743xx.o(.text)
    FDCAN_CAL_IRQHandler                     0x080002c7   Thumb Code     0  startup_stm32h743xx.o(.text)
    FLASH_IRQHandler                         0x080002c7   Thumb Code     0  startup_stm32h743xx.o(.text)
    FMC_IRQHandler                           0x080002c7   Thumb Code     0  startup_stm32h743xx.o(.text)
    FPU_IRQHandler                           0x080002c7   Thumb Code     0  startup_stm32h743xx.o(.text)
    HRTIM1_FLT_IRQHandler                    0x080002c7   Thumb Code     0  startup_stm32h743xx.o(.text)
    HRTIM1_Master_IRQHandler                 0x080002c7   Thumb Code     0  startup_stm32h743xx.o(.text)
    HRTIM1_TIMA_IRQHandler                   0x080002c7   Thumb Code     0  startup_stm32h743xx.o(.text)
    HRTIM1_TIMB_IRQHandler                   0x080002c7   Thumb Code     0  startup_stm32h743xx.o(.text)
    HRTIM1_TIMC_IRQHandler                   0x080002c7   Thumb Code     0  startup_stm32h743xx.o(.text)
    HRTIM1_TIMD_IRQHandler                   0x080002c7   Thumb Code     0  startup_stm32h743xx.o(.text)
    HRTIM1_TIME_IRQHandler                   0x080002c7   Thumb Code     0  startup_stm32h743xx.o(.text)
    HSEM1_IRQHandler                         0x080002c7   Thumb Code     0  startup_stm32h743xx.o(.text)
    I2C1_ER_IRQHandler                       0x080002c7   Thumb Code     0  startup_stm32h743xx.o(.text)
    I2C1_EV_IRQHandler                       0x080002c7   Thumb Code     0  startup_stm32h743xx.o(.text)
    I2C2_ER_IRQHandler                       0x080002c7   Thumb Code     0  startup_stm32h743xx.o(.text)
    I2C2_EV_IRQHandler                       0x080002c7   Thumb Code     0  startup_stm32h743xx.o(.text)
    I2C3_ER_IRQHandler                       0x080002c7   Thumb Code     0  startup_stm32h743xx.o(.text)
    I2C3_EV_IRQHandler                       0x080002c7   Thumb Code     0  startup_stm32h743xx.o(.text)
    I2C4_ER_IRQHandler                       0x080002c7   Thumb Code     0  startup_stm32h743xx.o(.text)
    I2C4_EV_IRQHandler                       0x080002c7   Thumb Code     0  startup_stm32h743xx.o(.text)
    JPEG_IRQHandler                          0x080002c7   Thumb Code     0  startup_stm32h743xx.o(.text)
    LPTIM1_IRQHandler                        0x080002c7   Thumb Code     0  startup_stm32h743xx.o(.text)
    LPTIM2_IRQHandler                        0x080002c7   Thumb Code     0  startup_stm32h743xx.o(.text)
    LPTIM3_IRQHandler                        0x080002c7   Thumb Code     0  startup_stm32h743xx.o(.text)
    LPTIM4_IRQHandler                        0x080002c7   Thumb Code     0  startup_stm32h743xx.o(.text)
    LPTIM5_IRQHandler                        0x080002c7   Thumb Code     0  startup_stm32h743xx.o(.text)
    LPUART1_IRQHandler                       0x080002c7   Thumb Code     0  startup_stm32h743xx.o(.text)
    LTDC_ER_IRQHandler                       0x080002c7   Thumb Code     0  startup_stm32h743xx.o(.text)
    LTDC_IRQHandler                          0x080002c7   Thumb Code     0  startup_stm32h743xx.o(.text)
    MDIOS_IRQHandler                         0x080002c7   Thumb Code     0  startup_stm32h743xx.o(.text)
    MDIOS_WKUP_IRQHandler                    0x080002c7   Thumb Code     0  startup_stm32h743xx.o(.text)
    MDMA_IRQHandler                          0x080002c7   Thumb Code     0  startup_stm32h743xx.o(.text)
    OTG_FS_EP1_IN_IRQHandler                 0x080002c7   Thumb Code     0  startup_stm32h743xx.o(.text)
    OTG_FS_EP1_OUT_IRQHandler                0x080002c7   Thumb Code     0  startup_stm32h743xx.o(.text)
    OTG_FS_IRQHandler                        0x080002c7   Thumb Code     0  startup_stm32h743xx.o(.text)
    OTG_FS_WKUP_IRQHandler                   0x080002c7   Thumb Code     0  startup_stm32h743xx.o(.text)
    OTG_HS_EP1_IN_IRQHandler                 0x080002c7   Thumb Code     0  startup_stm32h743xx.o(.text)
    OTG_HS_EP1_OUT_IRQHandler                0x080002c7   Thumb Code     0  startup_stm32h743xx.o(.text)
    OTG_HS_IRQHandler                        0x080002c7   Thumb Code     0  startup_stm32h743xx.o(.text)
    OTG_HS_WKUP_IRQHandler                   0x080002c7   Thumb Code     0  startup_stm32h743xx.o(.text)
    PVD_AVD_IRQHandler                       0x080002c7   Thumb Code     0  startup_stm32h743xx.o(.text)
    QUADSPI_IRQHandler                       0x080002c7   Thumb Code     0  startup_stm32h743xx.o(.text)
    RCC_IRQHandler                           0x080002c7   Thumb Code     0  startup_stm32h743xx.o(.text)
    RNG_IRQHandler                           0x080002c7   Thumb Code     0  startup_stm32h743xx.o(.text)
    RTC_Alarm_IRQHandler                     0x080002c7   Thumb Code     0  startup_stm32h743xx.o(.text)
    RTC_WKUP_IRQHandler                      0x080002c7   Thumb Code     0  startup_stm32h743xx.o(.text)
    SAI1_IRQHandler                          0x080002c7   Thumb Code     0  startup_stm32h743xx.o(.text)
    SAI2_IRQHandler                          0x080002c7   Thumb Code     0  startup_stm32h743xx.o(.text)
    SAI3_IRQHandler                          0x080002c7   Thumb Code     0  startup_stm32h743xx.o(.text)
    SAI4_IRQHandler                          0x080002c7   Thumb Code     0  startup_stm32h743xx.o(.text)
    SDMMC1_IRQHandler                        0x080002c7   Thumb Code     0  startup_stm32h743xx.o(.text)
    SDMMC2_IRQHandler                        0x080002c7   Thumb Code     0  startup_stm32h743xx.o(.text)
    SPDIF_RX_IRQHandler                      0x080002c7   Thumb Code     0  startup_stm32h743xx.o(.text)
    SPI1_IRQHandler                          0x080002c7   Thumb Code     0  startup_stm32h743xx.o(.text)
    SPI2_IRQHandler                          0x080002c7   Thumb Code     0  startup_stm32h743xx.o(.text)
    SPI3_IRQHandler                          0x080002c7   Thumb Code     0  startup_stm32h743xx.o(.text)
    SPI4_IRQHandler                          0x080002c7   Thumb Code     0  startup_stm32h743xx.o(.text)
    SPI5_IRQHandler                          0x080002c7   Thumb Code     0  startup_stm32h743xx.o(.text)
    SPI6_IRQHandler                          0x080002c7   Thumb Code     0  startup_stm32h743xx.o(.text)
    SWPMI1_IRQHandler                        0x080002c7   Thumb Code     0  startup_stm32h743xx.o(.text)
    TAMP_STAMP_IRQHandler                    0x080002c7   Thumb Code     0  startup_stm32h743xx.o(.text)
    TIM15_IRQHandler                         0x080002c7   Thumb Code     0  startup_stm32h743xx.o(.text)
    TIM16_IRQHandler                         0x080002c7   Thumb Code     0  startup_stm32h743xx.o(.text)
    TIM17_IRQHandler                         0x080002c7   Thumb Code     0  startup_stm32h743xx.o(.text)
    TIM1_BRK_IRQHandler                      0x080002c7   Thumb Code     0  startup_stm32h743xx.o(.text)
    TIM1_CC_IRQHandler                       0x080002c7   Thumb Code     0  startup_stm32h743xx.o(.text)
    TIM1_TRG_COM_IRQHandler                  0x080002c7   Thumb Code     0  startup_stm32h743xx.o(.text)
    TIM1_UP_IRQHandler                       0x080002c7   Thumb Code     0  startup_stm32h743xx.o(.text)
    TIM2_IRQHandler                          0x080002c7   Thumb Code     0  startup_stm32h743xx.o(.text)
    TIM5_IRQHandler                          0x080002c7   Thumb Code     0  startup_stm32h743xx.o(.text)
    TIM6_DAC_IRQHandler                      0x080002c7   Thumb Code     0  startup_stm32h743xx.o(.text)
    TIM7_IRQHandler                          0x080002c7   Thumb Code     0  startup_stm32h743xx.o(.text)
    TIM8_BRK_TIM12_IRQHandler                0x080002c7   Thumb Code     0  startup_stm32h743xx.o(.text)
    TIM8_CC_IRQHandler                       0x080002c7   Thumb Code     0  startup_stm32h743xx.o(.text)
    TIM8_TRG_COM_TIM14_IRQHandler            0x080002c7   Thumb Code     0  startup_stm32h743xx.o(.text)
    TIM8_UP_TIM13_IRQHandler                 0x080002c7   Thumb Code     0  startup_stm32h743xx.o(.text)
    UART4_IRQHandler                         0x080002c7   Thumb Code     0  startup_stm32h743xx.o(.text)
    UART5_IRQHandler                         0x080002c7   Thumb Code     0  startup_stm32h743xx.o(.text)
    UART8_IRQHandler                         0x080002c7   Thumb Code     0  startup_stm32h743xx.o(.text)
    USART1_IRQHandler                        0x080002c7   Thumb Code     0  startup_stm32h743xx.o(.text)
    USART2_IRQHandler                        0x080002c7   Thumb Code     0  startup_stm32h743xx.o(.text)
    USART3_IRQHandler                        0x080002c7   Thumb Code     0  startup_stm32h743xx.o(.text)
    USART6_IRQHandler                        0x080002c7   Thumb Code     0  startup_stm32h743xx.o(.text)
    WAKEUP_PIN_IRQHandler                    0x080002c7   Thumb Code     0  startup_stm32h743xx.o(.text)
    WWDG_IRQHandler                          0x080002c7   Thumb Code     0  startup_stm32h743xx.o(.text)
    __aeabi_uldivmod                         0x080002d1   Thumb Code    98  uldiv.o(.text)
    __aeabi_memset                           0x08000333   Thumb Code    14  memseta.o(.text)
    __aeabi_memset4                          0x08000333   Thumb Code     0  memseta.o(.text)
    __aeabi_memset8                          0x08000333   Thumb Code     0  memseta.o(.text)
    __aeabi_memclr                           0x08000341   Thumb Code     4  memseta.o(.text)
    __aeabi_memclr4                          0x08000341   Thumb Code     0  memseta.o(.text)
    __aeabi_memclr8                          0x08000341   Thumb Code     0  memseta.o(.text)
    _memset$wrapper                          0x08000345   Thumb Code    18  memseta.o(.text)
    __aeabi_uidiv                            0x08000357   Thumb Code     0  uidiv.o(.text)
    __aeabi_uidivmod                         0x08000357   Thumb Code    44  uidiv.o(.text)
    __aeabi_llsl                             0x08000383   Thumb Code    30  llshl.o(.text)
    _ll_shift_l                              0x08000383   Thumb Code     0  llshl.o(.text)
    __aeabi_llsr                             0x080003a1   Thumb Code    32  llushr.o(.text)
    _ll_ushift_r                             0x080003a1   Thumb Code     0  llushr.o(.text)
    __I$use$fp                               0x080003c1   Thumb Code     0  iusefp.o(.text)
    _frnd                                    0x080003c1   Thumb Code    60  frnd.o(.text)
    __aeabi_dadd                             0x080003fd   Thumb Code   322  dadd.o(.text)
    __aeabi_dsub                             0x0800053f   Thumb Code     6  dadd.o(.text)
    __aeabi_drsub                            0x08000545   Thumb Code     6  dadd.o(.text)
    __aeabi_dmul                             0x0800054b   Thumb Code   228  dmul.o(.text)
    __aeabi_ddiv                             0x0800062f   Thumb Code   222  ddiv.o(.text)
    __aeabi_d2ulz                            0x0800070d   Thumb Code    48  dfixul.o(.text)
    __aeabi_cdrcmple                         0x0800073d   Thumb Code    48  cdrcmple.o(.text)
    __scatterload                            0x0800076d   Thumb Code    28  init.o(.text)
    __scatterload_rt2                        0x0800076d   Thumb Code     0  init.o(.text)
    __aeabi_lasr                             0x08000791   Thumb Code    36  llsshr.o(.text)
    _ll_sshift_r                             0x08000791   Thumb Code     0  llsshr.o(.text)
    _float_round                             0x080007b5   Thumb Code    18  fepilogue.o(.text)
    _float_epilogue                          0x080007c7   Thumb Code    92  fepilogue.o(.text)
    _double_round                            0x08000823   Thumb Code    30  depilogue.o(.text)
    _double_epilogue                         0x08000841   Thumb Code   156  depilogue.o(.text)
    __decompress                             0x080008dd   Thumb Code     0  __dczerorl2.o(.text)
    __decompress1                            0x080008dd   Thumb Code    86  __dczerorl2.o(.text)
    AD9910_IO_init                           0x08000939   Thumb Code   446  ad9910.o(.text.AD9910_IO_init)
    ADC_ConfigureBoostMode                   0x08000af9   Thumb Code   540  stm32h7xx_hal_adc.o(.text.ADC_ConfigureBoostMode)
    ADF4351Init                              0x08000d19   Thumb Code   232  adf4351.o(.text.ADF4351Init)
    ADF4351WriteFreq                         0x08000e01   Thumb Code   684  adf4351.o(.text.ADF4351WriteFreq)
    ADF_Output_GPIOInit                      0x080010b1   Thumb Code   158  adf4351.o(.text.ADF_Output_GPIOInit)
    ADS1256GetVolt                           0x08001151   Thumb Code   900  ads1256.o(.text.ADS1256GetVolt)
    ADS1256ReadData                          0x080014d9   Thumb Code   218  ads1256.o(.text.ADS1256ReadData)
    ADS1256WREG                              0x080015b9   Thumb Code   112  ads1256.o(.text.ADS1256WREG)
    ADS1256_Delay                            0x08001629   Thumb Code    10  ads1256.o(.text.ADS1256_Delay)
    ADS1256_Init                             0x08001639   Thumb Code   546  ads1256.o(.text.ADS1256_Init)
    ADS1256_Read_8Bits                       0x08001861   Thumb Code   132  ads1256.o(.text.ADS1256_Read_8Bits)
    ADS1256_Write_8Bits                      0x080018e9   Thumb Code   146  ads1256.o(.text.ADS1256_Write_8Bits)
    BusFault_Handler                         0x08001981   Thumb Code     4  stm32h7xx_it.o(.text.BusFault_Handler)
    DAC_DMAConvCpltCh1                       0x08001989   Thumb Code    32  stm32h7xx_hal_dac.o(.text.DAC_DMAConvCpltCh1)
    DAC_DMAConvCpltCh2                       0x080019a9   Thumb Code    32  stm32h7xx_hal_dac_ex.o(.text.DAC_DMAConvCpltCh2)
    DAC_DMAErrorCh1                          0x080019c9   Thumb Code    42  stm32h7xx_hal_dac.o(.text.DAC_DMAErrorCh1)
    DAC_DMAErrorCh2                          0x080019f9   Thumb Code    42  stm32h7xx_hal_dac_ex.o(.text.DAC_DMAErrorCh2)
    DAC_DMAHalfConvCpltCh1                   0x08001a29   Thumb Code    26  stm32h7xx_hal_dac.o(.text.DAC_DMAHalfConvCpltCh1)
    DAC_DMAHalfConvCpltCh2                   0x08001a49   Thumb Code    26  stm32h7xx_hal_dac_ex.o(.text.DAC_DMAHalfConvCpltCh2)
    DMA1_Stream1_IRQHandler                  0x08001a69   Thumb Code    16  stm32h7xx_it.o(.text.DMA1_Stream1_IRQHandler)
    DMA2_Stream0_IRQHandler                  0x08001a79   Thumb Code    16  stm32h7xx_it.o(.text.DMA2_Stream0_IRQHandler)
    DMA2_Stream1_IRQHandler                  0x08001a89   Thumb Code    16  stm32h7xx_it.o(.text.DMA2_Stream1_IRQHandler)
    DebugMon_Handler                         0x08002561   Thumb Code     2  stm32h7xx_it.o(.text.DebugMon_Handler)
    Delay_Ms                                 0x08002569   Thumb Code    52  tim.o(.text.Delay_Ms)
    Delay_Us                                 0x080025a1   Thumb Code    98  tim.o(.text.Delay_Us)
    Error_Handler                            0x08002609   Thumb Code    14  main.o(.text.Error_Handler)
    Freq_convert                             0x08002619   Thumb Code   112  ad9910.o(.text.Freq_convert)
    HAL_ADCEx_MultiModeConfigChannel         0x08002689   Thumb Code   682  stm32h7xx_hal_adc_ex.o(.text.HAL_ADCEx_MultiModeConfigChannel)
    HAL_ADC_ConfigChannel                    0x08002939   Thumb Code  2182  stm32h7xx_hal_adc.o(.text.HAL_ADC_ConfigChannel)
    HAL_ADC_Init                             0x080031c1   Thumb Code  1008  stm32h7xx_hal_adc.o(.text.HAL_ADC_Init)
    HAL_ADC_MspInit                          0x080035b1   Thumb Code   442  adc.o(.text.HAL_ADC_MspInit)
    HAL_DACEx_ConvCpltCallbackCh2            0x08003771   Thumb Code    12  stm32h7xx_hal_dac_ex.o(.text.HAL_DACEx_ConvCpltCallbackCh2)
    HAL_DACEx_ConvHalfCpltCallbackCh2        0x08003781   Thumb Code    12  stm32h7xx_hal_dac_ex.o(.text.HAL_DACEx_ConvHalfCpltCallbackCh2)
    HAL_DACEx_ErrorCallbackCh2               0x08003791   Thumb Code    12  stm32h7xx_hal_dac_ex.o(.text.HAL_DACEx_ErrorCallbackCh2)
    HAL_DAC_ConfigChannel                    0x080037a1   Thumb Code   728  stm32h7xx_hal_dac.o(.text.HAL_DAC_ConfigChannel)
    HAL_DAC_ConvCpltCallbackCh1              0x08003a79   Thumb Code    12  stm32h7xx_hal_dac.o(.text.HAL_DAC_ConvCpltCallbackCh1)
    HAL_DAC_ConvHalfCpltCallbackCh1          0x08003a89   Thumb Code    12  stm32h7xx_hal_dac.o(.text.HAL_DAC_ConvHalfCpltCallbackCh1)
    HAL_DAC_ErrorCallbackCh1                 0x08003a99   Thumb Code    12  stm32h7xx_hal_dac.o(.text.HAL_DAC_ErrorCallbackCh1)
    HAL_DAC_Init                             0x08003aa9   Thumb Code    82  stm32h7xx_hal_dac.o(.text.HAL_DAC_Init)
    HAL_DAC_MspInit                          0x08003b01   Thumb Code   238  dac.o(.text.HAL_DAC_MspInit)
    HAL_DAC_Start_DMA                        0x08003bf1   Thumb Code   460  stm32h7xx_hal_dac.o(.text.HAL_DAC_Start_DMA)
    HAL_DMA_Abort                            0x08003dc1   Thumb Code  2458  stm32h7xx_hal_dma.o(.text.HAL_DMA_Abort)
    HAL_DMA_Abort_IT                         0x08004761   Thumb Code  1736  stm32h7xx_hal_dma.o(.text.HAL_DMA_Abort_IT)
    HAL_DMA_IRQHandler                       0x08004e29   Thumb Code  4666  stm32h7xx_hal_dma.o(.text.HAL_DMA_IRQHandler)
    HAL_DMA_Init                             0x08006069   Thumb Code  2452  stm32h7xx_hal_dma.o(.text.HAL_DMA_Init)
    HAL_DMA_Start_IT                         0x08006a01   Thumb Code  1842  stm32h7xx_hal_dma.o(.text.HAL_DMA_Start_IT)
    HAL_Delay                                0x08007139   Thumb Code    78  stm32h7xx_hal.o(.text.HAL_Delay)
    HAL_GPIO_Init                            0x08007189   Thumb Code   986  stm32h7xx_hal_gpio.o(.text.HAL_GPIO_Init)
    HAL_GPIO_ReadPin                         0x08007569   Thumb Code    54  stm32h7xx_hal_gpio.o(.text.HAL_GPIO_ReadPin)
    HAL_GPIO_WritePin                        0x080075a1   Thumb Code    66  stm32h7xx_hal_gpio.o(.text.HAL_GPIO_WritePin)
    HAL_GetREVID                             0x080075e9   Thumb Code    14  stm32h7xx_hal.o(.text.HAL_GetREVID)
    HAL_GetTick                              0x080075f9   Thumb Code    12  stm32h7xx_hal.o(.text.HAL_GetTick)
    HAL_IncTick                              0x08007609   Thumb Code    26  stm32h7xx_hal.o(.text.HAL_IncTick)
    HAL_Init                                 0x08007629   Thumb Code   130  stm32h7xx_hal.o(.text.HAL_Init)
    HAL_InitTick                             0x080076b1   Thumb Code   142  stm32h7xx_hal.o(.text.HAL_InitTick)
    HAL_MPU_ConfigRegion                     0x08007741   Thumb Code   148  stm32h7xx_hal_cortex.o(.text.HAL_MPU_ConfigRegion)
    HAL_MPU_Disable                          0x080077d9   Thumb Code    34  stm32h7xx_hal_cortex.o(.text.HAL_MPU_Disable)
    HAL_MPU_Enable                           0x08007801   Thumb Code    52  stm32h7xx_hal_cortex.o(.text.HAL_MPU_Enable)
    HAL_MspInit                              0x08007839   Thumb Code    38  stm32h7xx_hal_msp.o(.text.HAL_MspInit)
    HAL_NVIC_EnableIRQ                       0x08007861   Thumb Code    24  stm32h7xx_hal_cortex.o(.text.HAL_NVIC_EnableIRQ)
    HAL_NVIC_SetPriority                     0x08007879   Thumb Code    72  stm32h7xx_hal_cortex.o(.text.HAL_NVIC_SetPriority)
    HAL_NVIC_SetPriorityGrouping             0x080078c1   Thumb Code    20  stm32h7xx_hal_cortex.o(.text.HAL_NVIC_SetPriorityGrouping)
    HAL_PWREx_ConfigSupply                   0x080078d9   Thumb Code   170  stm32h7xx_hal_pwr_ex.o(.text.HAL_PWREx_ConfigSupply)
    HAL_RCCEx_GetD3PCLK1Freq                 0x08007989   Thumb Code    42  stm32h7xx_hal_rcc_ex.o(.text.HAL_RCCEx_GetD3PCLK1Freq)
    HAL_RCCEx_GetPLL1ClockFreq               0x080079b9   Thumb Code   692  stm32h7xx_hal_rcc_ex.o(.text.HAL_RCCEx_GetPLL1ClockFreq)
    HAL_RCCEx_GetPLL2ClockFreq               0x08007c71   Thumb Code   692  stm32h7xx_hal_rcc_ex.o(.text.HAL_RCCEx_GetPLL2ClockFreq)
    HAL_RCCEx_GetPLL3ClockFreq               0x08007f29   Thumb Code   692  stm32h7xx_hal_rcc_ex.o(.text.HAL_RCCEx_GetPLL3ClockFreq)
    HAL_RCCEx_GetPeriphCLKFreq               0x080081e1   Thumb Code  3204  stm32h7xx_hal_rcc_ex.o(.text.HAL_RCCEx_GetPeriphCLKFreq)
    HAL_RCCEx_PeriphCLKConfig                0x08008e69   Thumb Code  4374  stm32h7xx_hal_rcc_ex.o(.text.HAL_RCCEx_PeriphCLKConfig)
    HAL_RCC_ClockConfig                      0x08009f81   Thumb Code  1194  stm32h7xx_hal_rcc.o(.text.HAL_RCC_ClockConfig)
    HAL_RCC_GetHCLKFreq                      0x0800a431   Thumb Code    88  stm32h7xx_hal_rcc.o(.text.HAL_RCC_GetHCLKFreq)
    HAL_RCC_GetPCLK1Freq                     0x0800a489   Thumb Code    42  stm32h7xx_hal_rcc.o(.text.HAL_RCC_GetPCLK1Freq)
    HAL_RCC_GetPCLK2Freq                     0x0800a4b9   Thumb Code    42  stm32h7xx_hal_rcc.o(.text.HAL_RCC_GetPCLK2Freq)
    HAL_RCC_GetSysClockFreq                  0x0800a4e9   Thumb Code   788  stm32h7xx_hal_rcc.o(.text.HAL_RCC_GetSysClockFreq)
    HAL_RCC_OscConfig                        0x0800a801   Thumb Code  3006  stm32h7xx_hal_rcc.o(.text.HAL_RCC_OscConfig)
    HAL_SYSTICK_Config                       0x0800b3c1   Thumb Code    20  stm32h7xx_hal_cortex.o(.text.HAL_SYSTICK_Config)
    HAL_TIMEx_Break2Callback                 0x0800b3d9   Thumb Code    12  stm32h7xx_hal_tim_ex.o(.text.HAL_TIMEx_Break2Callback)
    HAL_TIMEx_BreakCallback                  0x0800b3e9   Thumb Code    12  stm32h7xx_hal_tim_ex.o(.text.HAL_TIMEx_BreakCallback)
    HAL_TIMEx_CommutCallback                 0x0800b3f9   Thumb Code    12  stm32h7xx_hal_tim_ex.o(.text.HAL_TIMEx_CommutCallback)
    HAL_TIMEx_MasterConfigSynchronization    0x0800b409   Thumb Code   352  stm32h7xx_hal_tim_ex.o(.text.HAL_TIMEx_MasterConfigSynchronization)
    HAL_TIM_Base_Init                        0x0800b569   Thumb Code   182  stm32h7xx_hal_tim.o(.text.HAL_TIM_Base_Init)
    HAL_TIM_Base_MspInit                     0x0800b621   Thumb Code   422  tim.o(.text.HAL_TIM_Base_MspInit)
    HAL_TIM_Base_Start                       0x0800b7c9   Thumb Code   252  stm32h7xx_hal_tim.o(.text.HAL_TIM_Base_Start)
    HAL_TIM_Base_Stop                        0x0800b8c9   Thumb Code    74  stm32h7xx_hal_tim.o(.text.HAL_TIM_Base_Stop)
    HAL_TIM_ConfigClockSource                0x0800b919   Thumb Code   504  stm32h7xx_hal_tim.o(.text.HAL_TIM_ConfigClockSource)
    HAL_TIM_IC_CaptureCallback               0x0800bb11   Thumb Code    12  stm32h7xx_hal_tim.o(.text.HAL_TIM_IC_CaptureCallback)
    HAL_TIM_IRQHandler                       0x0800bb21   Thumb Code   704  stm32h7xx_hal_tim.o(.text.HAL_TIM_IRQHandler)
    HAL_TIM_MspPostInit                      0x0800bde1   Thumb Code   110  tim.o(.text.HAL_TIM_MspPostInit)
    HAL_TIM_OC_DelayElapsedCallback          0x0800be51   Thumb Code    12  stm32h7xx_hal_tim.o(.text.HAL_TIM_OC_DelayElapsedCallback)
    HAL_TIM_PWM_ConfigChannel                0x0800be61   Thumb Code   466  stm32h7xx_hal_tim.o(.text.HAL_TIM_PWM_ConfigChannel)
    HAL_TIM_PWM_Init                         0x0800c039   Thumb Code   182  stm32h7xx_hal_tim.o(.text.HAL_TIM_PWM_Init)
    HAL_TIM_PWM_MspInit                      0x0800c0f1   Thumb Code    12  stm32h7xx_hal_tim.o(.text.HAL_TIM_PWM_MspInit)
    HAL_TIM_PWM_PulseFinishedCallback        0x0800c101   Thumb Code    12  stm32h7xx_hal_tim.o(.text.HAL_TIM_PWM_PulseFinishedCallback)
    HAL_TIM_PWM_Start                        0x0800c111   Thumb Code   654  stm32h7xx_hal_tim.o(.text.HAL_TIM_PWM_Start)
    HAL_TIM_PeriodElapsedCallback            0x0800c3a1   Thumb Code    12  stm32h7xx_hal_tim.o(.text.HAL_TIM_PeriodElapsedCallback)
    HAL_TIM_TriggerCallback                  0x0800c3b1   Thumb Code    12  stm32h7xx_hal_tim.o(.text.HAL_TIM_TriggerCallback)
    HAL_UARTEx_DisableFifoMode               0x0800c3c1   Thumb Code   128  stm32h7xx_hal_uart_ex.o(.text.HAL_UARTEx_DisableFifoMode)
    HAL_UARTEx_RxEventCallback               0x0800c441   Thumb Code    20  stm32h7xx_hal_uart.o(.text.HAL_UARTEx_RxEventCallback)
    HAL_UARTEx_RxFifoFullCallback            0x0800c459   Thumb Code    12  stm32h7xx_hal_uart_ex.o(.text.HAL_UARTEx_RxFifoFullCallback)
    HAL_UARTEx_SetRxFifoThreshold            0x0800c469   Thumb Code   148  stm32h7xx_hal_uart_ex.o(.text.HAL_UARTEx_SetRxFifoThreshold)
    HAL_UARTEx_SetTxFifoThreshold            0x0800c501   Thumb Code   148  stm32h7xx_hal_uart_ex.o(.text.HAL_UARTEx_SetTxFifoThreshold)
    HAL_UARTEx_TxFifoEmptyCallback           0x0800c599   Thumb Code    12  stm32h7xx_hal_uart_ex.o(.text.HAL_UARTEx_TxFifoEmptyCallback)
    HAL_UARTEx_WakeupCallback                0x0800c5a9   Thumb Code    12  stm32h7xx_hal_uart_ex.o(.text.HAL_UARTEx_WakeupCallback)
    HAL_UART_ErrorCallback                   0x0800c5b9   Thumb Code    12  stm32h7xx_hal_uart.o(.text.HAL_UART_ErrorCallback)
    HAL_UART_IRQHandler                      0x0800c5c9   Thumb Code  1766  stm32h7xx_hal_uart.o(.text.HAL_UART_IRQHandler)
    HAL_UART_Init                            0x0800ccb1   Thumb Code   182  stm32h7xx_hal_uart.o(.text.HAL_UART_Init)
    HAL_UART_MspInit                         0x0800cd69   Thumb Code   354  usart.o(.text.HAL_UART_MspInit)
    HAL_UART_Receive_IT                      0x0800ced1   Thumb Code   180  stm32h7xx_hal_uart.o(.text.HAL_UART_Receive_IT)
    HAL_UART_RxCpltCallback                  0x0800cf89   Thumb Code    12  stm32h7xx_hal_uart.o(.text.HAL_UART_RxCpltCallback)
    HAL_UART_Transmit                        0x0800cf99   Thumb Code   346  stm32h7xx_hal_uart.o(.text.HAL_UART_Transmit)
    HAL_UART_TxCpltCallback                  0x0800d0f9   Thumb Code    12  stm32h7xx_hal_uart.o(.text.HAL_UART_TxCpltCallback)
    HardFault_Handler                        0x0800d109   Thumb Code     4  stm32h7xx_it.o(.text.HardFault_Handler)
    Init_ad9910                              0x0800d111   Thumb Code   204  ad9910.o(.text.Init_ad9910)
    MX_ADC1_Init                             0x0800d5a9   Thumb Code   218  adc.o(.text.MX_ADC1_Init)
    MX_ADC3_Init                             0x0800d689   Thumb Code   162  adc.o(.text.MX_ADC3_Init)
    MX_DAC1_Init                             0x0800d731   Thumb Code    96  dac.o(.text.MX_DAC1_Init)
    MX_DMA_Init                              0x0800d791   Thumb Code   128  dma.o(.text.MX_DMA_Init)
    MX_GPIO_Init                             0x0800d811   Thumb Code   420  gpio.o(.text.MX_GPIO_Init)
    MX_TIM15_Init                            0x0800d9b9   Thumb Code   144  tim.o(.text.MX_TIM15_Init)
    MX_TIM1_Init                             0x0800da49   Thumb Code   144  tim.o(.text.MX_TIM1_Init)
    MX_TIM2_Init                             0x0800dad9   Thumb Code   136  tim.o(.text.MX_TIM2_Init)
    MX_TIM3_Init                             0x0800db61   Thumb Code   140  tim.o(.text.MX_TIM3_Init)
    MX_TIM4_Init                             0x0800dbf1   Thumb Code   238  tim.o(.text.MX_TIM4_Init)
    MX_TIM6_Init                             0x0800dce1   Thumb Code   102  tim.o(.text.MX_TIM6_Init)
    MX_TIM7_Init                             0x0800dd49   Thumb Code    98  tim.o(.text.MX_TIM7_Init)
    MX_UART7_Init                            0x0800ddb1   Thumb Code   170  usart.o(.text.MX_UART7_Init)
    MX_USART1_UART_Init                      0x0800de61   Thumb Code   142  usart.o(.text.MX_USART1_UART_Init)
    MemManage_Handler                        0x0800def1   Thumb Code     4  stm32h7xx_it.o(.text.MemManage_Handler)
    NMI_Handler                              0x0800def9   Thumb Code     4  stm32h7xx_it.o(.text.NMI_Handler)
    PendSV_Handler                           0x0800df81   Thumb Code     2  stm32h7xx_it.o(.text.PendSV_Handler)
    PeriphCommonClock_Config                 0x0800df89   Thumb Code    74  main.o(.text.PeriphCommonClock_Config)
    QuickSort                                0x0800dfd9   Thumb Code   200  measure.o(.text.QuickSort)
    SVC_Handler                              0x0800e451   Thumb Code     2  stm32h7xx_it.o(.text.SVC_Handler)
    SineWave                                 0x0800e459   Thumb Code    58  main.o(.text.SineWave)
    SysTick_Handler                          0x0800e4f9   Thumb Code     8  stm32h7xx_it.o(.text.SysTick_Handler)
    SystemClock_Config                       0x0800e501   Thumb Code   354  main.o(.text.SystemClock_Config)
    SystemInit                               0x0800e669   Thumb Code   346  system_stm32h7xx.o(.text.SystemInit)
    TIM3_IRQHandler                          0x0800e7c9   Thumb Code    16  stm32h7xx_it.o(.text.TIM3_IRQHandler)
    TIM4_IRQHandler                          0x0800e7d9   Thumb Code    16  stm32h7xx_it.o(.text.TIM4_IRQHandler)
    TIM_Base_SetConfig                       0x0800e7e9   Thumb Code   418  stm32h7xx_hal_tim.o(.text.TIM_Base_SetConfig)
    TIM_CCxChannelCmd                        0x0800e991   Thumb Code    74  stm32h7xx_hal_tim.o(.text.TIM_CCxChannelCmd)
    TIM_ETR_SetConfig                        0x0800e9e1   Thumb Code    74  stm32h7xx_hal_tim.o(.text.TIM_ETR_SetConfig)
    TIM_OC2_SetConfig                        0x0800ebc1   Thumb Code   378  stm32h7xx_hal_tim.o(.text.TIM_OC2_SetConfig)
    TxCFR                                    0x0800f229   Thumb Code   370  ad9910.o(.text.TxCFR)
    Txprofile                                0x0800f3a1   Thumb Code   170  ad9910.o(.text.Txprofile)
    UART7_IRQHandler                         0x0800f451   Thumb Code   442  stm32h7xx_it.o(.text.UART7_IRQHandler)
    UART_AdvFeatureConfig                    0x0800f6a1   Thumb Code   318  stm32h7xx_hal_uart.o(.text.UART_AdvFeatureConfig)
    UART_CheckIdleState                      0x0800f7e1   Thumb Code   334  stm32h7xx_hal_uart.o(.text.UART_CheckIdleState)
    UART_SetConfig                           0x08010391   Thumb Code  2364  stm32h7xx_hal_uart.o(.text.UART_SetConfig)
    UART_Start_Receive_IT                    0x08010cd1   Thumb Code   580  stm32h7xx_hal_uart.o(.text.UART_Start_Receive_IT)
    UART_WaitOnFlagUntilTimeout              0x08010f19   Thumb Code   282  stm32h7xx_hal_uart.o(.text.UART_WaitOnFlagUntilTimeout)
    USART7PutString                          0x08011039   Thumb Code    66  usart.o(.text.USART7PutString)
    UsageFault_Handler                       0x08011081   Thumb Code     4  stm32h7xx_it.o(.text.UsageFault_Handler)
    WriteOneRegToADF4351                     0x08011089   Thumb Code    58  adf4351.o(.text.WriteOneRegToADF4351)
    WriteToADF4351                           0x080110c9   Thumb Code   376  adf4351.o(.text.WriteToADF4351)
    Write_Amplitude                          0x08011241   Thumb Code    96  ad9910.o(.text.Write_Amplitude)
    cal_length                               0x08011379   Thumb Code  1180  measure.o(.text.cal_length)
    calculate_slope                          0x08011819   Thumb Code   262  measure.o(.text.calculate_slope)
    calibration_show                         0x08011921   Thumb Code    84  display.o(.text.calibration_show)
    fputc                                    0x08011979   Thumb Code    52  usart.o(.text.fputc)
    get1256                                  0x080119b1   Thumb Code    34  main.o(.text.get1256)
    get_K                                    0x080119d9   Thumb Code  1844  measure.o(.text.get_K)
    length_scope                             0x08012111   Thumb Code   552  measure.o(.text.length_scope)
    main                                     0x08012339   Thumb Code  1348  main.o(.text.main)
    scope_judge                              0x08012881   Thumb Code   308  measure.o(.text.scope_judge)
    show_length                              0x080129b9   Thumb Code    84  display.o(.text.show_length)
    swap                                     0x08012a11   Thumb Code    50  measure.o(.text.swap)
    txd_8bit                                 0x08012a49   Thumb Code   164  ad9910.o(.text.txd_8bit)
    workstate                                0x08012af1   Thumb Code   102  display.o(.text.workstate)
    __0printf                                0x08012b59   Thumb Code    22  printfa.o(i.__0printf)
    __1printf                                0x08012b59   Thumb Code     0  printfa.o(i.__0printf)
    __2printf                                0x08012b59   Thumb Code     0  printfa.o(i.__0printf)
    __c89printf                              0x08012b59   Thumb Code     0  printfa.o(i.__0printf)
    printf                                   0x08012b59   Thumb Code     0  printfa.o(i.__0printf)
    __0sprintf                               0x08012b79   Thumb Code    34  printfa.o(i.__0sprintf)
    __1sprintf                               0x08012b79   Thumb Code     0  printfa.o(i.__0sprintf)
    __2sprintf                               0x08012b79   Thumb Code     0  printfa.o(i.__0sprintf)
    __c89sprintf                             0x08012b79   Thumb Code     0  printfa.o(i.__0sprintf)
    sprintf                                  0x08012b79   Thumb Code     0  printfa.o(i.__0sprintf)
    __hardfp_roundf                          0x08012ba1   Thumb Code   154  roundf.o(i.__hardfp_roundf)
    __scatterload_copy                       0x08012c3b   Thumb Code    14  handlers.o(i.__scatterload_copy)
    __scatterload_null                       0x08012c49   Thumb Code     2  handlers.o(i.__scatterload_null)
    __scatterload_zeroinit                   0x08012c4b   Thumb Code    14  handlers.o(i.__scatterload_zeroinit)
    D1CorePrescTable                         0x08013514   Data          16  system_stm32h7xx.o(.rodata.D1CorePrescTable)
    UARTPrescTable                           0x0801353c   Data          24  stm32h7xx_hal_uart.o(.rodata.UARTPrescTable)
    Region$$Table$$Base                      0x080135c0   Number         0  anon$$obj.o(Region$$Table)
    Region$$Table$$Limit                     0x080135e0   Number         0  anon$$obj.o(Region$$Table)
    __stdout                                 0x20000000   Data           4  stdout.o(.data)
    Assist_DAC                               0x20000004   Data           4  ad9910.o(.data.Assist_DAC)
    CFR1                                     0x20000008   Data           4  ad9910.o(.data.CFR1)
    CFR3                                     0x2000000c   Data           4  ad9910.o(.data.CFR3)
    M10_END                                  0x20000010   Data          40  main.o(.data.M10_END)
    M10_K                                    0x20000038   Data          40  main.o(.data.M10_K)
    M10_START                                0x20000060   Data          40  main.o(.data.M10_START)
    M10_fre_start                            0x20000088   Data           4  main.o(.data.M10_fre_start)
    M14_END                                  0x2000008c   Data          40  main.o(.data.M14_END)
    M14_K                                    0x200000b4   Data          40  main.o(.data.M14_K)
    M14_START                                0x200000dc   Data          40  main.o(.data.M14_START)
    M14_fre_start                            0x20000104   Data           4  main.o(.data.M14_fre_start)
    M18_END                                  0x20000108   Data          40  main.o(.data.M18_END)
    M18_K                                    0x20000130   Data          40  main.o(.data.M18_K)
    M18_START                                0x20000158   Data          40  main.o(.data.M18_START)
    M18_fre_start                            0x20000180   Data           4  main.o(.data.M18_fre_start)
    M1_10M                                   0x20000184   Data           4  main.o(.data.M1_10M)
    M1_14M                                   0x20000188   Data           4  main.o(.data.M1_14M)
    M1_18M                                   0x2000018c   Data           4  main.o(.data.M1_18M)
    M1_1M                                    0x20000190   Data           4  main.o(.data.M1_1M)
    M1_20M                                   0x20000194   Data           4  main.o(.data.M1_20M)
    Profile_All                              0x20000198   Data           8  ad9910.o(.data.Profile_All)
    SystemCoreClock                          0x200001a0   Data           4  system_stm32h7xx.o(.data.SystemCoreClock)
    SystemD2Clock                            0x200001a4   Data           4  system_stm32h7xx.o(.data.SystemD2Clock)
    uwTickFreq                               0x200001a8   Data           1  stm32h7xx_hal.o(.data.uwTickFreq)
    uwTickPrio                               0x200001ac   Data           4  stm32h7xx_hal.o(.data.uwTickPrio)
    CFR2                                     0x200001b0   Data           4  ad9910.o(.bss.CFR2)
    Dat                                      0x200001b4   Data          40  main.o(.bss.Dat)
    M1_Unknown                               0x200001dc   Data           4  main.o(.bss.M1_Unknown)
    M1_fre                                   0x200001e0   Data          40  main.o(.bss.M1_fre)
    M1_length                                0x20000208   Data          40  main.o(.bss.M1_length)
    MUnknown                                 0x20000230   Data          40  main.o(.bss.MUnknown)
    Mlength                                  0x20000258   Data           4  main.o(.bss.Mlength)
    check_K_flag                             0x2000025c   Data           4  main.o(.bss.check_K_flag)
    comp                                     0x20000260   Data         400  main.o(.bss.comp)
    hadc1                                    0x200003f0   Data         100  adc.o(.bss.hadc1)
    hadc3                                    0x20000454   Data         100  adc.o(.bss.hadc3)
    hdac1                                    0x200004b8   Data          20  dac.o(.bss.hdac1)
    hdma_adc1                                0x200004cc   Data         120  adc.o(.bss.hdma_adc1)
    hdma_adc3                                0x20000544   Data         120  adc.o(.bss.hdma_adc3)
    hdma_dac1_ch2                            0x200005bc   Data         120  dac.o(.bss.hdma_dac1_ch2)
    htim1                                    0x20000634   Data          76  tim.o(.bss.htim1)
    htim15                                   0x20000680   Data          76  tim.o(.bss.htim15)
    htim2                                    0x200006cc   Data          76  tim.o(.bss.htim2)
    htim3                                    0x20000718   Data          76  tim.o(.bss.htim3)
    htim4                                    0x20000764   Data          76  tim.o(.bss.htim4)
    htim6                                    0x200007b0   Data          76  tim.o(.bss.htim6)
    htim7                                    0x200007fc   Data          76  tim.o(.bss.htim7)
    huart1                                   0x20000848   Data         148  usart.o(.bss.huart1)
    huart7                                   0x200008dc   Data         148  usart.o(.bss.huart7)
    lcd_r                                    0x20000970   Data           4  stm32h7xx_it.o(.bss.lcd_r)
    length_flag                              0x20000974   Data           4  main.o(.bss.length_flag)
    load_flag                                0x20000978   Data           4  main.o(.bss.load_flag)
    scale_flag                               0x2000097c   Data           4  main.o(.bss.scale_flag)
    screen_message                           0x20000980   Data          30  main.o(.bss.screen_message)
    uwTick                                   0x200009a0   Data           4  stm32h7xx_hal.o(.bss.uwTick)
    x_tmp                                    0x200009a4   Data           4  main.o(.bss.x_tmp)
    __initial_sp                             0x20007da8   Data           0  startup_stm32h743xx.o(STACK)
    adc3_data                                0x30000000   Data        4000  main.o(.ARM.__at_0x30000000)
    adc1_data                                0x30020000   Data       20000  main.o(.ARM.__at_0x30020000)



==============================================================================

Memory Map of the image

  Image Entry point : 0x08000299

  Load Region LR_IROM1 (Base: 0x08000000, Size: 0x00013790, Max: 0x00200000, ABSOLUTE, COMPRESSED[0x00013710])

    Execution Region ER_IROM1 (Exec base: 0x08000000, Load base: 0x08000000, Size: 0x000135e0, Max: 0x00200000, ABSOLUTE)

    Exec Addr    Load Addr    Size         Type   Attr      Idx    E Section Name        Object

    0x08000000   0x08000000   0x00000298   Data   RO            3    RESET               startup_stm32h743xx.o
    0x08000298   0x08000298   0x00000000   Code   RO         2287  * .ARM.Collect$$$$00000000  mc_w.l(entry.o)
    0x08000298   0x08000298   0x00000004   Code   RO         2350    .ARM.Collect$$$$00000001  mc_w.l(entry2.o)
    0x0800029c   0x0800029c   0x00000004   Code   RO         2353    .ARM.Collect$$$$00000004  mc_w.l(entry5.o)
    0x080002a0   0x080002a0   0x00000000   Code   RO         2355    .ARM.Collect$$$$00000008  mc_w.l(entry7b.o)
    0x080002a0   0x080002a0   0x00000000   Code   RO         2357    .ARM.Collect$$$$0000000A  mc_w.l(entry8b.o)
    0x080002a0   0x080002a0   0x00000008   Code   RO         2358    .ARM.Collect$$$$0000000B  mc_w.l(entry9a.o)
    0x080002a8   0x080002a8   0x00000000   Code   RO         2360    .ARM.Collect$$$$0000000D  mc_w.l(entry10a.o)
    0x080002a8   0x080002a8   0x00000000   Code   RO         2362    .ARM.Collect$$$$0000000F  mc_w.l(entry11a.o)
    0x080002a8   0x080002a8   0x00000004   Code   RO         2351    .ARM.Collect$$$$00002712  mc_w.l(entry2.o)
    0x080002ac   0x080002ac   0x00000024   Code   RO            4    .text               startup_stm32h743xx.o
    0x080002d0   0x080002d0   0x00000062   Code   RO         2290    .text               mc_w.l(uldiv.o)
    0x08000332   0x08000332   0x00000024   Code   RO         2292    .text               mc_w.l(memseta.o)
    0x08000356   0x08000356   0x0000002c   Code   RO         2365    .text               mc_w.l(uidiv.o)
    0x08000382   0x08000382   0x0000001e   Code   RO         2367    .text               mc_w.l(llshl.o)
    0x080003a0   0x080003a0   0x00000020   Code   RO         2369    .text               mc_w.l(llushr.o)
    0x080003c0   0x080003c0   0x00000000   Code   RO         2378    .text               mc_w.l(iusefp.o)
    0x080003c0   0x080003c0   0x0000003c   Code   RO         2379    .text               mf_w.l(frnd.o)
    0x080003fc   0x080003fc   0x0000014e   Code   RO         2381    .text               mf_w.l(dadd.o)
    0x0800054a   0x0800054a   0x000000e4   Code   RO         2383    .text               mf_w.l(dmul.o)
    0x0800062e   0x0800062e   0x000000de   Code   RO         2385    .text               mf_w.l(ddiv.o)
    0x0800070c   0x0800070c   0x00000030   Code   RO         2387    .text               mf_w.l(dfixul.o)
    0x0800073c   0x0800073c   0x00000030   Code   RO         2389    .text               mf_w.l(cdrcmple.o)
    0x0800076c   0x0800076c   0x00000024   Code   RO         2401    .text               mc_w.l(init.o)
    0x08000790   0x08000790   0x00000024   Code   RO         2403    .text               mc_w.l(llsshr.o)
    0x080007b4   0x080007b4   0x0000006e   Code   RO         2405    .text               mf_w.l(fepilogue.o)
    0x08000822   0x08000822   0x000000ba   Code   RO         2407    .text               mf_w.l(depilogue.o)
    0x080008dc   0x080008dc   0x00000056   Code   RO         2417    .text               mc_w.l(__dczerorl2.o)
    0x08000932   0x08000932   0x00000006   PAD
    0x08000938   0x08000938   0x000001be   Code   RO         2065    .text.AD9910_IO_init  ad9910.o
    0x08000af6   0x08000af6   0x00000002   PAD
    0x08000af8   0x08000af8   0x0000021c   Code   RO          270    .text.ADC_ConfigureBoostMode  stm32h7xx_hal_adc.o
    0x08000d14   0x08000d14   0x00000004   PAD
    0x08000d18   0x08000d18   0x000000e8   Code   RO         2233    .text.ADF4351Init   adf4351.o
    0x08000e00   0x08000e00   0x000002ac   Code   RO         2239    .text.ADF4351WriteFreq  adf4351.o
    0x080010ac   0x080010ac   0x00000004   PAD
    0x080010b0   0x080010b0   0x0000009e   Code   RO         2225    .text.ADF_Output_GPIOInit  adf4351.o
    0x0800114e   0x0800114e   0x00000002   PAD
    0x08001150   0x08001150   0x00000384   Code   RO         2261    .text.ADS1256GetVolt  ads1256.o
    0x080014d4   0x080014d4   0x00000004   PAD
    0x080014d8   0x080014d8   0x000000da   Code   RO         2259    .text.ADS1256ReadData  ads1256.o
    0x080015b2   0x080015b2   0x00000006   PAD
    0x080015b8   0x080015b8   0x00000070   Code   RO         2255    .text.ADS1256WREG   ads1256.o
    0x08001628   0x08001628   0x0000000a   Code   RO         2249    .text.ADS1256_Delay  ads1256.o
    0x08001632   0x08001632   0x00000006   PAD
    0x08001638   0x08001638   0x00000222   Code   RO         2257    .text.ADS1256_Init  ads1256.o
    0x0800185a   0x0800185a   0x00000006   PAD
    0x08001860   0x08001860   0x00000084   Code   RO         2253    .text.ADS1256_Read_8Bits  ads1256.o
    0x080018e4   0x080018e4   0x00000004   PAD
    0x080018e8   0x080018e8   0x00000092   Code   RO         2251    .text.ADS1256_Write_8Bits  ads1256.o
    0x0800197a   0x0800197a   0x00000006   PAD
    0x08001980   0x08001980   0x00000004   Code   RO          208    .text.BusFault_Handler  stm32h7xx_it.o
    0x08001984   0x08001984   0x00000004   PAD
    0x08001988   0x08001988   0x00000020   Code   RO         1425    .text.DAC_DMAConvCpltCh1  stm32h7xx_hal_dac.o
    0x080019a8   0x080019a8   0x00000020   Code   RO         1467    .text.DAC_DMAConvCpltCh2  stm32h7xx_hal_dac_ex.o
    0x080019c8   0x080019c8   0x0000002a   Code   RO         1429    .text.DAC_DMAErrorCh1  stm32h7xx_hal_dac.o
    0x080019f2   0x080019f2   0x00000006   PAD
    0x080019f8   0x080019f8   0x0000002a   Code   RO         1471    .text.DAC_DMAErrorCh2  stm32h7xx_hal_dac_ex.o
    0x08001a22   0x08001a22   0x00000006   PAD
    0x08001a28   0x08001a28   0x0000001a   Code   RO         1427    .text.DAC_DMAHalfConvCpltCh1  stm32h7xx_hal_dac.o
    0x08001a42   0x08001a42   0x00000006   PAD
    0x08001a48   0x08001a48   0x0000001a   Code   RO         1469    .text.DAC_DMAHalfConvCpltCh2  stm32h7xx_hal_dac_ex.o
    0x08001a62   0x08001a62   0x00000006   PAD
    0x08001a68   0x08001a68   0x00000010   Code   RO          220    .text.DMA1_Stream1_IRQHandler  stm32h7xx_it.o
    0x08001a78   0x08001a78   0x00000010   Code   RO          226    .text.DMA2_Stream0_IRQHandler  stm32h7xx_it.o
    0x08001a88   0x08001a88   0x00000010   Code   RO          228    .text.DMA2_Stream1_IRQHandler  stm32h7xx_it.o
    0x08001a98   0x08001a98   0x000001d2   Code   RO          769    .text.DMA_CalcBaseAndBitshift  stm32h7xx_hal_dma.o
    0x08001c6a   0x08001c6a   0x00000006   PAD
    0x08001c70   0x08001c70   0x00000186   Code   RO          771    .text.DMA_CalcDMAMUXChannelBaseAndMask  stm32h7xx_hal_dma.o
    0x08001df6   0x08001df6   0x00000002   PAD
    0x08001df8   0x08001df8   0x00000132   Code   RO          773    .text.DMA_CalcDMAMUXRequestGenBaseAndMask  stm32h7xx_hal_dma.o
    0x08001f2a   0x08001f2a   0x00000006   PAD
    0x08001f30   0x08001f30   0x000000f6   Code   RO          767    .text.DMA_CheckFifoParam  stm32h7xx_hal_dma.o
    0x08002026   0x08002026   0x00000002   PAD
    0x08002028   0x08002028   0x00000536   Code   RO          779    .text.DMA_SetConfig  stm32h7xx_hal_dma.o
    0x0800255e   0x0800255e   0x00000002   PAD
    0x08002560   0x08002560   0x00000002   Code   RO          214    .text.DebugMon_Handler  stm32h7xx_it.o
    0x08002562   0x08002562   0x00000006   PAD
    0x08002568   0x08002568   0x00000034   Code   RO          159    .text.Delay_Ms      tim.o
    0x0800259c   0x0800259c   0x00000004   PAD
    0x080025a0   0x080025a0   0x00000062   Code   RO          157    .text.Delay_Us      tim.o
    0x08002602   0x08002602   0x00000006   PAD
    0x08002608   0x08002608   0x0000000e   Code   RO           13    .text.Error_Handler  main.o
    0x08002616   0x08002616   0x00000002   PAD
    0x08002618   0x08002618   0x00000070   Code   RO         2077    .text.Freq_convert  ad9910.o
    0x08002688   0x08002688   0x000002aa   Code   RO          486    .text.HAL_ADCEx_MultiModeConfigChannel  stm32h7xx_hal_adc_ex.o
    0x08002932   0x08002932   0x00000006   PAD
    0x08002938   0x08002938   0x00000886   Code   RO          328    .text.HAL_ADC_ConfigChannel  stm32h7xx_hal_adc.o
    0x080031be   0x080031be   0x00000002   PAD
    0x080031c0   0x080031c0   0x000003f0   Code   RO          250    .text.HAL_ADC_Init  stm32h7xx_hal_adc.o
    0x080035b0   0x080035b0   0x000001ba   Code   RO           96    .text.HAL_ADC_MspInit  adc.o
    0x0800376a   0x0800376a   0x00000006   PAD
    0x08003770   0x08003770   0x0000000c   Code   RO         1481    .text.HAL_DACEx_ConvCpltCallbackCh2  stm32h7xx_hal_dac_ex.o
    0x0800377c   0x0800377c   0x00000004   PAD
    0x08003780   0x08003780   0x0000000c   Code   RO         1483    .text.HAL_DACEx_ConvHalfCpltCallbackCh2  stm32h7xx_hal_dac_ex.o
    0x0800378c   0x0800378c   0x00000004   PAD
    0x08003790   0x08003790   0x0000000c   Code   RO         1485    .text.HAL_DACEx_ErrorCallbackCh2  stm32h7xx_hal_dac_ex.o
    0x0800379c   0x0800379c   0x00000004   PAD
    0x080037a0   0x080037a0   0x000002d8   Code   RO         1447    .text.HAL_DAC_ConfigChannel  stm32h7xx_hal_dac.o
    0x08003a78   0x08003a78   0x0000000c   Code   RO         1439    .text.HAL_DAC_ConvCpltCallbackCh1  stm32h7xx_hal_dac.o
    0x08003a84   0x08003a84   0x00000004   PAD
    0x08003a88   0x08003a88   0x0000000c   Code   RO         1441    .text.HAL_DAC_ConvHalfCpltCallbackCh1  stm32h7xx_hal_dac.o
    0x08003a94   0x08003a94   0x00000004   PAD
    0x08003a98   0x08003a98   0x0000000c   Code   RO         1443    .text.HAL_DAC_ErrorCallbackCh1  stm32h7xx_hal_dac.o
    0x08003aa4   0x08003aa4   0x00000004   PAD
    0x08003aa8   0x08003aa8   0x00000052   Code   RO         1411    .text.HAL_DAC_Init  stm32h7xx_hal_dac.o
    0x08003afa   0x08003afa   0x00000006   PAD
    0x08003b00   0x08003b00   0x000000ee   Code   RO          114    .text.HAL_DAC_MspInit  dac.o
    0x08003bee   0x08003bee   0x00000002   PAD
    0x08003bf0   0x08003bf0   0x000001cc   Code   RO         1423    .text.HAL_DAC_Start_DMA  stm32h7xx_hal_dac.o
    0x08003dbc   0x08003dbc   0x00000004   PAD
    0x08003dc0   0x08003dc0   0x0000099a   Code   RO          783    .text.HAL_DMA_Abort  stm32h7xx_hal_dma.o
    0x0800475a   0x0800475a   0x00000006   PAD
    0x08004760   0x08004760   0x000006c8   Code   RO          785    .text.HAL_DMA_Abort_IT  stm32h7xx_hal_dma.o
    0x08004e28   0x08004e28   0x0000123a   Code   RO          789    .text.HAL_DMA_IRQHandler  stm32h7xx_hal_dma.o
    0x08006062   0x08006062   0x00000006   PAD
    0x08006068   0x08006068   0x00000994   Code   RO          765    .text.HAL_DMA_Init  stm32h7xx_hal_dma.o
    0x080069fc   0x080069fc   0x00000004   PAD
    0x08006a00   0x08006a00   0x00000732   Code   RO          781    .text.HAL_DMA_Start_IT  stm32h7xx_hal_dma.o
    0x08007132   0x08007132   0x00000006   PAD
    0x08007138   0x08007138   0x0000004e   Code   RO         1108    .text.HAL_Delay     stm32h7xx_hal.o
    0x08007186   0x08007186   0x00000002   PAD
    0x08007188   0x08007188   0x000003da   Code   RO          711    .text.HAL_GPIO_Init  stm32h7xx_hal_gpio.o
    0x08007562   0x08007562   0x00000006   PAD
    0x08007568   0x08007568   0x00000036   Code   RO          715    .text.HAL_GPIO_ReadPin  stm32h7xx_hal_gpio.o
    0x0800759e   0x0800759e   0x00000002   PAD
    0x080075a0   0x080075a0   0x00000042   Code   RO          717    .text.HAL_GPIO_WritePin  stm32h7xx_hal_gpio.o
    0x080075e2   0x080075e2   0x00000006   PAD
    0x080075e8   0x080075e8   0x0000000e   Code   RO         1116    .text.HAL_GetREVID  stm32h7xx_hal.o
    0x080075f6   0x080075f6   0x00000002   PAD
    0x080075f8   0x080075f8   0x0000000c   Code   RO         1100    .text.HAL_GetTick   stm32h7xx_hal.o
    0x08007604   0x08007604   0x00000004   PAD
    0x08007608   0x08007608   0x0000001a   Code   RO         1098    .text.HAL_IncTick   stm32h7xx_hal.o
    0x08007622   0x08007622   0x00000006   PAD
    0x08007628   0x08007628   0x00000082   Code   RO         1088    .text.HAL_Init      stm32h7xx_hal.o
    0x080076aa   0x080076aa   0x00000006   PAD
    0x080076b0   0x080076b0   0x0000008e   Code   RO         1090    .text.HAL_InitTick  stm32h7xx_hal.o
    0x0800773e   0x0800773e   0x00000002   PAD
    0x08007740   0x08007740   0x00000094   Code   RO         1046    .text.HAL_MPU_ConfigRegion  stm32h7xx_hal_cortex.o
    0x080077d4   0x080077d4   0x00000004   PAD
    0x080077d8   0x080077d8   0x00000022   Code   RO         1042    .text.HAL_MPU_Disable  stm32h7xx_hal_cortex.o
    0x080077fa   0x080077fa   0x00000006   PAD
    0x08007800   0x08007800   0x00000034   Code   RO         1044    .text.HAL_MPU_Enable  stm32h7xx_hal_cortex.o
    0x08007834   0x08007834   0x00000004   PAD
    0x08007838   0x08007838   0x00000026   Code   RO          241    .text.HAL_MspInit   stm32h7xx_hal_msp.o
    0x0800785e   0x0800785e   0x00000002   PAD
    0x08007860   0x08007860   0x00000018   Code   RO         1026    .text.HAL_NVIC_EnableIRQ  stm32h7xx_hal_cortex.o
    0x08007878   0x08007878   0x00000048   Code   RO         1018    .text.HAL_NVIC_SetPriority  stm32h7xx_hal_cortex.o
    0x080078c0   0x080078c0   0x00000014   Code   RO         1014    .text.HAL_NVIC_SetPriorityGrouping  stm32h7xx_hal_cortex.o
    0x080078d4   0x080078d4   0x00000004   PAD
    0x080078d8   0x080078d8   0x000000aa   Code   RO          926    .text.HAL_PWREx_ConfigSupply  stm32h7xx_hal_pwr_ex.o
    0x08007982   0x08007982   0x00000006   PAD
    0x08007988   0x08007988   0x0000002a   Code   RO          562    .text.HAL_RCCEx_GetD3PCLK1Freq  stm32h7xx_hal_rcc_ex.o
    0x080079b2   0x080079b2   0x00000006   PAD
    0x080079b8   0x080079b8   0x000002b4   Code   RO          556    .text.HAL_RCCEx_GetPLL1ClockFreq  stm32h7xx_hal_rcc_ex.o
    0x08007c6c   0x08007c6c   0x00000004   PAD
    0x08007c70   0x08007c70   0x000002b4   Code   RO          558    .text.HAL_RCCEx_GetPLL2ClockFreq  stm32h7xx_hal_rcc_ex.o
    0x08007f24   0x08007f24   0x00000004   PAD
    0x08007f28   0x08007f28   0x000002b4   Code   RO          560    .text.HAL_RCCEx_GetPLL3ClockFreq  stm32h7xx_hal_rcc_ex.o
    0x080081dc   0x080081dc   0x00000004   PAD
    0x080081e0   0x080081e0   0x00000c84   Code   RO          554    .text.HAL_RCCEx_GetPeriphCLKFreq  stm32h7xx_hal_rcc_ex.o
    0x08008e64   0x08008e64   0x00000004   PAD
    0x08008e68   0x08008e68   0x00001116   Code   RO          546    .text.HAL_RCCEx_PeriphCLKConfig  stm32h7xx_hal_rcc_ex.o
    0x08009f7e   0x08009f7e   0x00000002   PAD
    0x08009f80   0x08009f80   0x000004aa   Code   RO          514    .text.HAL_RCC_ClockConfig  stm32h7xx_hal_rcc.o
    0x0800a42a   0x0800a42a   0x00000006   PAD
    0x0800a430   0x0800a430   0x00000058   Code   RO          524    .text.HAL_RCC_GetHCLKFreq  stm32h7xx_hal_rcc.o
    0x0800a488   0x0800a488   0x0000002a   Code   RO          526    .text.HAL_RCC_GetPCLK1Freq  stm32h7xx_hal_rcc.o
    0x0800a4b2   0x0800a4b2   0x00000006   PAD
    0x0800a4b8   0x0800a4b8   0x0000002a   Code   RO          528    .text.HAL_RCC_GetPCLK2Freq  stm32h7xx_hal_rcc.o
    0x0800a4e2   0x0800a4e2   0x00000006   PAD
    0x0800a4e8   0x0800a4e8   0x00000314   Code   RO          516    .text.HAL_RCC_GetSysClockFreq  stm32h7xx_hal_rcc.o
    0x0800a7fc   0x0800a7fc   0x00000004   PAD
    0x0800a800   0x0800a800   0x00000bbe   Code   RO          512    .text.HAL_RCC_OscConfig  stm32h7xx_hal_rcc.o
    0x0800b3be   0x0800b3be   0x00000002   PAD
    0x0800b3c0   0x0800b3c0   0x00000014   Code   RO         1038    .text.HAL_SYSTICK_Config  stm32h7xx_hal_cortex.o
    0x0800b3d4   0x0800b3d4   0x00000004   PAD
    0x0800b3d8   0x0800b3d8   0x0000000c   Code   RO         1841    .text.HAL_TIMEx_Break2Callback  stm32h7xx_hal_tim_ex.o
    0x0800b3e4   0x0800b3e4   0x00000004   PAD
    0x0800b3e8   0x0800b3e8   0x0000000c   Code   RO         1839    .text.HAL_TIMEx_BreakCallback  stm32h7xx_hal_tim_ex.o
    0x0800b3f4   0x0800b3f4   0x00000004   PAD
    0x0800b3f8   0x0800b3f8   0x0000000c   Code   RO         1835    .text.HAL_TIMEx_CommutCallback  stm32h7xx_hal_tim_ex.o
    0x0800b404   0x0800b404   0x00000004   PAD
    0x0800b408   0x0800b408   0x00000160   Code   RO         1823    .text.HAL_TIMEx_MasterConfigSynchronization  stm32h7xx_hal_tim_ex.o
    0x0800b568   0x0800b568   0x000000b6   Code   RO         1505    .text.HAL_TIM_Base_Init  stm32h7xx_hal_tim.o
    0x0800b61e   0x0800b61e   0x00000002   PAD
    0x0800b620   0x0800b620   0x000001a6   Code   RO          153    .text.HAL_TIM_Base_MspInit  tim.o
    0x0800b7c6   0x0800b7c6   0x00000002   PAD
    0x0800b7c8   0x0800b7c8   0x000000fc   Code   RO         1515    .text.HAL_TIM_Base_Start  stm32h7xx_hal_tim.o
    0x0800b8c4   0x0800b8c4   0x00000004   PAD
    0x0800b8c8   0x0800b8c8   0x0000004a   Code   RO         1517    .text.HAL_TIM_Base_Stop  stm32h7xx_hal_tim.o
    0x0800b912   0x0800b912   0x00000006   PAD
    0x0800b918   0x0800b918   0x000001f8   Code   RO         1701    .text.HAL_TIM_ConfigClockSource  stm32h7xx_hal_tim.o
    0x0800bb10   0x0800bb10   0x0000000c   Code   RO         1641    .text.HAL_TIM_IC_CaptureCallback  stm32h7xx_hal_tim.o
    0x0800bb1c   0x0800bb1c   0x00000004   PAD
    0x0800bb20   0x0800bb20   0x000002c0   Code   RO         1639    .text.HAL_TIM_IRQHandler  stm32h7xx_hal_tim.o
    0x0800bde0   0x0800bde0   0x0000006e   Code   RO          145    .text.HAL_TIM_MspPostInit  tim.o
    0x0800be4e   0x0800be4e   0x00000002   PAD
    0x0800be50   0x0800be50   0x0000000c   Code   RO         1643    .text.HAL_TIM_OC_DelayElapsedCallback  stm32h7xx_hal_tim.o
    0x0800be5c   0x0800be5c   0x00000004   PAD
    0x0800be60   0x0800be60   0x000001d2   Code   RO         1675    .text.HAL_TIM_PWM_ConfigChannel  stm32h7xx_hal_tim.o
    0x0800c032   0x0800c032   0x00000006   PAD
    0x0800c038   0x0800c038   0x000000b6   Code   RO         1559    .text.HAL_TIM_PWM_Init  stm32h7xx_hal_tim.o
    0x0800c0ee   0x0800c0ee   0x00000002   PAD
    0x0800c0f0   0x0800c0f0   0x0000000c   Code   RO         1561    .text.HAL_TIM_PWM_MspInit  stm32h7xx_hal_tim.o
    0x0800c0fc   0x0800c0fc   0x00000004   PAD
    0x0800c100   0x0800c100   0x0000000c   Code   RO         1645    .text.HAL_TIM_PWM_PulseFinishedCallback  stm32h7xx_hal_tim.o
    0x0800c10c   0x0800c10c   0x00000004   PAD
    0x0800c110   0x0800c110   0x0000028e   Code   RO         1567    .text.HAL_TIM_PWM_Start  stm32h7xx_hal_tim.o
    0x0800c39e   0x0800c39e   0x00000002   PAD
    0x0800c3a0   0x0800c3a0   0x0000000c   Code   RO         1647    .text.HAL_TIM_PeriodElapsedCallback  stm32h7xx_hal_tim.o
    0x0800c3ac   0x0800c3ac   0x00000004   PAD
    0x0800c3b0   0x0800c3b0   0x0000000c   Code   RO         1649    .text.HAL_TIM_TriggerCallback  stm32h7xx_hal_tim.o
    0x0800c3bc   0x0800c3bc   0x00000004   PAD
    0x0800c3c0   0x0800c3c0   0x00000080   Code   RO         2026    .text.HAL_UARTEx_DisableFifoMode  stm32h7xx_hal_uart_ex.o
    0x0800c440   0x0800c440   0x00000014   Code   RO         1949    .text.HAL_UARTEx_RxEventCallback  stm32h7xx_hal_uart.o
    0x0800c454   0x0800c454   0x00000004   PAD
    0x0800c458   0x0800c458   0x0000000c   Code   RO         2008    .text.HAL_UARTEx_RxFifoFullCallback  stm32h7xx_hal_uart_ex.o
    0x0800c464   0x0800c464   0x00000004   PAD
    0x0800c468   0x0800c468   0x00000094   Code   RO         2030    .text.HAL_UARTEx_SetRxFifoThreshold  stm32h7xx_hal_uart_ex.o
    0x0800c4fc   0x0800c4fc   0x00000004   PAD
    0x0800c500   0x0800c500   0x00000094   Code   RO         2028    .text.HAL_UARTEx_SetTxFifoThreshold  stm32h7xx_hal_uart_ex.o
    0x0800c594   0x0800c594   0x00000004   PAD
    0x0800c598   0x0800c598   0x0000000c   Code   RO         2010    .text.HAL_UARTEx_TxFifoEmptyCallback  stm32h7xx_hal_uart_ex.o
    0x0800c5a4   0x0800c5a4   0x00000004   PAD
    0x0800c5a8   0x0800c5a8   0x0000000c   Code   RO         2006    .text.HAL_UARTEx_WakeupCallback  stm32h7xx_hal_uart_ex.o
    0x0800c5b4   0x0800c5b4   0x00000004   PAD
    0x0800c5b8   0x0800c5b8   0x0000000c   Code   RO         1947    .text.HAL_UART_ErrorCallback  stm32h7xx_hal_uart.o
    0x0800c5c4   0x0800c5c4   0x00000004   PAD
    0x0800c5c8   0x0800c5c8   0x000006e6   Code   RO         1943    .text.HAL_UART_IRQHandler  stm32h7xx_hal_uart.o
    0x0800ccae   0x0800ccae   0x00000002   PAD
    0x0800ccb0   0x0800ccb0   0x000000b6   Code   RO         1855    .text.HAL_UART_Init  stm32h7xx_hal_uart.o
    0x0800cd66   0x0800cd66   0x00000002   PAD
    0x0800cd68   0x0800cd68   0x00000162   Code   RO          180    .text.HAL_UART_MspInit  usart.o
    0x0800ceca   0x0800ceca   0x00000006   PAD
    0x0800ced0   0x0800ced0   0x000000b4   Code   RO         1891    .text.HAL_UART_Receive_IT  stm32h7xx_hal_uart.o
    0x0800cf84   0x0800cf84   0x00000004   PAD
    0x0800cf88   0x0800cf88   0x0000000c   Code   RO         1957    .text.HAL_UART_RxCpltCallback  stm32h7xx_hal_uart.o
    0x0800cf94   0x0800cf94   0x00000004   PAD
    0x0800cf98   0x0800cf98   0x0000015a   Code   RO         1875    .text.HAL_UART_Transmit  stm32h7xx_hal_uart.o
    0x0800d0f2   0x0800d0f2   0x00000006   PAD
    0x0800d0f8   0x0800d0f8   0x0000000c   Code   RO         1953    .text.HAL_UART_TxCpltCallback  stm32h7xx_hal_uart.o
    0x0800d104   0x0800d104   0x00000004   PAD
    0x0800d108   0x0800d108   0x00000004   Code   RO          204    .text.HardFault_Handler  stm32h7xx_it.o
    0x0800d10c   0x0800d10c   0x00000004   PAD
    0x0800d110   0x0800d110   0x000000cc   Code   RO         2067    .text.Init_ad9910   ad9910.o
    0x0800d1dc   0x0800d1dc   0x00000004   PAD
    0x0800d1e0   0x0800d1e0   0x0000001c   Code   RO          256    .text.LL_ADC_DisableDeepPowerDown  stm32h7xx_hal_adc.o
    0x0800d1fc   0x0800d1fc   0x00000004   PAD
    0x0800d200   0x0800d200   0x00000022   Code   RO          260    .text.LL_ADC_EnableInternalRegulator  stm32h7xx_hal_adc.o
    0x0800d222   0x0800d222   0x00000006   PAD
    0x0800d228   0x0800d228   0x00000014   Code   RO          342    .text.LL_ADC_GetCommonPathInternalCh  stm32h7xx_hal_adc.o
    0x0800d23c   0x0800d23c   0x00000004   PAD
    0x0800d240   0x0800d240   0x00000014   Code   RO          268    .text.LL_ADC_INJ_IsConversionOngoing  stm32h7xx_hal_adc.o
    0x0800d254   0x0800d254   0x00000004   PAD
    0x0800d258   0x0800d258   0x00000014   Code   RO          254    .text.LL_ADC_IsDeepPowerDownEnabled  stm32h7xx_hal_adc.o
    0x0800d26c   0x0800d26c   0x00000004   PAD
    0x0800d270   0x0800d270   0x00000014   Code   RO          264    .text.LL_ADC_IsEnabled  stm32h7xx_hal_adc.o
    0x0800d284   0x0800d284   0x00000004   PAD
    0x0800d288   0x0800d288   0x00000014   Code   RO          402    .text.LL_ADC_IsEnabled  stm32h7xx_hal_adc_ex.o
    0x0800d29c   0x0800d29c   0x00000004   PAD
    0x0800d2a0   0x0800d2a0   0x00000014   Code   RO          258    .text.LL_ADC_IsInternalRegulatorEnabled  stm32h7xx_hal_adc.o
    0x0800d2b4   0x0800d2b4   0x00000004   PAD
    0x0800d2b8   0x0800d2b8   0x00000014   Code   RO          262    .text.LL_ADC_REG_IsConversionOngoing  stm32h7xx_hal_adc.o
    0x0800d2cc   0x0800d2cc   0x00000004   PAD
    0x0800d2d0   0x0800d2d0   0x00000014   Code   RO          404    .text.LL_ADC_REG_IsConversionOngoing  stm32h7xx_hal_adc_ex.o
    0x0800d2e4   0x0800d2e4   0x00000004   PAD
    0x0800d2e8   0x0800d2e8   0x0000004e   Code   RO          330    .text.LL_ADC_REG_SetSequencerRanks  stm32h7xx_hal_adc.o
    0x0800d336   0x0800d336   0x00000002   PAD
    0x0800d338   0x0800d338   0x0000004a   Code   RO          332    .text.LL_ADC_SetChannelSamplingTime  stm32h7xx_hal_adc.o
    0x0800d382   0x0800d382   0x00000006   PAD
    0x0800d388   0x0800d388   0x00000048   Code   RO          340    .text.LL_ADC_SetChannelSingleDiff  stm32h7xx_hal_adc.o
    0x0800d3d0   0x0800d3d0   0x00000022   Code   RO          266    .text.LL_ADC_SetCommonClock  stm32h7xx_hal_adc.o
    0x0800d3f2   0x0800d3f2   0x00000006   PAD
    0x0800d3f8   0x0800d3f8   0x00000022   Code   RO          344    .text.LL_ADC_SetCommonPathInternalCh  stm32h7xx_hal_adc.o
    0x0800d41a   0x0800d41a   0x00000006   PAD
    0x0800d420   0x0800d420   0x00000036   Code   RO          338    .text.LL_ADC_SetDataRightShift  stm32h7xx_hal_adc.o
    0x0800d456   0x0800d456   0x00000002   PAD
    0x0800d458   0x0800d458   0x00000048   Code   RO          334    .text.LL_ADC_SetOffset  stm32h7xx_hal_adc.o
    0x0800d4a0   0x0800d4a0   0x0000003a   Code   RO          336    .text.LL_ADC_SetOffsetSignedSaturation  stm32h7xx_hal_adc.o
    0x0800d4da   0x0800d4da   0x00000006   PAD
    0x0800d4e0   0x0800d4e0   0x000000c6   Code   RO           21    .text.MPU_Config    main.o
    0x0800d5a6   0x0800d5a6   0x00000002   PAD
    0x0800d5a8   0x0800d5a8   0x000000da   Code   RO           92    .text.MX_ADC1_Init  adc.o
    0x0800d682   0x0800d682   0x00000006   PAD
    0x0800d688   0x0800d688   0x000000a2   Code   RO           94    .text.MX_ADC3_Init  adc.o
    0x0800d72a   0x0800d72a   0x00000006   PAD
    0x0800d730   0x0800d730   0x00000060   Code   RO          112    .text.MX_DAC1_Init  dac.o
    0x0800d790   0x0800d790   0x00000080   Code   RO          128    .text.MX_DMA_Init   dma.o
    0x0800d810   0x0800d810   0x000001a4   Code   RO           78    .text.MX_GPIO_Init  gpio.o
    0x0800d9b4   0x0800d9b4   0x00000004   PAD
    0x0800d9b8   0x0800d9b8   0x00000090   Code   RO          151    .text.MX_TIM15_Init  tim.o
    0x0800da48   0x0800da48   0x00000090   Code   RO          137    .text.MX_TIM1_Init  tim.o
    0x0800dad8   0x0800dad8   0x00000088   Code   RO          139    .text.MX_TIM2_Init  tim.o
    0x0800db60   0x0800db60   0x0000008c   Code   RO          141    .text.MX_TIM3_Init  tim.o
    0x0800dbec   0x0800dbec   0x00000004   PAD
    0x0800dbf0   0x0800dbf0   0x000000ee   Code   RO          143    .text.MX_TIM4_Init  tim.o
    0x0800dcde   0x0800dcde   0x00000002   PAD
    0x0800dce0   0x0800dce0   0x00000066   Code   RO          147    .text.MX_TIM6_Init  tim.o
    0x0800dd46   0x0800dd46   0x00000002   PAD
    0x0800dd48   0x0800dd48   0x00000062   Code   RO          149    .text.MX_TIM7_Init  tim.o
    0x0800ddaa   0x0800ddaa   0x00000006   PAD
    0x0800ddb0   0x0800ddb0   0x000000aa   Code   RO          176    .text.MX_UART7_Init  usart.o
    0x0800de5a   0x0800de5a   0x00000006   PAD
    0x0800de60   0x0800de60   0x0000008e   Code   RO          178    .text.MX_USART1_UART_Init  usart.o
    0x0800deee   0x0800deee   0x00000002   PAD
    0x0800def0   0x0800def0   0x00000004   Code   RO          206    .text.MemManage_Handler  stm32h7xx_it.o
    0x0800def4   0x0800def4   0x00000004   PAD
    0x0800def8   0x0800def8   0x00000004   Code   RO          202    .text.NMI_Handler   stm32h7xx_it.o
    0x0800defc   0x0800defc   0x00000004   PAD
    0x0800df00   0x0800df00   0x00000080   Code   RO         1024    .text.NVIC_EncodePriority  stm32h7xx_hal_cortex.o
    0x0800df80   0x0800df80   0x00000002   Code   RO          216    .text.PendSV_Handler  stm32h7xx_it.o
    0x0800df82   0x0800df82   0x00000006   PAD
    0x0800df88   0x0800df88   0x0000004a   Code   RO           25    .text.PeriphCommonClock_Config  main.o
    0x0800dfd2   0x0800dfd2   0x00000006   PAD
    0x0800dfd8   0x0800dfd8   0x000000c8   Code   RO         2176    .text.QuickSort     measure.o
    0x0800e0a0   0x0800e0a0   0x000001d8   Code   RO          548    .text.RCCEx_PLL2_Config  stm32h7xx_hal_rcc_ex.o
    0x0800e278   0x0800e278   0x000001d8   Code   RO          550    .text.RCCEx_PLL3_Config  stm32h7xx_hal_rcc_ex.o
    0x0800e450   0x0800e450   0x00000002   Code   RO          212    .text.SVC_Handler   stm32h7xx_it.o
    0x0800e452   0x0800e452   0x00000006   PAD
    0x0800e458   0x0800e458   0x0000003a   Code   RO           15    .text.SineWave      main.o
    0x0800e492   0x0800e492   0x00000006   PAD
    0x0800e498   0x0800e498   0x0000005a   Code   RO         1040    .text.SysTick_Config  stm32h7xx_hal_cortex.o
    0x0800e4f2   0x0800e4f2   0x00000006   PAD
    0x0800e4f8   0x0800e4f8   0x00000008   Code   RO          218    .text.SysTick_Handler  stm32h7xx_it.o
    0x0800e500   0x0800e500   0x00000162   Code   RO           23    .text.SystemClock_Config  main.o
    0x0800e662   0x0800e662   0x00000006   PAD
    0x0800e668   0x0800e668   0x0000015a   Code   RO         2050    .text.SystemInit    system_stm32h7xx.o
    0x0800e7c2   0x0800e7c2   0x00000006   PAD
    0x0800e7c8   0x0800e7c8   0x00000010   Code   RO          222    .text.TIM3_IRQHandler  stm32h7xx_it.o
    0x0800e7d8   0x0800e7d8   0x00000010   Code   RO          224    .text.TIM4_IRQHandler  stm32h7xx_it.o
    0x0800e7e8   0x0800e7e8   0x000001a2   Code   RO         1509    .text.TIM_Base_SetConfig  stm32h7xx_hal_tim.o
    0x0800e98a   0x0800e98a   0x00000006   PAD
    0x0800e990   0x0800e990   0x0000004a   Code   RO         1543    .text.TIM_CCxChannelCmd  stm32h7xx_hal_tim.o
    0x0800e9da   0x0800e9da   0x00000006   PAD
    0x0800e9e0   0x0800e9e0   0x0000004a   Code   RO         1699    .text.TIM_ETR_SetConfig  stm32h7xx_hal_tim.o
    0x0800ea2a   0x0800ea2a   0x00000006   PAD
    0x0800ea30   0x0800ea30   0x00000038   Code   RO         1705    .text.TIM_ITRx_SetConfig  stm32h7xx_hal_tim.o
    0x0800ea68   0x0800ea68   0x00000158   Code   RO         1653    .text.TIM_OC1_SetConfig  stm32h7xx_hal_tim.o
    0x0800ebc0   0x0800ebc0   0x0000017a   Code   RO         1655    .text.TIM_OC2_SetConfig  stm32h7xx_hal_tim.o
    0x0800ed3a   0x0800ed3a   0x00000006   PAD
    0x0800ed40   0x0800ed40   0x00000178   Code   RO         1657    .text.TIM_OC3_SetConfig  stm32h7xx_hal_tim.o
    0x0800eeb8   0x0800eeb8   0x000000e2   Code   RO         1659    .text.TIM_OC4_SetConfig  stm32h7xx_hal_tim.o
    0x0800ef9a   0x0800ef9a   0x00000006   PAD
    0x0800efa0   0x0800efa0   0x000000d8   Code   RO         1661    .text.TIM_OC5_SetConfig  stm32h7xx_hal_tim.o
    0x0800f078   0x0800f078   0x000000da   Code   RO         1663    .text.TIM_OC6_SetConfig  stm32h7xx_hal_tim.o
    0x0800f152   0x0800f152   0x00000006   PAD
    0x0800f158   0x0800f158   0x00000062   Code   RO         1703    .text.TIM_TI1_ConfigInputStage  stm32h7xx_hal_tim.o
    0x0800f1ba   0x0800f1ba   0x00000006   PAD
    0x0800f1c0   0x0800f1c0   0x00000064   Code   RO         1707    .text.TIM_TI2_ConfigInputStage  stm32h7xx_hal_tim.o
    0x0800f224   0x0800f224   0x00000004   PAD
    0x0800f228   0x0800f228   0x00000172   Code   RO         2071    .text.TxCFR         ad9910.o
    0x0800f39a   0x0800f39a   0x00000006   PAD
    0x0800f3a0   0x0800f3a0   0x000000aa   Code   RO         2075    .text.Txprofile     ad9910.o
    0x0800f44a   0x0800f44a   0x00000006   PAD
    0x0800f450   0x0800f450   0x000001ba   Code   RO          230    .text.UART7_IRQHandler  stm32h7xx_it.o
    0x0800f60a   0x0800f60a   0x00000006   PAD
    0x0800f610   0x0800f610   0x00000090   Code   RO         2024    .text.UARTEx_SetNbDataToProcess  stm32h7xx_hal_uart_ex.o
    0x0800f6a0   0x0800f6a0   0x0000013e   Code   RO         1861    .text.UART_AdvFeatureConfig  stm32h7xx_hal_uart.o
    0x0800f7de   0x0800f7de   0x00000002   PAD
    0x0800f7e0   0x0800f7e0   0x0000014e   Code   RO         1863    .text.UART_CheckIdleState  stm32h7xx_hal_uart.o
    0x0800f92e   0x0800f92e   0x00000002   PAD
    0x0800f930   0x0800f930   0x00000028   Code   RO         1945    .text.UART_DMAAbortOnError  stm32h7xx_hal_uart.o
    0x0800f958   0x0800f958   0x000000a2   Code   RO         1915    .text.UART_EndRxTransfer  stm32h7xx_hal_uart.o
    0x0800f9fa   0x0800f9fa   0x00000006   PAD
    0x0800fa00   0x0800fa00   0x00000048   Code   RO         1951    .text.UART_EndTransmit_IT  stm32h7xx_hal_uart.o
    0x0800fa48   0x0800fa48   0x00000188   Code   RO         1987    .text.UART_RxISR_16BIT  stm32h7xx_hal_uart.o
    0x0800fbd0   0x0800fbd0   0x0000031c   Code   RO         1983    .text.UART_RxISR_16BIT_FIFOEN  stm32h7xx_hal_uart.o
    0x0800feec   0x0800feec   0x00000004   PAD
    0x0800fef0   0x0800fef0   0x00000184   Code   RO         1989    .text.UART_RxISR_8BIT  stm32h7xx_hal_uart.o
    0x08010074   0x08010074   0x00000004   PAD
    0x08010078   0x08010078   0x00000318   Code   RO         1985    .text.UART_RxISR_8BIT_FIFOEN  stm32h7xx_hal_uart.o
    0x08010390   0x08010390   0x0000093c   Code   RO         1859    .text.UART_SetConfig  stm32h7xx_hal_uart.o
    0x08010ccc   0x08010ccc   0x00000004   PAD
    0x08010cd0   0x08010cd0   0x00000244   Code   RO         1893    .text.UART_Start_Receive_IT  stm32h7xx_hal_uart.o
    0x08010f14   0x08010f14   0x00000004   PAD
    0x08010f18   0x08010f18   0x0000011a   Code   RO         1877    .text.UART_WaitOnFlagUntilTimeout  stm32h7xx_hal_uart.o
    0x08011032   0x08011032   0x00000006   PAD
    0x08011038   0x08011038   0x00000042   Code   RO          186    .text.USART7PutString  usart.o
    0x0801107a   0x0801107a   0x00000006   PAD
    0x08011080   0x08011080   0x00000004   Code   RO          210    .text.UsageFault_Handler  stm32h7xx_it.o
    0x08011084   0x08011084   0x00000004   PAD
    0x08011088   0x08011088   0x0000003a   Code   RO         2235    .text.WriteOneRegToADF4351  adf4351.o
    0x080110c2   0x080110c2   0x00000006   PAD
    0x080110c8   0x080110c8   0x00000178   Code   RO         2229    .text.WriteToADF4351  adf4351.o
    0x08011240   0x08011240   0x00000060   Code   RO         2097    .text.Write_Amplitude  ad9910.o
    0x080112a0   0x080112a0   0x00000036   Code   RO         1028    .text.__NVIC_EnableIRQ  stm32h7xx_hal_cortex.o
    0x080112d6   0x080112d6   0x00000002   PAD
    0x080112d8   0x080112d8   0x00000010   Code   RO         1020    .text.__NVIC_GetPriorityGrouping  stm32h7xx_hal_cortex.o
    0x080112e8   0x080112e8   0x0000004a   Code   RO         1022    .text.__NVIC_SetPriority  stm32h7xx_hal_cortex.o
    0x08011332   0x08011332   0x00000006   PAD
    0x08011338   0x08011338   0x00000040   Code   RO         1016    .text.__NVIC_SetPriorityGrouping  stm32h7xx_hal_cortex.o
    0x08011378   0x08011378   0x0000049c   Code   RO         2184    .text.cal_length    measure.o
    0x08011814   0x08011814   0x00000004   PAD
    0x08011818   0x08011818   0x00000106   Code   RO         2178    .text.calculate_slope  measure.o
    0x0801191e   0x0801191e   0x00000002   PAD
    0x08011920   0x08011920   0x00000054   Code   RO         2199    .text.calibration_show  display.o
    0x08011974   0x08011974   0x00000004   PAD
    0x08011978   0x08011978   0x00000034   Code   RO          188    .text.fputc         usart.o
    0x080119ac   0x080119ac   0x00000004   PAD
    0x080119b0   0x080119b0   0x00000022   Code   RO           17    .text.get1256       main.o
    0x080119d2   0x080119d2   0x00000006   PAD
    0x080119d8   0x080119d8   0x00000734   Code   RO         2186    .text.get_K         measure.o
    0x0801210c   0x0801210c   0x00000004   PAD
    0x08012110   0x08012110   0x00000228   Code   RO         2180    .text.length_scope  measure.o
    0x08012338   0x08012338   0x00000544   Code   RO           19    .text.main          main.o
    0x0801287c   0x0801287c   0x00000004   PAD
    0x08012880   0x08012880   0x00000134   Code   RO         2182    .text.scope_judge   measure.o
    0x080129b4   0x080129b4   0x00000004   PAD
    0x080129b8   0x080129b8   0x00000054   Code   RO         2201    .text.show_length   display.o
    0x08012a0c   0x08012a0c   0x00000004   PAD
    0x08012a10   0x08012a10   0x00000032   Code   RO         2174    .text.swap          measure.o
    0x08012a42   0x08012a42   0x00000006   PAD
    0x08012a48   0x08012a48   0x000000a4   Code   RO         2069    .text.txd_8bit      ad9910.o
    0x08012aec   0x08012aec   0x00000004   PAD
    0x08012af0   0x08012af0   0x00000066   Code   RO         2197    .text.workstate     display.o
    0x08012b56   0x08012b56   0x00000002   PAD
    0x08012b58   0x08012b58   0x00000020   Code   RO         2295    i.__0printf         mc_w.l(printfa.o)
    0x08012b78   0x08012b78   0x00000028   Code   RO         2297    i.__0sprintf        mc_w.l(printfa.o)
    0x08012ba0   0x08012ba0   0x0000009a   Code   RO         2283    i.__hardfp_roundf   m_wv.l(roundf.o)
    0x08012c3a   0x08012c3a   0x0000000e   Code   RO         2411    i.__scatterload_copy  mc_w.l(handlers.o)
    0x08012c48   0x08012c48   0x00000002   Code   RO         2412    i.__scatterload_null  mc_w.l(handlers.o)
    0x08012c4a   0x08012c4a   0x0000000e   Code   RO         2413    i.__scatterload_zeroinit  mc_w.l(handlers.o)
    0x08012c58   0x08012c58   0x00000184   Code   RO         2302    i._fp_digits        mc_w.l(printfa.o)
    0x08012ddc   0x08012ddc   0x000006dc   Code   RO         2303    i._printf_core      mc_w.l(printfa.o)
    0x080134b8   0x080134b8   0x00000024   Code   RO         2304    i._printf_post_padding  mc_w.l(printfa.o)
    0x080134dc   0x080134dc   0x0000002e   Code   RO         2305    i._printf_pre_padding  mc_w.l(printfa.o)
    0x0801350a   0x0801350a   0x0000000a   Code   RO         2307    i._sputc            mc_w.l(printfa.o)
    0x08013514   0x08013514   0x00000010   Data   RO         2056    .rodata.D1CorePrescTable  system_stm32h7xx.o
    0x08013524   0x08013524   0x00000008   Data   RO          799    .rodata.DMA_CalcBaseAndBitshift.flagBitshiftOffset  stm32h7xx_hal_dma.o
    0x0801352c   0x0801352c   0x00000008   Data   RO         2041    .rodata.UARTEx_SetNbDataToProcess.denominator  stm32h7xx_hal_uart_ex.o
    0x08013534   0x08013534   0x00000008   Data   RO         2040    .rodata.UARTEx_SetNbDataToProcess.numerator  stm32h7xx_hal_uart_ex.o
    0x0801353c   0x0801353c   0x00000018   Data   RO         1995    .rodata.UARTPrescTable  stm32h7xx_hal_uart.o
    0x08013554   0x08013554   0x0000002f   Data   RO           67    .rodata.str1.1      main.o
    0x08013583   0x08013583   0x00000005   Data   RO         2188    .rodata.str1.1      measure.o
    0x08013588   0x08013588   0x00000037   Data   RO         2207    .rodata.str1.1      display.o
    0x080135bf   0x080135bf   0x00000001   PAD
    0x080135c0   0x080135c0   0x00000020   Data   RO         2410    Region$$Table       anon$$obj.o


    Execution Region RW_IRAM1 (Exec base: 0x20000000, Load base: 0x080135e0, Size: 0x00007da8, Max: 0x00020000, ABSOLUTE, COMPRESSED[0x00000130])

    Exec Addr    Load Addr    Size         Type   Attr      Idx    E Section Name        Object

    0x20000000   COMPRESSED   0x00000004   Data   RW         2364    .data               mc_w.l(stdout.o)
    0x20000004   COMPRESSED   0x00000004   Data   RW         2154    .data.Assist_DAC    ad9910.o
    0x20000008   COMPRESSED   0x00000004   Data   RW         2151    .data.CFR1          ad9910.o
    0x2000000c   COMPRESSED   0x00000004   Data   RW         2153    .data.CFR3          ad9910.o
    0x20000010   COMPRESSED   0x00000028   Data   RW           50    .data.M10_END       main.o
    0x20000038   COMPRESSED   0x00000028   Data   RW           53    .data.M10_K         main.o
    0x20000060   COMPRESSED   0x00000028   Data   RW           47    .data.M10_START     main.o
    0x20000088   COMPRESSED   0x00000004   Data   RW           44    .data.M10_fre_start  main.o
    0x2000008c   COMPRESSED   0x00000028   Data   RW           51    .data.M14_END       main.o
    0x200000b4   COMPRESSED   0x00000028   Data   RW           54    .data.M14_K         main.o
    0x200000dc   COMPRESSED   0x00000028   Data   RW           48    .data.M14_START     main.o
    0x20000104   COMPRESSED   0x00000004   Data   RW           45    .data.M14_fre_start  main.o
    0x20000108   COMPRESSED   0x00000028   Data   RW           52    .data.M18_END       main.o
    0x20000130   COMPRESSED   0x00000028   Data   RW           55    .data.M18_K         main.o
    0x20000158   COMPRESSED   0x00000028   Data   RW           49    .data.M18_START     main.o
    0x20000180   COMPRESSED   0x00000004   Data   RW           46    .data.M18_fre_start  main.o
    0x20000184   COMPRESSED   0x00000004   Data   RW           61    .data.M1_10M        main.o
    0x20000188   COMPRESSED   0x00000004   Data   RW           62    .data.M1_14M        main.o
    0x2000018c   COMPRESSED   0x00000004   Data   RW           63    .data.M1_18M        main.o
    0x20000190   COMPRESSED   0x00000004   Data   RW           60    .data.M1_1M         main.o
    0x20000194   COMPRESSED   0x00000004   Data   RW           64    .data.M1_20M        main.o
    0x20000198   COMPRESSED   0x00000008   Data   RW         2155    .data.Profile_All   ad9910.o
    0x200001a0   COMPRESSED   0x00000004   Data   RW         2054    .data.SystemCoreClock  system_stm32h7xx.o
    0x200001a4   COMPRESSED   0x00000004   Data   RW         2055    .data.SystemD2Clock  system_stm32h7xx.o
    0x200001a8   COMPRESSED   0x00000001   Data   RW         1185    .data.uwTickFreq    stm32h7xx_hal.o
    0x200001a9   COMPRESSED   0x00000003   PAD
    0x200001ac   COMPRESSED   0x00000004   Data   RW         1184    .data.uwTickPrio    stm32h7xx_hal.o
    0x200001b0        -       0x00000004   Zero   RW         2152    .bss.CFR2           ad9910.o
    0x200001b4        -       0x00000028   Zero   RW           43    .bss.Dat            main.o
    0x200001dc        -       0x00000004   Zero   RW           65    .bss.M1_Unknown     main.o
    0x200001e0        -       0x00000028   Zero   RW           59    .bss.M1_fre         main.o
    0x20000208        -       0x00000028   Zero   RW           58    .bss.M1_length      main.o
    0x20000230        -       0x00000028   Zero   RW           56    .bss.MUnknown       main.o
    0x20000258        -       0x00000004   Zero   RW           57    .bss.Mlength        main.o
    0x2000025c        -       0x00000004   Zero   RW           39    .bss.check_K_flag   main.o
    0x20000260        -       0x00000190   Zero   RW           34    .bss.comp           main.o
    0x200003f0        -       0x00000064   Zero   RW          100    .bss.hadc1          adc.o
    0x20000454        -       0x00000064   Zero   RW          101    .bss.hadc3          adc.o
    0x200004b8        -       0x00000014   Zero   RW          118    .bss.hdac1          dac.o
    0x200004cc        -       0x00000078   Zero   RW          102    .bss.hdma_adc1      adc.o
    0x20000544        -       0x00000078   Zero   RW          103    .bss.hdma_adc3      adc.o
    0x200005bc        -       0x00000078   Zero   RW          119    .bss.hdma_dac1_ch2  dac.o
    0x20000634        -       0x0000004c   Zero   RW          161    .bss.htim1          tim.o
    0x20000680        -       0x0000004c   Zero   RW          167    .bss.htim15         tim.o
    0x200006cc        -       0x0000004c   Zero   RW          162    .bss.htim2          tim.o
    0x20000718        -       0x0000004c   Zero   RW          163    .bss.htim3          tim.o
    0x20000764        -       0x0000004c   Zero   RW          164    .bss.htim4          tim.o
    0x200007b0        -       0x0000004c   Zero   RW          165    .bss.htim6          tim.o
    0x200007fc        -       0x0000004c   Zero   RW          166    .bss.htim7          tim.o
    0x20000848        -       0x00000094   Zero   RW          193    .bss.huart1         usart.o
    0x200008dc        -       0x00000094   Zero   RW          192    .bss.huart7         usart.o
    0x20000970        -       0x00000004   Zero   RW          232    .bss.lcd_r          stm32h7xx_it.o
    0x20000974        -       0x00000004   Zero   RW           29    .bss.length_flag    main.o
    0x20000978        -       0x00000004   Zero   RW           30    .bss.load_flag      main.o
    0x2000097c        -       0x00000004   Zero   RW           66    .bss.scale_flag     main.o
    0x20000980        -       0x0000001e   Zero   RW           31    .bss.screen_message  main.o
    0x2000099e   COMPRESSED   0x00000002   PAD
    0x200009a0        -       0x00000004   Zero   RW         1186    .bss.uwTick         stm32h7xx_hal.o
    0x200009a4        -       0x00000004   Zero   RW           36    .bss.x_tmp          main.o
    0x200009a8        -       0x00007400   Zero   RW            1    STACK               startup_stm32h743xx.o



  Load Region LR$$.ARM.__at_0x30000000 (Base: 0x30000000, Size: 0x00000fa0, Max: 0x00000fa0, ABSOLUTE, COMPRESSED[0x00000020])

    Execution Region ER$$.ARM.__at_0x30000000 (Exec base: 0x30000000, Load base: 0x30000000, Size: 0x00000fa0, Max: 0x00000fa0, ABSOLUTE, UNINIT, COMPRESSED[0x00000020])

    Exec Addr    Load Addr    Size         Type   Attr      Idx    E Section Name        Object

    0x30000000   COMPRESSED   0x00000fa0   Data   RW           69    .ARM.__at_0x30000000  main.o



  Load Region LR$$.ARM.__at_0x30020000 (Base: 0x30020000, Size: 0x00004e20, Max: 0x00004e20, ABSOLUTE, COMPRESSED[0x000000a0])

    Execution Region ER$$.ARM.__at_0x30020000 (Exec base: 0x30020000, Load base: 0x30020000, Size: 0x00004e20, Max: 0x00004e20, ABSOLUTE, UNINIT, COMPRESSED[0x000000a0])

    Exec Addr    Load Addr    Size         Type   Attr      Idx    E Section Name        Object

    0x30020000   COMPRESSED   0x00004e20   Data   RW           68    .ARM.__at_0x30020000  main.o


==============================================================================

Image component sizes


      Code (inc. data)   RO Data    RW Data    ZI Data      Debug   Object Name

      1562         16          0         20          4      17469   ad9910.o
       822          0          0          0        440       7746   adc.o
      1508         36          0          0          0       4958   adf4351.o
      2064        164          0          0          0       4830   ads1256.o
       334          0          0          0        140       6201   dac.o
       270          8         55          0          0       1536   display.o
       128          0          0          0          0       5315   dma.o
       420          0          0          0          0       3340   gpio.o
      2080          4         47      24392        618      14037   main.o
      4396         28          5          0          0       3899   measure.o
        36          8        664          0      29696        820   startup_stm32h743xx.o
       402          0          0          5          4      13883   stm32h7xx_hal.o
      4388          0          0          0          0      22141   stm32h7xx_hal_adc.o
       722          0          0          0          0      21529   stm32h7xx_hal_adc_ex.o
       796          0          0          0          0      11384   stm32h7xx_hal_cortex.o
      1406          0          0          0          0       7963   stm32h7xx_hal_dac.o
       136          0          0          0          0       7541   stm32h7xx_hal_dac_ex.o
     15896          8          8          0          0      12860   stm32h7xx_hal_dma.o
      1106          0          0          0          0       7001   stm32h7xx_hal_gpio.o
        38          0          0          0          0       2207   stm32h7xx_hal_msp.o
       170          0          0          0          0      10384   stm32h7xx_hal_pwr_ex.o
      5160         66          0          0          0      11940   stm32h7xx_hal_rcc.o
     10640        118          0          0          0      19306   stm32h7xx_hal_rcc_ex.o
      5668         22          0          0          0      37739   stm32h7xx_hal_tim.o
       388          0          0          0          0      17586   stm32h7xx_hal_tim_ex.o
      9050        258         24          0          0      29228   stm32h7xx_hal_uart.o
       604          0         16          0          0       8883   stm32h7xx_hal_uart_ex.o
       556          0          0          0          4       2009   stm32h7xx_it.o
       346          0         16          8          0       5787   system_stm32h7xx.o
      1684          0          0          0        532      12610   tim.o
       784          0          0          0        296      12324   usart.o

    ----------------------------------------------------------------------
     74308        780        868      24428      31736     344456   Object Totals
         0          0         32          0          0          0   (incl. Generated)
       748         44          1          3          2          0   (incl. Padding)

    ----------------------------------------------------------------------

      Code (inc. data)   RO Data    RW Data    ZI Data      Debug   Library Member Name

       154          0          0          0          0        140   roundf.o
        86          0          0          0          0          0   __dczerorl2.o
         0          0          0          0          0          0   entry.o
         0          0          0          0          0          0   entry10a.o
         0          0          0          0          0          0   entry11a.o
         8          4          0          0          0          0   entry2.o
         4          0          0          0          0          0   entry5.o
         0          0          0          0          0          0   entry7b.o
         0          0          0          0          0          0   entry8b.o
         8          4          0          0          0          0   entry9a.o
        30          0          0          0          0          0   handlers.o
        36          8          0          0          0         68   init.o
         0          0          0          0          0          0   iusefp.o
        30          0          0          0          0         68   llshl.o
        36          0          0          0          0         68   llsshr.o
        32          0          0          0          0         68   llushr.o
        36          0          0          0          0        108   memseta.o
      2308         96          0          0          0        604   printfa.o
         0          0          0          4          0          0   stdout.o
        44          0          0          0          0         80   uidiv.o
        98          0          0          0          0         92   uldiv.o
        48          0          0          0          0         68   cdrcmple.o
       334          0          0          0          0        148   dadd.o
       222          0          0          0          0        100   ddiv.o
       186          0          0          0          0        176   depilogue.o
        48          0          0          0          0         68   dfixul.o
       228          0          0          0          0         96   dmul.o
       110          0          0          0          0        168   fepilogue.o
        60          0          0          0          0         76   frnd.o

    ----------------------------------------------------------------------
      4152        112          0          4          0       2196   Library Totals
         6          0          0          0          0          0   (incl. Padding)

    ----------------------------------------------------------------------

      Code (inc. data)   RO Data    RW Data    ZI Data      Debug   Library Name

       154          0          0          0          0        140   m_wv.l
      2756        112          0          4          0       1156   mc_w.l
      1236          0          0          0          0        900   mf_w.l

    ----------------------------------------------------------------------
      4152        112          0          4          0       2196   Library Totals

    ----------------------------------------------------------------------

==============================================================================


      Code (inc. data)   RO Data    RW Data    ZI Data      Debug   

     78460        892        868      24432      31736     345432   Grand Totals
     78460        892        868        496      31736     345432   ELF Image Totals (compressed)
     78460        892        868        496          0          0   ROM Totals

==============================================================================

    Total RO  Size (Code + RO Data)                79328 (  77.47kB)
    Total RW  Size (RW Data + ZI Data)             56168 (  54.85kB)
    Total ROM Size (Code + RO Data + RW Data)      79824 (  77.95kB)

==============================================================================

