Component: ARM Compiler 6.11 Tool: armlink [5d3b3900]

==============================================================================

Section Cross References

    startup_stm32h743xx.o(RESET) refers to startup_stm32h743xx.o(STACK) for __initial_sp
    startup_stm32h743xx.o(RESET) refers to startup_stm32h743xx.o(.text) for Reset_Handler
    startup_stm32h743xx.o(RESET) refers to stm32h7xx_it.o(.text.NMI_Handler) for NMI_Handler
    startup_stm32h743xx.o(RESET) refers to stm32h7xx_it.o(.text.HardFault_Handler) for HardFault_Handler
    startup_stm32h743xx.o(RESET) refers to stm32h7xx_it.o(.text.MemManage_Handler) for MemManage_Handler
    startup_stm32h743xx.o(RESET) refers to stm32h7xx_it.o(.text.BusFault_Handler) for BusFault_Handler
    startup_stm32h743xx.o(RESET) refers to stm32h7xx_it.o(.text.UsageFault_Handler) for UsageFault_Handler
    startup_stm32h743xx.o(RESET) refers to stm32h7xx_it.o(.text.SVC_Handler) for SVC_Handler
    startup_stm32h743xx.o(RESET) refers to stm32h7xx_it.o(.text.DebugMon_Handler) for DebugMon_Handler
    startup_stm32h743xx.o(RESET) refers to stm32h7xx_it.o(.text.PendSV_Handler) for PendSV_Handler
    startup_stm32h743xx.o(RESET) refers to stm32h7xx_it.o(.text.SysTick_Handler) for SysTick_Handler
    startup_stm32h743xx.o(RESET) refers to stm32h7xx_it.o(.text.DMA1_Stream1_IRQHandler) for DMA1_Stream1_IRQHandler
    startup_stm32h743xx.o(RESET) refers to stm32h7xx_it.o(.text.TIM3_IRQHandler) for TIM3_IRQHandler
    startup_stm32h743xx.o(RESET) refers to stm32h7xx_it.o(.text.TIM4_IRQHandler) for TIM4_IRQHandler
    startup_stm32h743xx.o(RESET) refers to stm32h7xx_it.o(.text.DMA2_Stream1_IRQHandler) for DMA2_Stream1_IRQHandler
    startup_stm32h743xx.o(RESET) refers to stm32h7xx_it.o(.text.UART7_IRQHandler) for UART7_IRQHandler
    startup_stm32h743xx.o(.text) refers to system_stm32h7xx.o(.text.SystemInit) for SystemInit
    startup_stm32h743xx.o(.text) refers to entry.o(.ARM.Collect$$$$00000000) for __main
    main.o(.text.adc3_init) refers to adc.o(.text.MX_ADC3_Init) for MX_ADC3_Init
    main.o(.text.adc3_init) refers to tim.o(.text.Delay_Us) for Delay_Us
    main.o(.text.adc3_init) refers to adc.o(.bss.hadc3) for hadc3
    main.o(.text.adc3_init) refers to stm32h7xx_hal_adc_ex.o(.text.HAL_ADCEx_Calibration_Start) for HAL_ADCEx_Calibration_Start
    main.o(.text.adc3_init) refers to main.o(.rodata.str1.1) for .L.str
    main.o(.text.adc3_init) refers to printfa.o(i.__0printf) for printf
    main.o(.text.adc3_init) refers to main.o(.text.Error_Handler) for Error_Handler
    main.o(.text.adc3_init) refers to main.o(.ARM.__at_0x30000000) for adc3_data
    main.o(.text.adc3_init) refers to stm32h7xx_hal_adc.o(.text.HAL_ADC_Start_DMA) for HAL_ADC_Start_DMA
    main.o(.text.adc3_init) refers to tim.o(.bss.htim1) for htim1
    main.o(.text.adc3_init) refers to stm32h7xx_hal_tim.o(.text.HAL_TIM_Base_Start) for HAL_TIM_Base_Start
    main.o(.text.adc3_init) refers to main.o(.bss.AdcConvEnd) for AdcConvEnd
    main.o(.text.adc3_init) refers to stm32h7xx_hal_adc.o(.text.HAL_ADC_DeInit) for HAL_ADC_DeInit
    main.o(.ARM.exidx.text.adc3_init) refers to main.o(.text.adc3_init) for [Anonymous Symbol]
    main.o(.ARM.exidx.text.Error_Handler) refers to main.o(.text.Error_Handler) for [Anonymous Symbol]
    main.o(.text.adc_saopin) refers to adc.o(.text.MX_ADC1_Init) for MX_ADC1_Init
    main.o(.text.adc_saopin) refers to tim.o(.text.Delay_Us) for Delay_Us
    main.o(.text.adc_saopin) refers to adc.o(.bss.hadc1) for hadc1
    main.o(.text.adc_saopin) refers to stm32h7xx_hal_adc_ex.o(.text.HAL_ADCEx_Calibration_Start) for HAL_ADCEx_Calibration_Start
    main.o(.text.adc_saopin) refers to main.o(.rodata.str1.1) for .L.str
    main.o(.text.adc_saopin) refers to printfa.o(i.__0printf) for printf
    main.o(.text.adc_saopin) refers to main.o(.text.Error_Handler) for Error_Handler
    main.o(.text.adc_saopin) refers to main.o(.ARM.__at_0x30020000) for adc1_data
    main.o(.text.adc_saopin) refers to stm32h7xx_hal_adc.o(.text.HAL_ADC_Start_DMA) for HAL_ADC_Start_DMA
    main.o(.text.adc_saopin) refers to tim.o(.bss.htim15) for htim15
    main.o(.text.adc_saopin) refers to stm32h7xx_hal_tim.o(.text.HAL_TIM_Base_Start) for HAL_TIM_Base_Start
    main.o(.text.adc_saopin) refers to main.o(.bss.AdcConvEnd) for AdcConvEnd
    main.o(.text.adc_saopin) refers to stm32h7xx_hal_adc.o(.text.HAL_ADC_DeInit) for HAL_ADC_DeInit
    main.o(.ARM.exidx.text.adc_saopin) refers to main.o(.text.adc_saopin) for [Anonymous Symbol]
    main.o(.text.SineWave) refers to main.o(.data.Dat) for Dat
    main.o(.ARM.exidx.text.SineWave) refers to main.o(.text.SineWave) for [Anonymous Symbol]
    main.o(.text.get1256) refers to ads1256.o(.text.ADS1256GetVolt) for ADS1256GetVolt
    main.o(.ARM.exidx.text.get1256) refers to main.o(.text.get1256) for [Anonymous Symbol]
    main.o(.text.main) refers to main.o(.text.MPU_Config) for MPU_Config
    main.o(.text.main) refers to stm32h7xx_hal.o(.text.HAL_Init) for HAL_Init
[...]
    _clock_init                               - Undefined Weak Reference
    _microlib_exit                            - Undefined Weak Reference
    __Vectors_Size                           0x00000298   Number         0  startup_stm32h743xx.o ABSOLUTE
    __Vectors                                0x08000000   Data           4  startup_stm32h743xx.o(RESET)
    __Vectors_End                            0x08000298   Data           0  startup_stm32h743xx.o(RESET)
    __main                                   0x08000299   Thumb Code     0  entry.o(.ARM.Collect$$$$00000000)
    _main_stk                                0x08000299   Thumb Code     0  entry2.o(.ARM.Collect$$$$00000001)
    _main_scatterload                        0x0800029d   Thumb Code     0  entry5.o(.ARM.Collect$$$$00000004)
    __main_after_scatterload                 0x080002a1   Thumb Code     0  entry5.o(.ARM.Collect$$$$00000004)
    _main_clock                              0x080002a1   Thumb Code     0  entry7b.o(.ARM.Collect$$$$00000008)
    _main_cpp_init                           0x080002a1   Thumb Code     0  entry8b.o(.ARM.Collect$$$$0000000A)
    _main_init                               0x080002a1   Thumb Code     0  entry9a.o(.ARM.Collect$$$$0000000B)
    __rt_final_cpp                           0x080002a9   Thumb Code     0  entry10a.o(.ARM.Collect$$$$0000000D)
    __rt_final_exit                          0x080002a9   Thumb Code     0  entry11a.o(.ARM.Collect$$$$0000000F)
    Reset_Handler                            0x080002ad   Thumb Code     8  startup_stm32h743xx.o(.text)
    ADC3_IRQHandler                          0x080002c7   Thumb Code     0  startup_stm32h743xx.o(.text)
    ADC_IRQHandler                           0x080002c7   Thumb Code     0  startup_stm32h743xx.o(.text)
    BDMA_Channel0_IRQHandler                 0x080002c7   Thumb Code     0  startup_stm32h743xx.o(.text)
    BDMA_Channel1_IRQHandler                 0x080002c7   Thumb Code     0  startup_stm32h743xx.o(.text)
    BDMA_Channel2_IRQHandler                 0x080002c7   Thumb Code     0  startup_stm32h743xx.o(.text)
    BDMA_Channel3_IRQHandler                 0x080002c7   Thumb Code     0  startup_stm32h743xx.o(.text)
    BDMA_Channel4_IRQHandler                 0x080002c7   Thumb Code     0  startup_stm32h743xx.o(.text)
    BDMA_Channel5_IRQHandler                 0x080002c7   Thumb Code     0  startup_stm32h743xx.o(.text)
    BDMA_Channel6_IRQHandler                 0x080002c7   Thumb Code     0  startup_stm32h743xx.o(.text)
    BDMA_Channel7_IRQHandler                 0x080002c7   Thumb Code     0  startup_stm32h743xx.o(.text)
    CEC_IRQHandler                           0x080002c7   Thumb Code     0  startup_stm32h743xx.o(.text)
    COMP1_IRQHandler                         0x080002c7   Thumb Code     0  startup_stm32h743xx.o(.text)
    CRS_IRQHandler                           0x080002c7   Thumb Code     0  startup_stm32h743xx.o(.text)
    DCMI_IRQHandler                          0x080002c7   Thumb Code     0  startup_stm32h743xx.o(.text)
    DFSDM1_FLT0_IRQHandler                   0x080002c7   Thumb Code     0  startup_stm32h743xx.o(.text)
    DFSDM1_FLT1_IRQHandler                   0x080002c7   Thumb Code     0  startup_stm32h743xx.o(.text)
    DFSDM1_FLT2_IRQHandler                   0x080002c7   Thumb Code     0  startup_stm32h743xx.o(.text)
    DFSDM1_FLT3_IRQHandler                   0x080002c7   Thumb Code     0  startup_stm32h743xx.o(.text)
    DMA1_Stream0_IRQHandler                  0x080002c7   Thumb Code     0  startup_stm32h743xx.o(.text)
    DMA1_Stream2_IRQHandler                  0x080002c7   Thumb Code     0  startup_stm32h743xx.o(.text)
    DMA1_Stream3_IRQHandler                  0x080002c7   Thumb Code     0  startup_stm32h743xx.o(.text)
    DMA1_Stream4_IRQHandler                  0x080002c7   Thumb Code     0  startup_stm32h743xx.o(.text)
    DMA1_Stream5_IRQHandler                  0x080002c7   Thumb Code     0  startup_stm32h743xx.o(.text)
    DMA1_Stream6_IRQHandler                  0x080002c7   Thumb Code     0  startup_stm32h743xx.o(.text)
    DMA1_Stream7_IRQHandler                  0x080002c7   Thumb Code     0  startup_stm32h743xx.o(.text)
    DMA2D_IRQHandler                         0x080002c7   Thumb Code     0  startup_stm32h743xx.o(.text)
    DMA2_Stream0_IRQHandler                  0x080002c7   Thumb Code     0  startup_stm32h743xx.o(.text)
    DMA2_Stream2_IRQHandler                  0x080002c7   Thumb Code     0  startup_stm32h743xx.o(.text)
    DMA2_Stream3_IRQHandler                  0x080002c7   Thumb Code     0  startup_stm32h743xx.o(.text)
    DMA2_Stream4_IRQHandler                  0x080002c7   Thumb Code     0  startup_stm32h743xx.o(.text)
    DMA2_Stream5_IRQHandler                  0x080002c7   Thumb Code     0  startup_stm32h743xx.o(.text)
    DMA2_Stream6_IRQHandler                  0x080002c7   Thumb Code     0  startup_stm32h743xx.o(.text)
    DMA2_Stream7_IRQHandler                  0x080002c7   Thumb Code     0  startup_stm32h743xx.o(.text)
    DMAMUX1_OVR_IRQHandler                   0x080002c7   Thumb Code     0  startup_stm32h743xx.o(.text)
    DMAMUX2_OVR_IRQHandler                   0x080002c7   Thumb Code     0  startup_stm32h743xx.o(.text)
    ECC_IRQHandler                           0x080002c7   Thumb Code     0  startup_stm32h743xx.o(.text)
    ETH_IRQHandler                           0x080002c7   Thumb Code     0  startup_stm32h743xx.o(.text)
    ETH_WKUP_IRQHandler                      0x080002c7   Thumb Code     0  startup_stm32h743xx.o(.text)
    EXTI0_IRQHandler                         0x080002c7   Thumb Code     0  startup_stm32h743xx.o(.text)
    EXTI15_10_IRQHandler                     0x080002c7   Thumb Code     0  startup_stm32h743xx.o(.text)
    EXTI1_IRQHandler                         0x080002c7   Thumb Code     0  startup_stm32h743xx.o(.text)
    EXTI2_IRQHandler                         0x080002c7   Thumb Code     0  startup_stm32h743xx.o(.text)
    EXTI3_IRQHandler                         0x080002c7   Thumb Code     0  startup_stm32h743xx.o(.text)
    EXTI4_IRQHandler                         0x080002c7   Thumb Code     0  startup_stm32h743xx.o(.text)
    EXTI9_5_IRQHandler                       0x080002c7   Thumb Code     0  startup_stm32h743xx.o(.text)
    FDCAN1_IT0_IRQHandler                    0x080002c7   Thumb Code     0  startup_stm32h743xx.o(.text)
    FDCAN1_IT1_IRQHandler                    0x080002c7   Thumb Code     0  startup_stm32h743xx.o(.text)
    FDCAN2_IT0_IRQHandler                    0x080002c7   Thumb Code     0  startup_stm32h743xx.o(.text)
    FDCAN2_IT1_IRQHandler                    0x080002c7   Thumb Code     0  startup_stm32h743xx.o(.text)
    FDCAN_CAL_IRQHandler                     0x080002c7   Thumb Code     0  startup_stm32h743xx.o(.text)
    FLASH_IRQHandler                         0x080002c7   Thumb Code     0  startup_stm32h743xx.o(.text)
    FMC_IRQHandler                           0x080002c7   Thumb Code     0  startup_stm32h743xx.o(.text)
    FPU_IRQHandler                           0x080002c7   Thumb Code     0  startup_stm32h743xx.o(.text)
    HRTIM1_FLT_IRQHandler                    0x080002c7   Thumb Code     0  startup_stm32h743xx.o(.text)
    HRTIM1_Master_IRQHandler                 0x080002c7   Thumb Code     0  startup_stm32h743xx.o(.text)
    HRTIM1_TIMA_IRQHandler                   0x080002c7   Thumb Code     0  startup_stm32h743xx.o(.text)
    HRTIM1_TIMB_IRQHandler                   0x080002c7   Thumb Code     0  startup_stm32h743xx.o(.text)
    HRTIM1_TIMC_IRQHandler                   0x080002c7   Thumb Code     0  startup_stm32h743xx.o(.text)
    HRTIM1_TIMD_IRQHandler                   0x080002c7   Thumb Code     0  startup_stm32h743xx.o(.text)
    HRTIM1_TIME_IRQHandler                   0x080002c7   Thumb Code     0  startup_stm32h743xx.o(.text)
    HSEM1_IRQHandler                         0x080002c7   Thumb Code     0  startup_stm32h743xx.o(.text)
    I2C1_ER_IRQHandler                       0x080002c7   Thumb Code     0  startup_stm32h743xx.o(.text)
    I2C1_EV_IRQHandler                       0x080002c7   Thumb Code     0  startup_stm32h743xx.o(.text)
    I2C2_ER_IRQHandler                       0x080002c7   Thumb Code     0  startup_stm32h743xx.o(.text)
    I2C2_EV_IRQHandler                       0x080002c7   Thumb Code     0  startup_stm32h743xx.o(.text)
    I2C3_ER_IRQHandler                       0x080002c7   Thumb Code     0  startup_stm32h743xx.o(.text)
    I2C3_EV_IRQHandler                       0x080002c7   Thumb Code     0  startup_stm32h743xx.o(.text)
    I2C4_ER_IRQHandler                       0x080002c7   Thumb Code     0  startup_stm32h743xx.o(.text)
    I2C4_EV_IRQHandler                       0x080002c7   Thumb Code     0  startup_stm32h743xx.o(.text)
    JPEG_IRQHandler                          0x080002c7   Thumb Code     0  startup_stm32h743xx.o(.text)
    LPTIM1_IRQHandler                        0x080002c7   Thumb Code     0  startup_stm32h743xx.o(.text)
    LPTIM2_IRQHandler                        0x080002c7   Thumb Code     0  startup_stm32h743xx.o(.text)
    LPTIM3_IRQHandler                        0x080002c7   Thumb Code     0  startup_stm32h743xx.o(.text)
    LPTIM4_IRQHandler                        0x080002c7   Thumb Code     0  startup_stm32h743xx.o(.text)
    LPTIM5_IRQHandler                        0x080002c7   Thumb Code     0  startup_stm32h743xx.o(.text)
    LPUART1_IRQHandler                       0x080002c7   Thumb Code     0  startup_stm32h743xx.o(.text)
    LTDC_ER_IRQHandler                       0x080002c7   Thumb Code     0  startup_stm32h743xx.o(.text)
    LTDC_IRQHandler                          0x080002c7   Thumb Code     0  startup_stm32h743xx.o(.text)
    MDIOS_IRQHandler                         0x080002c7   Thumb Code     0  startup_stm32h743xx.o(.text)
    MDIOS_WKUP_IRQHandler                    0x080002c7   Thumb Code     0  startup_stm32h743xx.o(.text)
    MDMA_IRQHandler                          0x080002c7   Thumb Code     0  startup_stm32h743xx.o(.text)
    OTG_FS_EP1_IN_IRQHandler                 0x080002c7   Thumb Code     0  startup_stm32h743xx.o(.text)
    OTG_FS_EP1_OUT_IRQHandler                0x080002c7   Thumb Code     0  startup_stm32h743xx.o(.text)
    OTG_FS_IRQHandler                        0x080002c7   Thumb Code     0  startup_stm32h743xx.o(.text)
    OTG_FS_WKUP_IRQHandler                   0x080002c7   Thumb Code     0  startup_stm32h743xx.o(.text)
    OTG_HS_EP1_IN_IRQHandler                 0x080002c7   Thumb Code     0  startup_stm32h743xx.o(.text)
    OTG_HS_EP1_OUT_IRQHandler                0x080002c7   Thumb Code     0  startup_stm32h743xx.o(.text)
    OTG_HS_IRQHandler                        0x080002c7   Thumb Code     0  startup_stm32h743xx.o(.text)
    OTG_HS_WKUP_IRQHandler                   0x080002c7   Thumb Code     0  startup_stm32h743xx.o(.text)
    PVD_AVD_IRQHandler                       0x080002c7   Thumb Code     0  startup_stm32h743xx.o(.text)
    QUADSPI_IRQHandler                       0x080002c7   Thumb Code     0  startup_stm32h743xx.o(.text)
    RCC_IRQHandler                           0x080002c7   Thumb Code     0  startup_stm32h743xx.o(.text)
    RNG_IRQHandler                           0x080002c7   Thumb Code     0  startup_stm32h743xx.o(.text)
    RTC_Alarm_IRQHandler                     0x080002c7   Thumb Code     0  startup_stm32h743xx.o(.text)
    RTC_WKUP_IRQHandler                      0x080002c7   Thumb Code     0  startup_stm32h743xx.o(.text)
    SAI1_IRQHandler                          0x080002c7   Thumb Code     0  startup_stm32h743xx.o(.text)
    SAI2_IRQHandler                          0x080002c7   Thumb Code     0  startup_stm32h743xx.o(.text)
    SAI3_IRQHandler                          0x080002c7   Thumb Code     0  startup_stm32h743xx.o(.text)
    SAI4_IRQHandler                          0x080002c7   Thumb Code     0  startup_stm32h743xx.o(.text)
    SDMMC1_IRQHandler                        0x080002c7   Thumb Code     0  startup_stm32h743xx.o(.text)
    SDMMC2_IRQHandler                        0x080002c7   Thumb Code     0  startup_stm32h743xx.o(.text)
    SPDIF_RX_IRQHandler                      0x080002c7   Thumb Code     0  startup_stm32h743xx.o(.text)
    SPI1_IRQHandler                          0x080002c7   Thumb Code     0  startup_stm32h743xx.o(.text)
    SPI2_IRQHandler                          0x080002c7   Thumb Code     0  startup_stm32h743xx.o(.text)
    SPI3_IRQHandler                          0x080002c7   Thumb Code     0  startup_stm32h743xx.o(.text)
    SPI4_IRQHandler                          0x080002c7   Thumb Code     0  startup_stm32h743xx.o(.text)
    SPI5_IRQHandler                          0x080002c7   Thumb Code     0  startup_stm32h743xx.o(.text)
    SPI6_IRQHandler                          0x080002c7   Thumb Code     0  startup_stm32h743xx.o(.text)
    SWPMI1_IRQHandler                        0x080002c7   Thumb Code     0  startup_stm32h743xx.o(.text)
    TAMP_STAMP_IRQHandler                    0x080002c7   Thumb Code     0  startup_stm32h743xx.o(.text)
    TIM15_IRQHandler                         0x080002c7   Thumb Code     0  startup_stm32h743xx.o(.text)
    TIM16_IRQHandler                         0x080002c7   Thumb Code     0  startup_stm32h743xx.o(.text)
    TIM17_IRQHandler                         0x080002c7   Thumb Code     0  startup_stm32h743xx.o(.text)
    TIM1_BRK_IRQHandler                      0x080002c7   Thumb Code     0  startup_stm32h743xx.o(.text)
    TIM1_CC_IRQHandler                       0x080002c7   Thumb Code     0  startup_stm32h743xx.o(.text)
    TIM1_TRG_COM_IRQHandler                  0x080002c7   Thumb Code     0  startup_stm32h743xx.o(.text)
    TIM1_UP_IRQHandler                       0x080002c7   Thumb Code     0  startup_stm32h743xx.o(.text)
    TIM2_IRQHandler                          0x080002c7   Thumb Code     0  startup_stm32h743xx.o(.text)
    TIM5_IRQHandler                          0x080002c7   Thumb Code     0  startup_stm32h743xx.o(.text)
    TIM6_DAC_IRQHandler                      0x080002c7   Thumb Code     0  startup_stm32h743xx.o(.text)
    TIM7_IRQHandler                          0x080002c7   Thumb Code     0  startup_stm32h743xx.o(.text)
    TIM8_BRK_TIM12_IRQHandler                0x080002c7   Thumb Code     0  startup_stm32h743xx.o(.text)
    TIM8_CC_IRQHandler                       0x080002c7   Thumb Code     0  startup_stm32h743xx.o(.text)
    TIM8_TRG_COM_TIM14_IRQHandler            0x080002c7   Thumb Code     0  startup_stm32h743xx.o(.text)
    TIM8_UP_TIM13_IRQHandler                 0x080002c7   Thumb Code     0  startup_stm32h743xx.o(.text)
    UART4_IRQHandler                         0x080002c7   Thumb Code     0  startup_stm32h743xx.o(.text)
    UART5_IRQHandler                         0x080002c7   Thumb Code     0  startup_stm32h743xx.o(.text)
    UART8_IRQHandler                         0x080002c7   Thumb Code     0  startup_stm32h743xx.o(.text)
    USART1_IRQHandler                        0x080002c7   Thumb Code     0  startup_stm32h743xx.o(.text)
    USART2_IRQHandler                        0x080002c7   Thumb Code     0  startup_stm32h743xx.o(.text)
    USART3_IRQHandler                        0x080002c7   Thumb Code     0  startup_stm32h743xx.o(.text)
    USART6_IRQHandler                        0x080002c7   Thumb Code     0  startup_stm32h743xx.o(.text)
    WAKEUP_PIN_IRQHandler                    0x080002c7   Thumb Code     0  startup_stm32h743xx.o(.text)
    WWDG_IRQHandler                          0x080002c7   Thumb Code     0  startup_stm32h743xx.o(.text)
    __aeabi_uldivmod                         0x080002d1   Thumb Code    98  uldiv.o(.text)
    __aeabi_memset                           0x08000333   Thumb Code    14  memseta.o(.text)
    __aeabi_memset4                          0x08000333   Thumb Code     0  memseta.o(.text)
    __aeabi_memset8                          0x08000333   Thumb Code     0  memseta.o(.text)
    __aeabi_memclr                           0x08000341   Thumb Code     4  memseta.o(.text)
    __aeabi_memclr4                          0x08000341   Thumb Code     0  memseta.o(.text)
    __aeabi_memclr8                          0x08000341   Thumb Code     0  memseta.o(.text)
    _memset$wrapper                          0x08000345   Thumb Code    18  memseta.o(.text)
    __aeabi_uidiv                            0x08000357   Thumb Code     0  uidiv.o(.text)
    __aeabi_uidivmod                         0x08000357   Thumb Code    44  uidiv.o(.text)
    __aeabi_llsl                             0x08000383   Thumb Code    30  llshl.o(.text)
    _ll_shift_l                              0x08000383   Thumb Code     0  llshl.o(.text)
    __aeabi_llsr                             0x080003a1   Thumb Code    32  llushr.o(.text)
    _ll_ushift_r                             0x080003a1   Thumb Code     0  llushr.o(.text)
    __I$use$fp                               0x080003c1   Thumb Code     0  iusefp.o(.text)
    _frnd                                    0x080003c1   Thumb Code    60  frnd.o(.text)
    __aeabi_dadd                             0x080003fd   Thumb Code   322  dadd.o(.text)
    __aeabi_dsub                             0x0800053f   Thumb Code     6  dadd.o(.text)
    __aeabi_drsub                            0x08000545   Thumb Code     6  dadd.o(.text)
    __aeabi_dmul                             0x0800054b   Thumb Code   228  dmul.o(.text)
    __aeabi_ddiv                             0x0800062f   Thumb Code   222  ddiv.o(.text)
    __aeabi_d2ulz                            0x0800070d   Thumb Code    48  dfixul.o(.text)
    __aeabi_cdrcmple                         0x0800073d   Thumb Code    48  cdrcmple.o(.text)
    __scatterload                            0x0800076d   Thumb Code    28  init.o(.text)
    __scatterload_rt2                        0x0800076d   Thumb Code     0  init.o(.text)
    __aeabi_lasr                             0x08000791   Thumb Code    36  llsshr.o(.text)
    _ll_sshift_r                             0x08000791   Thumb Code     0  llsshr.o(.text)
    _float_round                             0x080007b5   Thumb Code    18  fepilogue.o(.text)
    _float_epilogue                          0x080007c7   Thumb Code    92  fepilogue.o(.text)
    _double_round                            0x08000823   Thumb Code    30  depilogue.o(.text)
    _double_epilogue                         0x08000841   Thumb Code   156  depilogue.o(.text)
    __decompress                             0x080008dd   Thumb Code     0  __dczerorl2.o(.text)
    __decompress1                            0x080008dd   Thumb Code    86  __dczerorl2.o(.text)
    AD9910_IO_init                           0x08000939   Thumb Code   446  ad9910.o(.text.AD9910_IO_init)
    ADC_ConfigureBoostMode                   0x08000af9   Thumb Code   540  stm32h7xx_hal_adc.o(.text.ADC_ConfigureBoostMode)
    ADF4351Init                              0x08000d19   Thumb Code   232  adf4351.o(.text.ADF4351Init)
    ADF4351WriteFreq                         0x08000e01   Thumb Code   684  adf4351.o(.text.ADF4351WriteFreq)
    ADF_Output_GPIOInit                      0x080010b1   Thumb Code   158  adf4351.o(.text.ADF_Output_GPIOInit)
    ADS1256GetVolt                           0x08001151   Thumb Code   900  ads1256.o(.text.ADS1256GetVolt)
    ADS1256ReadData                          0x080014d9   Thumb Code   218  ads1256.o(.text.ADS1256ReadData)
    ADS1256WREG                              0x080015b9   Thumb Code   112  ads1256.o(.text.ADS1256WREG)
    ADS1256_Delay                            0x08001629   Thumb Code    10  ads1256.o(.text.ADS1256_Delay)
    ADS1256_Init                             0x08001639   Thumb Code   546  ads1256.o(.text.ADS1256_Init)
    ADS1256_Read_8Bits                       0x08001861   Thumb Code   132  ads1256.o(.text.ADS1256_Read_8Bits)
    ADS1256_Write_8Bits                      0x080018e9   Thumb Code   146  ads1256.o(.text.ADS1256_Write_8Bits)
    BusFault_Handler                         0x08001981   Thumb Code     4  stm32h7xx_it.o(.text.BusFault_Handler)
    Cap_value_get                            0x08001989   Thumb Code    58  error_detect.o(.text.Cap_value_get)
    Close_All                                0x080019c9   Thumb Code    92  error_detect.o(.text.Close_All)
    DMA1_Stream1_IRQHandler                  0x08001a29   Thumb Code    16  stm32h7xx_it.o(.text.DMA1_Stream1_IRQHandler)
    DMA2_Stream1_IRQHandler                  0x08001a39   Thumb Code    16  stm32h7xx_it.o(.text.DMA2_Stream1_IRQHandler)
    DebugMon_Handler                         0x08001fd9   Thumb Code     2  stm32h7xx_it.o(.text.DebugMon_Handler)
    Delay_Ms                                 0x08001fe1   Thumb Code    52  tim.o(.text.Delay_Ms)
    Delay_Us                                 0x08002019   Thumb Code    98  tim.o(.text.Delay_Us)
    Error_Handler                            0x08002081   Thumb Code    14  main.o(.text.Error_Handler)
    Freq_convert                             0x08002091   Thumb Code   112  ad9910.o(.text.Freq_convert)
    HAL_ADCEx_MultiModeConfigChannel         0x08002101   Thumb Code   682  stm32h7xx_hal_adc_ex.o(.text.HAL_ADCEx_MultiModeConfigChannel)
    HAL_ADC_ConfigChannel                    0x080023b1   Thumb Code  2182  stm32h7xx_hal_adc.o(.text.HAL_ADC_ConfigChannel)
    HAL_ADC_Init                             0x08002c39   Thumb Code  1008  stm32h7xx_hal_adc.o(.text.HAL_ADC_Init)
    HAL_ADC_MspInit                          0x08003029   Thumb Code   442  adc.o(.text.HAL_ADC_MspInit)
    HAL_DMA_Abort                            0x080031e9   Thumb Code  2458  stm32h7xx_hal_dma.o(.text.HAL_DMA_Abort)
    HAL_DMA_Abort_IT                         0x08003b89   Thumb Code  1736  stm32h7xx_hal_dma.o(.text.HAL_DMA_Abort_IT)
    HAL_DMA_IRQHandler                       0x08004251   Thumb Code  4666  stm32h7xx_hal_dma.o(.text.HAL_DMA_IRQHandler)
    HAL_DMA_Init                             0x08005491   Thumb Code  2452  stm32h7xx_hal_dma.o(.text.HAL_DMA_Init)
    HAL_GPIO_Init                            0x08005e29   Thumb Code   986  stm32h7xx_hal_gpio.o(.text.HAL_GPIO_Init)
    HAL_GPIO_ReadPin                         0x08006209   Thumb Code    54  stm32h7xx_hal_gpio.o(.text.HAL_GPIO_ReadPin)
    HAL_GPIO_WritePin                        0x08006241   Thumb Code    66  stm32h7xx_hal_gpio.o(.text.HAL_GPIO_WritePin)
    HAL_GetREVID                             0x08006289   Thumb Code    14  stm32h7xx_hal.o(.text.HAL_GetREVID)
    HAL_GetTick                              0x08006299   Thumb Code    12  stm32h7xx_hal.o(.text.HAL_GetTick)
    HAL_IncTick                              0x080062a9   Thumb Code    26  stm32h7xx_hal.o(.text.HAL_IncTick)
    HAL_Init                                 0x080062c9   Thumb Code   130  stm32h7xx_hal.o(.text.HAL_Init)
    HAL_InitTick                             0x08006351   Thumb Code   142  stm32h7xx_hal.o(.text.HAL_InitTick)
    HAL_MPU_ConfigRegion                     0x080063e1   Thumb Code   148  stm32h7xx_hal_cortex.o(.text.HAL_MPU_ConfigRegion)
    HAL_MPU_Disable                          0x08006479   Thumb Code    34  stm32h7xx_hal_cortex.o(.text.HAL_MPU_Disable)
    HAL_MPU_Enable                           0x080064a1   Thumb Code    52  stm32h7xx_hal_cortex.o(.text.HAL_MPU_Enable)
    HAL_MspInit                              0x080064d9   Thumb Code    38  stm32h7xx_hal_msp.o(.text.HAL_MspInit)
    HAL_NVIC_EnableIRQ                       0x08006501   Thumb Code    24  stm32h7xx_hal_cortex.o(.text.HAL_NVIC_EnableIRQ)
    HAL_NVIC_SetPriority                     0x08006519   Thumb Code    72  stm32h7xx_hal_cortex.o(.text.HAL_NVIC_SetPriority)
    HAL_NVIC_SetPriorityGrouping             0x08006561   Thumb Code    20  stm32h7xx_hal_cortex.o(.text.HAL_NVIC_SetPriorityGrouping)
    HAL_PWREx_ConfigSupply                   0x08006579   Thumb Code   170  stm32h7xx_hal_pwr_ex.o(.text.HAL_PWREx_ConfigSupply)
    HAL_RCCEx_GetD3PCLK1Freq                 0x08006629   Thumb Code    42  stm32h7xx_hal_rcc_ex.o(.text.HAL_RCCEx_GetD3PCLK1Freq)
    HAL_RCCEx_GetPLL1ClockFreq               0x08006659   Thumb Code   692  stm32h7xx_hal_rcc_ex.o(.text.HAL_RCCEx_GetPLL1ClockFreq)
    HAL_RCCEx_GetPLL2ClockFreq               0x08006911   Thumb Code   692  stm32h7xx_hal_rcc_ex.o(.text.HAL_RCCEx_GetPLL2ClockFreq)
    HAL_RCCEx_GetPLL3ClockFreq               0x08006bc9   Thumb Code   692  stm32h7xx_hal_rcc_ex.o(.text.HAL_RCCEx_GetPLL3ClockFreq)
    HAL_RCCEx_GetPeriphCLKFreq               0x08006e81   Thumb Code  3204  stm32h7xx_hal_rcc_ex.o(.text.HAL_RCCEx_GetPeriphCLKFreq)
    HAL_RCCEx_PeriphCLKConfig                0x08007b09   Thumb Code  4374  stm32h7xx_hal_rcc_ex.o(.text.HAL_RCCEx_PeriphCLKConfig)
    HAL_RCC_ClockConfig                      0x08008c21   Thumb Code  1194  stm32h7xx_hal_rcc.o(.text.HAL_RCC_ClockConfig)
    HAL_RCC_GetHCLKFreq                      0x080090d1   Thumb Code    88  stm32h7xx_hal_rcc.o(.text.HAL_RCC_GetHCLKFreq)
    HAL_RCC_GetPCLK1Freq                     0x08009129   Thumb Code    42  stm32h7xx_hal_rcc.o(.text.HAL_RCC_GetPCLK1Freq)
    HAL_RCC_GetPCLK2Freq                     0x08009159   Thumb Code    42  stm32h7xx_hal_rcc.o(.text.HAL_RCC_GetPCLK2Freq)
    HAL_RCC_GetSysClockFreq                  0x08009189   Thumb Code   788  stm32h7xx_hal_rcc.o(.text.HAL_RCC_GetSysClockFreq)
    HAL_RCC_OscConfig                        0x080094a1   Thumb Code  3006  stm32h7xx_hal_rcc.o(.text.HAL_RCC_OscConfig)
    HAL_SYSTICK_Config                       0x0800a061   Thumb Code    20  stm32h7xx_hal_cortex.o(.text.HAL_SYSTICK_Config)
    HAL_TIMEx_Break2Callback                 0x0800a079   Thumb Code    12  stm32h7xx_hal_tim_ex.o(.text.HAL_TIMEx_Break2Callback)
    HAL_TIMEx_BreakCallback                  0x0800a089   Thumb Code    12  stm32h7xx_hal_tim_ex.o(.text.HAL_TIMEx_BreakCallback)
    HAL_TIMEx_CommutCallback                 0x0800a099   Thumb Code    12  stm32h7xx_hal_tim_ex.o(.text.HAL_TIMEx_CommutCallback)
    HAL_TIMEx_MasterConfigSynchronization    0x0800a0a9   Thumb Code   352  stm32h7xx_hal_tim_ex.o(.text.HAL_TIMEx_MasterConfigSynchronization)
    HAL_TIM_Base_Init                        0x0800a209   Thumb Code   182  stm32h7xx_hal_tim.o(.text.HAL_TIM_Base_Init)
    HAL_TIM_Base_MspInit                     0x0800a2c1   Thumb Code   422  tim.o(.text.HAL_TIM_Base_MspInit)
    HAL_TIM_Base_Start                       0x0800a469   Thumb Code   252  stm32h7xx_hal_tim.o(.text.HAL_TIM_Base_Start)
    HAL_TIM_Base_Stop                        0x0800a569   Thumb Code    74  stm32h7xx_hal_tim.o(.text.HAL_TIM_Base_Stop)
    HAL_TIM_ConfigClockSource                0x0800a5b9   Thumb Code   504  stm32h7xx_hal_tim.o(.text.HAL_TIM_ConfigClockSource)
    HAL_TIM_IC_CaptureCallback               0x0800a7b1   Thumb Code    12  stm32h7xx_hal_tim.o(.text.HAL_TIM_IC_CaptureCallback)
    HAL_TIM_IRQHandler                       0x0800a7c1   Thumb Code   704  stm32h7xx_hal_tim.o(.text.HAL_TIM_IRQHandler)
    HAL_TIM_MspPostInit                      0x0800aa81   Thumb Code   110  tim.o(.text.HAL_TIM_MspPostInit)
    HAL_TIM_OC_DelayElapsedCallback          0x0800aaf1   Thumb Code    12  stm32h7xx_hal_tim.o(.text.HAL_TIM_OC_DelayElapsedCallback)
    HAL_TIM_PWM_ConfigChannel                0x0800ab01   Thumb Code   466  stm32h7xx_hal_tim.o(.text.HAL_TIM_PWM_ConfigChannel)
    HAL_TIM_PWM_Init                         0x0800acd9   Thumb Code   182  stm32h7xx_hal_tim.o(.text.HAL_TIM_PWM_Init)
    HAL_TIM_PWM_MspInit                      0x0800ad91   Thumb Code    12  stm32h7xx_hal_tim.o(.text.HAL_TIM_PWM_MspInit)
    HAL_TIM_PWM_PulseFinishedCallback        0x0800ada1   Thumb Code    12  stm32h7xx_hal_tim.o(.text.HAL_TIM_PWM_PulseFinishedCallback)
    HAL_TIM_PWM_Start                        0x0800adb1   Thumb Code   654  stm32h7xx_hal_tim.o(.text.HAL_TIM_PWM_Start)
    HAL_TIM_PeriodElapsedCallback            0x0800b041   Thumb Code    12  stm32h7xx_hal_tim.o(.text.HAL_TIM_PeriodElapsedCallback)
    HAL_TIM_TriggerCallback                  0x0800b051   Thumb Code    12  stm32h7xx_hal_tim.o(.text.HAL_TIM_TriggerCallback)
    HAL_UARTEx_DisableFifoMode               0x0800b061   Thumb Code   128  stm32h7xx_hal_uart_ex.o(.text.HAL_UARTEx_DisableFifoMode)
    HAL_UARTEx_RxEventCallback               0x0800b0e1   Thumb Code    20  stm32h7xx_hal_uart.o(.text.HAL_UARTEx_RxEventCallback)
    HAL_UARTEx_RxFifoFullCallback            0x0800b0f9   Thumb Code    12  stm32h7xx_hal_uart_ex.o(.text.HAL_UARTEx_RxFifoFullCallback)
    HAL_UARTEx_SetRxFifoThreshold            0x0800b109   Thumb Code   148  stm32h7xx_hal_uart_ex.o(.text.HAL_UARTEx_SetRxFifoThreshold)
    HAL_UARTEx_SetTxFifoThreshold            0x0800b1a1   Thumb Code   148  stm32h7xx_hal_uart_ex.o(.text.HAL_UARTEx_SetTxFifoThreshold)
    HAL_UARTEx_TxFifoEmptyCallback           0x0800b239   Thumb Code    12  stm32h7xx_hal_uart_ex.o(.text.HAL_UARTEx_TxFifoEmptyCallback)
    HAL_UARTEx_WakeupCallback                0x0800b249   Thumb Code    12  stm32h7xx_hal_uart_ex.o(.text.HAL_UARTEx_WakeupCallback)
    HAL_UART_ErrorCallback                   0x0800b259   Thumb Code    12  stm32h7xx_hal_uart.o(.text.HAL_UART_ErrorCallback)
    HAL_UART_IRQHandler                      0x0800b269   Thumb Code  1766  stm32h7xx_hal_uart.o(.text.HAL_UART_IRQHandler)
    HAL_UART_Init                            0x0800b951   Thumb Code   182  stm32h7xx_hal_uart.o(.text.HAL_UART_Init)
    HAL_UART_MspInit                         0x0800ba09   Thumb Code   354  usart.o(.text.HAL_UART_MspInit)
    HAL_UART_Receive_IT                      0x0800bb71   Thumb Code   180  stm32h7xx_hal_uart.o(.text.HAL_UART_Receive_IT)
    HAL_UART_RxCpltCallback                  0x0800bc29   Thumb Code    12  stm32h7xx_hal_uart.o(.text.HAL_UART_RxCpltCallback)
    HAL_UART_Transmit                        0x0800bc39   Thumb Code   346  stm32h7xx_hal_uart.o(.text.HAL_UART_Transmit)
    HAL_UART_TxCpltCallback                  0x0800bd99   Thumb Code    12  stm32h7xx_hal_uart.o(.text.HAL_UART_TxCpltCallback)
    HardFault_Handler                        0x0800bda9   Thumb Code     4  stm32h7xx_it.o(.text.HardFault_Handler)
    Init_ad9910                              0x0800bdb1   Thumb Code   204  ad9910.o(.text.Init_ad9910)
    MX_ADC1_Init                             0x0800c249   Thumb Code   218  adc.o(.text.MX_ADC1_Init)
    MX_ADC3_Init                             0x0800c329   Thumb Code   178  adc.o(.text.MX_ADC3_Init)
    MX_DMA_Init                              0x0800c3e1   Thumb Code   110  dma.o(.text.MX_DMA_Init)
    MX_GPIO_Init                             0x0800c451   Thumb Code   460  gpio.o(.text.MX_GPIO_Init)
    MX_TIM15_Init                            0x0800c621   Thumb Code   144  tim.o(.text.MX_TIM15_Init)
    MX_TIM1_Init                             0x0800c6b1   Thumb Code   144  tim.o(.text.MX_TIM1_Init)
    MX_TIM2_Init                             0x0800c741   Thumb Code   136  tim.o(.text.MX_TIM2_Init)
    MX_TIM3_Init                             0x0800c7c9   Thumb Code   140  tim.o(.text.MX_TIM3_Init)
    MX_TIM4_Init                             0x0800c859   Thumb Code   238  tim.o(.text.MX_TIM4_Init)
    MX_TIM6_Init                             0x0800c949   Thumb Code   102  tim.o(.text.MX_TIM6_Init)
    MX_TIM7_Init                             0x0800c9b1   Thumb Code    98  tim.o(.text.MX_TIM7_Init)
    MX_UART7_Init                            0x0800ca19   Thumb Code   170  usart.o(.text.MX_UART7_Init)
    MX_USART1_UART_Init                      0x0800cac9   Thumb Code   142  usart.o(.text.MX_USART1_UART_Init)
    MemManage_Handler                        0x0800cb59   Thumb Code     4  stm32h7xx_it.o(.text.MemManage_Handler)
    NMI_Handler                              0x0800cb61   Thumb Code     4  stm32h7xx_it.o(.text.NMI_Handler)
    PendSV_Handler                           0x0800cbe9   Thumb Code     2  stm32h7xx_it.o(.text.PendSV_Handler)
    PeriphCommonClock_Config                 0x0800cbf1   Thumb Code    74  main.o(.text.PeriphCommonClock_Config)
    QuickSort                                0x0800cc41   Thumb Code   200  measure.o(.text.QuickSort)
    SVC_Handler                              0x0800d0b9   Thumb Code     2  stm32h7xx_it.o(.text.SVC_Handler)
    SysTick_Handler                          0x0800d121   Thumb Code     8  stm32h7xx_it.o(.text.SysTick_Handler)
    SystemClock_Config                       0x0800d129   Thumb Code   354  main.o(.text.SystemClock_Config)
    SystemInit                               0x0800d291   Thumb Code   346  system_stm32h7xx.o(.text.SystemInit)
    TIM3_IRQHandler                          0x0800d3f1   Thumb Code    16  stm32h7xx_it.o(.text.TIM3_IRQHandler)
    TIM4_IRQHandler                          0x0800d401   Thumb Code    16  stm32h7xx_it.o(.text.TIM4_IRQHandler)
    TIM_Base_SetConfig                       0x0800d411   Thumb Code   418  stm32h7xx_hal_tim.o(.text.TIM_Base_SetConfig)
    TIM_CCxChannelCmd                        0x0800d5b9   Thumb Code    74  stm32h7xx_hal_tim.o(.text.TIM_CCxChannelCmd)
    TIM_ETR_SetConfig                        0x0800d609   Thumb Code    74  stm32h7xx_hal_tim.o(.text.TIM_ETR_SetConfig)
    TIM_OC2_SetConfig                        0x0800d7e9   Thumb Code   378  stm32h7xx_hal_tim.o(.text.TIM_OC2_SetConfig)
    TxCFR                                    0x0800de51   Thumb Code   370  ad9910.o(.text.TxCFR)
    Txprofile                                0x0800dfc9   Thumb Code   170  ad9910.o(.text.Txprofile)
    UART7_IRQHandler                         0x0800e079   Thumb Code   592  stm32h7xx_it.o(.text.UART7_IRQHandler)
    UART_AdvFeatureConfig                    0x0800e359   Thumb Code   318  stm32h7xx_hal_uart.o(.text.UART_AdvFeatureConfig)
    UART_CheckIdleState                      0x0800e499   Thumb Code   334  stm32h7xx_hal_uart.o(.text.UART_CheckIdleState)
    UART_SetConfig                           0x0800f049   Thumb Code  2364  stm32h7xx_hal_uart.o(.text.UART_SetConfig)
    UART_Start_Receive_IT                    0x0800f989   Thumb Code   580  stm32h7xx_hal_uart.o(.text.UART_Start_Receive_IT)
    UART_WaitOnFlagUntilTimeout              0x0800fbd1   Thumb Code   282  stm32h7xx_hal_uart.o(.text.UART_WaitOnFlagUntilTimeout)
    USART7PutString                          0x0800fcf1   Thumb Code    66  usart.o(.text.USART7PutString)
    UsageFault_Handler                       0x0800fd39   Thumb Code     4  stm32h7xx_it.o(.text.UsageFault_Handler)
    WriteOneRegToADF4351                     0x0800fd41   Thumb Code    58  adf4351.o(.text.WriteOneRegToADF4351)
    WriteToADF4351                           0x0800fd81   Thumb Code   376  adf4351.o(.text.WriteToADF4351)
    Write_Amplitude                          0x0800fef9   Thumb Code    96  ad9910.o(.text.Write_Amplitude)
    cal_length                               0x08010031   Thumb Code  1404  measure.o(.text.cal_length)
    calculate_slope                          0x080105b1   Thumb Code   262  measure.o(.text.calculate_slope)
    calibration_show                         0x080106b9   Thumb Code    84  display.o(.text.calibration_show)
    fputc                                    0x08010711   Thumb Code    52  usart.o(.text.fputc)
    get1256                                  0x08010749   Thumb Code    34  main.o(.text.get1256)
    get_K                                    0x08010771   Thumb Code  1720  measure.o(.text.get_K)
    gpio_cap                                 0x08010e29   Thumb Code    42  error_detect.o(.text.gpio_cap)
    gpio_length                              0x08010e59   Thumb Code    42  error_detect.o(.text.gpio_length)
    gpio_res                                 0x08010e89   Thumb Code    42  error_detect.o(.text.gpio_res)
    length_scope                             0x08010eb9   Thumb Code   552  measure.o(.text.length_scope)
    loadstate                                0x080110e1   Thumb Code   248  display.o(.text.loadstate)
    main                                     0x080111d9   Thumb Code  2684  main.o(.text.main)
    scope_judge                              0x08011c59   Thumb Code   308  measure.o(.text.scope_judge)
    show_length                              0x08011d91   Thumb Code    84  display.o(.text.show_length)
    show_load_data                           0x08011de9   Thumb Code    84  display.o(.text.show_load_data)
    swap                                     0x08011e41   Thumb Code    50  measure.o(.text.swap)
    txd_8bit                                 0x08011e79   Thumb Code   164  ad9910.o(.text.txd_8bit)
    workstate                                0x08011f21   Thumb Code   102  display.o(.text.workstate)
    __0printf                                0x08011f89   Thumb Code    22  printfa.o(i.__0printf)
    __1printf                                0x08011f89   Thumb Code     0  printfa.o(i.__0printf)
    __2printf                                0x08011f89   Thumb Code     0  printfa.o(i.__0printf)
    __c89printf                              0x08011f89   Thumb Code     0  printfa.o(i.__0printf)
    printf                                   0x08011f89   Thumb Code     0  printfa.o(i.__0printf)
    __0sprintf                               0x08011fa9   Thumb Code    34  printfa.o(i.__0sprintf)
    __1sprintf                               0x08011fa9   Thumb Code     0  printfa.o(i.__0sprintf)
    __2sprintf                               0x08011fa9   Thumb Code     0  printfa.o(i.__0sprintf)
    __c89sprintf                             0x08011fa9   Thumb Code     0  printfa.o(i.__0sprintf)
    sprintf                                  0x08011fa9   Thumb Code     0  printfa.o(i.__0sprintf)
    __hardfp_roundf                          0x08011fd1   Thumb Code   154  roundf.o(i.__hardfp_roundf)
    __scatterload_copy                       0x0801206b   Thumb Code    14  handlers.o(i.__scatterload_copy)
    __scatterload_null                       0x08012079   Thumb Code     2  handlers.o(i.__scatterload_null)
    __scatterload_zeroinit                   0x0801207b   Thumb Code    14  handlers.o(i.__scatterload_zeroinit)
    D1CorePrescTable                         0x08012944   Data          16  system_stm32h7xx.o(.rodata.D1CorePrescTable)
    UARTPrescTable                           0x0801296c   Data          24  stm32h7xx_hal_uart.o(.rodata.UARTPrescTable)
    Region$$Table$$Base                      0x08012a2c   Number         0  anon$$obj.o(Region$$Table)
    Region$$Table$$Limit                     0x08012a4c   Number         0  anon$$obj.o(Region$$Table)
    __stdout                                 0x20000000   Data           4  stdout.o(.data)
    Assist_DAC                               0x20000004   Data           4  ad9910.o(.data.Assist_DAC)
    CFR1                                     0x20000008   Data           4  ad9910.o(.data.CFR1)
    CFR3                                     0x2000000c   Data           4  ad9910.o(.data.CFR3)
    M10_END                                  0x20000010   Data          40  main.o(.data.M10_END)
    M10_K                                    0x20000038   Data          40  main.o(.data.M10_K)
    M10_START                                0x20000060   Data          40  main.o(.data.M10_START)
    M10_fre_start                            0x20000088   Data           4  main.o(.data.M10_fre_start)
    M14_END                                  0x2000008c   Data          40  main.o(.data.M14_END)
    M14_K                                    0x200000b4   Data          40  main.o(.data.M14_K)
    M14_START                                0x200000dc   Data          40  main.o(.data.M14_START)
    M14_fre_start                            0x20000104   Data           4  main.o(.data.M14_fre_start)
    M18_END                                  0x20000108   Data          40  main.o(.data.M18_END)
    M18_K                                    0x20000130   Data          40  main.o(.data.M18_K)
    M18_START                                0x20000158   Data          40  main.o(.data.M18_START)
    M18_fre_start                            0x20000180   Data           4  main.o(.data.M18_fre_start)
    M1_10M                                   0x20000184   Data           4  main.o(.data.M1_10M)
    M1_14M                                   0x20000188   Data           4  main.o(.data.M1_14M)
    M1_18M                                   0x2000018c   Data           4  main.o(.data.M1_18M)
    M1_1M                                    0x20000190   Data           4  main.o(.data.M1_1M)
    M1_20M                                   0x20000194   Data           4  main.o(.data.M1_20M)
    Mlength                                  0x20000198   Data           4  main.o(.data.Mlength)
    Profile_All                              0x2000019c   Data           8  ad9910.o(.data.Profile_All)
    SystemCoreClock                          0x200001a4   Data           4  system_stm32h7xx.o(.data.SystemCoreClock)
    SystemD2Clock                            0x200001a8   Data           4  system_stm32h7xx.o(.data.SystemD2Clock)
    uwTickFreq                               0x200001ac   Data           1  stm32h7xx_hal.o(.data.uwTickFreq)
    uwTickPrio                               0x200001b0   Data           4  stm32h7xx_hal.o(.data.uwTickPrio)
    CFR2                                     0x200001b8   Data           4  ad9910.o(.bss.CFR2)
    Cap_data                                 0x200001bc   Data           4  main.o(.bss.Cap_data)
    Cap_length                               0x200001c0   Data           4  main.o(.bss.Cap_length)
    M1_Unknown                               0x200001c4   Data           4  main.o(.bss.M1_Unknown)
    M1_fre                                   0x200001c8   Data          40  main.o(.bss.M1_fre)
    M1_length                                0x200001f0   Data          40  main.o(.bss.M1_length)
    MUnknown                                 0x20000218   Data          40  main.o(.bss.MUnknown)
    Res_calib_flag                           0x20000240   Data           4  main.o(.bss.Res_calib_flag)
    Res_data                                 0x20000244   Data           4  main.o(.bss.Res_data)
    Res_low                                  0x20000248   Data           4  main.o(.bss.Res_low)
    check_K_flag                             0x2000024c   Data           4  main.o(.bss.check_K_flag)
    comp                                     0x20000250   Data         400  main.o(.bss.comp)
    hadc1                                    0x200003e0   Data         100  adc.o(.bss.hadc1)
    hadc3                                    0x20000444   Data         100  adc.o(.bss.hadc3)
    hdma_adc1                                0x200004a8   Data         120  adc.o(.bss.hdma_adc1)
    hdma_adc3                                0x20000520   Data         120  adc.o(.bss.hdma_adc3)
    htim1                                    0x20000598   Data          76  tim.o(.bss.htim1)
    htim15                                   0x200005e4   Data          76  tim.o(.bss.htim15)
    htim2                                    0x20000630   Data          76  tim.o(.bss.htim2)
    htim3                                    0x2000067c   Data          76  tim.o(.bss.htim3)
    htim4                                    0x200006c8   Data          76  tim.o(.bss.htim4)
    htim6                                    0x20000714   Data          76  tim.o(.bss.htim6)
    htim7                                    0x20000760   Data          76  tim.o(.bss.htim7)
    huart1                                   0x200007ac   Data         148  usart.o(.bss.huart1)
    huart7                                   0x20000840   Data         148  usart.o(.bss.huart7)
    lcd_r                                    0x200008d4   Data           4  stm32h7xx_it.o(.bss.lcd_r)
    length_flag                              0x200008d8   Data           4  main.o(.bss.length_flag)
    load_flag                                0x200008dc   Data           4  main.o(.bss.load_flag)
    scale_flag                               0x200008e0   Data           4  main.o(.bss.scale_flag)
    screen_message                           0x200008e4   Data          30  main.o(.bss.screen_message)
    uwTick                                   0x20000904   Data           4  stm32h7xx_hal.o(.bss.uwTick)
    x_tmp                                    0x20000908   Data           4  main.o(.bss.x_tmp)
    __initial_sp                             0x20007d10   Data           0  startup_stm32h743xx.o(STACK)
    adc3_data                                0x30000000   Data        2000  main.o(.ARM.__at_0x30000000)
    adc1_data                                0x30020000   Data        2000  main.o(.ARM.__at_0x30020000)



==============================================================================

Memory Map of the image

  Image Entry point : 0x08000299

  Load Region LR_IROM1 (Base: 0x08000000, Size: 0x00012c08, Max: 0x00200000, ABSOLUTE, COMPRESSED[0x00012b90])

    Execution Region ER_IROM1 (Exec base: 0x08000000, Load base: 0x08000000, Size: 0x00012a4c, Max: 0x00200000, ABSOLUTE)

    Exec Addr    Load Addr    Size         Type   Attr      Idx    E Section Name        Object

    0x08000000   0x08000000   0x00000298   Data   RO            3    RESET               startup_stm32h743xx.o
    0x08000298   0x08000298   0x00000000   Code   RO         2210  * .ARM.Collect$$$$00000000  mc_w.l(entry.o)
    0x08000298   0x08000298   0x00000004   Code   RO         2273    .ARM.Collect$$$$00000001  mc_w.l(entry2.o)
    0x0800029c   0x0800029c   0x00000004   Code   RO         2276    .ARM.Collect$$$$00000004  mc_w.l(entry5.o)
    0x080002a0   0x080002a0   0x00000000   Code   RO         2278    .ARM.Collect$$$$00000008  mc_w.l(entry7b.o)
    0x080002a0   0x080002a0   0x00000000   Code   RO         2280    .ARM.Collect$$$$0000000A  mc_w.l(entry8b.o)
    0x080002a0   0x080002a0   0x00000008   Code   RO         2281    .ARM.Collect$$$$0000000B  mc_w.l(entry9a.o)
    0x080002a8   0x080002a8   0x00000000   Code   RO         2283    .ARM.Collect$$$$0000000D  mc_w.l(entry10a.o)
    0x080002a8   0x080002a8   0x00000000   Code   RO         2285    .ARM.Collect$$$$0000000F  mc_w.l(entry11a.o)
    0x080002a8   0x080002a8   0x00000004   Code   RO         2274    .ARM.Collect$$$$00002712  mc_w.l(entry2.o)
    0x080002ac   0x080002ac   0x00000024   Code   RO            4    .text               startup_stm32h743xx.o
    0x080002d0   0x080002d0   0x00000062   Code   RO         2213    .text               mc_w.l(uldiv.o)
    0x08000332   0x08000332   0x00000024   Code   RO         2215    .text               mc_w.l(memseta.o)
    0x08000356   0x08000356   0x0000002c   Code   RO         2288    .text               mc_w.l(uidiv.o)
    0x08000382   0x08000382   0x0000001e   Code   RO         2290    .text               mc_w.l(llshl.o)
    0x080003a0   0x080003a0   0x00000020   Code   RO         2292    .text               mc_w.l(llushr.o)
    0x080003c0   0x080003c0   0x00000000   Code   RO         2301    .text               mc_w.l(iusefp.o)
    0x080003c0   0x080003c0   0x0000003c   Code   RO         2302    .text               mf_w.l(frnd.o)
    0x080003fc   0x080003fc   0x0000014e   Code   RO         2304    .text               mf_w.l(dadd.o)
    0x0800054a   0x0800054a   0x000000e4   Code   RO         2306    .text               mf_w.l(dmul.o)
    0x0800062e   0x0800062e   0x000000de   Code   RO         2308    .text               mf_w.l(ddiv.o)
    0x0800070c   0x0800070c   0x00000030   Code   RO         2310    .text               mf_w.l(dfixul.o)
    0x0800073c   0x0800073c   0x00000030   Code   RO         2312    .text               mf_w.l(cdrcmple.o)
    0x0800076c   0x0800076c   0x00000024   Code   RO         2324    .text               mc_w.l(init.o)
    0x08000790   0x08000790   0x00000024   Code   RO         2326    .text               mc_w.l(llsshr.o)
    0x080007b4   0x080007b4   0x0000006e   Code   RO         2328    .text               mf_w.l(fepilogue.o)
    0x08000822   0x08000822   0x000000ba   Code   RO         2330    .text               mf_w.l(depilogue.o)
    0x080008dc   0x080008dc   0x00000056   Code   RO         2340    .text               mc_w.l(__dczerorl2.o)
    0x08000932   0x08000932   0x00000006   PAD
    0x08000938   0x08000938   0x000001be   Code   RO         1966    .text.AD9910_IO_init  ad9910.o
    0x08000af6   0x08000af6   0x00000002   PAD
    0x08000af8   0x08000af8   0x0000021c   Code   RO          265    .text.ADC_ConfigureBoostMode  stm32h7xx_hal_adc.o
    0x08000d14   0x08000d14   0x00000004   PAD
    0x08000d18   0x08000d18   0x000000e8   Code   RO         2154    .text.ADF4351Init   adf4351.o
    0x08000e00   0x08000e00   0x000002ac   Code   RO         2160    .text.ADF4351WriteFreq  adf4351.o
    0x080010ac   0x080010ac   0x00000004   PAD
    0x080010b0   0x080010b0   0x0000009e   Code   RO         2146    .text.ADF_Output_GPIOInit  adf4351.o
    0x0800114e   0x0800114e   0x00000002   PAD
    0x08001150   0x08001150   0x00000384   Code   RO         2184    .text.ADS1256GetVolt  ads1256.o
    0x080014d4   0x080014d4   0x00000004   PAD
    0x080014d8   0x080014d8   0x000000da   Code   RO         2180    .text.ADS1256ReadData  ads1256.o
    0x080015b2   0x080015b2   0x00000006   PAD
    0x080015b8   0x080015b8   0x00000070   Code   RO         2176    .text.ADS1256WREG   ads1256.o
    0x08001628   0x08001628   0x0000000a   Code   RO         2170    .text.ADS1256_Delay  ads1256.o
    0x08001632   0x08001632   0x00000006   PAD
    0x08001638   0x08001638   0x00000222   Code   RO         2178    .text.ADS1256_Init  ads1256.o
    0x0800185a   0x0800185a   0x00000006   PAD
    0x08001860   0x08001860   0x00000084   Code   RO         2174    .text.ADS1256_Read_8Bits  ads1256.o
    0x080018e4   0x080018e4   0x00000004   PAD
    0x080018e8   0x080018e8   0x00000092   Code   RO         2172    .text.ADS1256_Write_8Bits  ads1256.o
    0x0800197a   0x0800197a   0x00000006   PAD
    0x08001980   0x08001980   0x00000004   Code   RO          205    .text.BusFault_Handler  stm32h7xx_it.o
    0x08001984   0x08001984   0x00000004   PAD
    0x08001988   0x08001988   0x0000003a   Code   RO         2135    .text.Cap_value_get  error_detect.o
    0x080019c2   0x080019c2   0x00000006   PAD
    0x080019c8   0x080019c8   0x0000005c   Code   RO         2119    .text.Close_All     error_detect.o
    0x08001a24   0x08001a24   0x00000004   PAD
    0x08001a28   0x08001a28   0x00000010   Code   RO          217    .text.DMA1_Stream1_IRQHandler  stm32h7xx_it.o
    0x08001a38   0x08001a38   0x00000010   Code   RO          223    .text.DMA2_Stream1_IRQHandler  stm32h7xx_it.o
    0x08001a48   0x08001a48   0x000001d2   Code   RO          764    .text.DMA_CalcBaseAndBitshift  stm32h7xx_hal_dma.o
    0x08001c1a   0x08001c1a   0x00000006   PAD
    0x08001c20   0x08001c20   0x00000186   Code   RO          766    .text.DMA_CalcDMAMUXChannelBaseAndMask  stm32h7xx_hal_dma.o
    0x08001da6   0x08001da6   0x00000002   PAD
    0x08001da8   0x08001da8   0x00000132   Code   RO          768    .text.DMA_CalcDMAMUXRequestGenBaseAndMask  stm32h7xx_hal_dma.o
    0x08001eda   0x08001eda   0x00000006   PAD
    0x08001ee0   0x08001ee0   0x000000f6   Code   RO          762    .text.DMA_CheckFifoParam  stm32h7xx_hal_dma.o
    0x08001fd6   0x08001fd6   0x00000002   PAD
    0x08001fd8   0x08001fd8   0x00000002   Code   RO          211    .text.DebugMon_Handler  stm32h7xx_it.o
    0x08001fda   0x08001fda   0x00000006   PAD
    0x08001fe0   0x08001fe0   0x00000034   Code   RO          156    .text.Delay_Ms      tim.o
    0x08002014   0x08002014   0x00000004   PAD
    0x08002018   0x08002018   0x00000062   Code   RO          154    .text.Delay_Us      tim.o
    0x0800207a   0x0800207a   0x00000006   PAD
    0x08002080   0x08002080   0x0000000e   Code   RO           13    .text.Error_Handler  main.o
    0x0800208e   0x0800208e   0x00000002   PAD
    0x08002090   0x08002090   0x00000070   Code   RO         1978    .text.Freq_convert  ad9910.o
    0x08002100   0x08002100   0x000002aa   Code   RO          481    .text.HAL_ADCEx_MultiModeConfigChannel  stm32h7xx_hal_adc_ex.o
    0x080023aa   0x080023aa   0x00000006   PAD
    0x080023b0   0x080023b0   0x00000886   Code   RO          323    .text.HAL_ADC_ConfigChannel  stm32h7xx_hal_adc.o
    0x08002c36   0x08002c36   0x00000002   PAD
    0x08002c38   0x08002c38   0x000003f0   Code   RO          245    .text.HAL_ADC_Init  stm32h7xx_hal_adc.o
    0x08003028   0x08003028   0x000001ba   Code   RO          109    .text.HAL_ADC_MspInit  adc.o
    0x080031e2   0x080031e2   0x00000006   PAD
    0x080031e8   0x080031e8   0x0000099a   Code   RO          778    .text.HAL_DMA_Abort  stm32h7xx_hal_dma.o
    0x08003b82   0x08003b82   0x00000006   PAD
    0x08003b88   0x08003b88   0x000006c8   Code   RO          780    .text.HAL_DMA_Abort_IT  stm32h7xx_hal_dma.o
    0x08004250   0x08004250   0x0000123a   Code   RO          784    .text.HAL_DMA_IRQHandler  stm32h7xx_hal_dma.o
    0x0800548a   0x0800548a   0x00000006   PAD
    0x08005490   0x08005490   0x00000994   Code   RO          760    .text.HAL_DMA_Init  stm32h7xx_hal_dma.o
    0x08005e24   0x08005e24   0x00000004   PAD
    0x08005e28   0x08005e28   0x000003da   Code   RO          706    .text.HAL_GPIO_Init  stm32h7xx_hal_gpio.o
    0x08006202   0x08006202   0x00000006   PAD
    0x08006208   0x08006208   0x00000036   Code   RO          710    .text.HAL_GPIO_ReadPin  stm32h7xx_hal_gpio.o
    0x0800623e   0x0800623e   0x00000002   PAD
    0x08006240   0x08006240   0x00000042   Code   RO          712    .text.HAL_GPIO_WritePin  stm32h7xx_hal_gpio.o
    0x08006282   0x08006282   0x00000006   PAD
    0x08006288   0x08006288   0x0000000e   Code   RO         1111    .text.HAL_GetREVID  stm32h7xx_hal.o
    0x08006296   0x08006296   0x00000002   PAD
    0x08006298   0x08006298   0x0000000c   Code   RO         1095    .text.HAL_GetTick   stm32h7xx_hal.o
    0x080062a4   0x080062a4   0x00000004   PAD
    0x080062a8   0x080062a8   0x0000001a   Code   RO         1093    .text.HAL_IncTick   stm32h7xx_hal.o
    0x080062c2   0x080062c2   0x00000006   PAD
    0x080062c8   0x080062c8   0x00000082   Code   RO         1083    .text.HAL_Init      stm32h7xx_hal.o
    0x0800634a   0x0800634a   0x00000006   PAD
    0x08006350   0x08006350   0x0000008e   Code   RO         1085    .text.HAL_InitTick  stm32h7xx_hal.o
    0x080063de   0x080063de   0x00000002   PAD
    0x080063e0   0x080063e0   0x00000094   Code   RO         1041    .text.HAL_MPU_ConfigRegion  stm32h7xx_hal_cortex.o
    0x08006474   0x08006474   0x00000004   PAD
    0x08006478   0x08006478   0x00000022   Code   RO         1037    .text.HAL_MPU_Disable  stm32h7xx_hal_cortex.o
    0x0800649a   0x0800649a   0x00000006   PAD
    0x080064a0   0x080064a0   0x00000034   Code   RO         1039    .text.HAL_MPU_Enable  stm32h7xx_hal_cortex.o
    0x080064d4   0x080064d4   0x00000004   PAD
    0x080064d8   0x080064d8   0x00000026   Code   RO          236    .text.HAL_MspInit   stm32h7xx_hal_msp.o
    0x080064fe   0x080064fe   0x00000002   PAD
    0x08006500   0x08006500   0x00000018   Code   RO         1021    .text.HAL_NVIC_EnableIRQ  stm32h7xx_hal_cortex.o
    0x08006518   0x08006518   0x00000048   Code   RO         1013    .text.HAL_NVIC_SetPriority  stm32h7xx_hal_cortex.o
    0x08006560   0x08006560   0x00000014   Code   RO         1009    .text.HAL_NVIC_SetPriorityGrouping  stm32h7xx_hal_cortex.o
    0x08006574   0x08006574   0x00000004   PAD
    0x08006578   0x08006578   0x000000aa   Code   RO          921    .text.HAL_PWREx_ConfigSupply  stm32h7xx_hal_pwr_ex.o
    0x08006622   0x08006622   0x00000006   PAD
    0x08006628   0x08006628   0x0000002a   Code   RO          557    .text.HAL_RCCEx_GetD3PCLK1Freq  stm32h7xx_hal_rcc_ex.o
    0x08006652   0x08006652   0x00000006   PAD
    0x08006658   0x08006658   0x000002b4   Code   RO          551    .text.HAL_RCCEx_GetPLL1ClockFreq  stm32h7xx_hal_rcc_ex.o
    0x0800690c   0x0800690c   0x00000004   PAD
    0x08006910   0x08006910   0x000002b4   Code   RO          553    .text.HAL_RCCEx_GetPLL2ClockFreq  stm32h7xx_hal_rcc_ex.o
    0x08006bc4   0x08006bc4   0x00000004   PAD
    0x08006bc8   0x08006bc8   0x000002b4   Code   RO          555    .text.HAL_RCCEx_GetPLL3ClockFreq  stm32h7xx_hal_rcc_ex.o
    0x08006e7c   0x08006e7c   0x00000004   PAD
    0x08006e80   0x08006e80   0x00000c84   Code   RO          549    .text.HAL_RCCEx_GetPeriphCLKFreq  stm32h7xx_hal_rcc_ex.o
    0x08007b04   0x08007b04   0x00000004   PAD
    0x08007b08   0x08007b08   0x00001116   Code   RO          541    .text.HAL_RCCEx_PeriphCLKConfig  stm32h7xx_hal_rcc_ex.o
    0x08008c1e   0x08008c1e   0x00000002   PAD
    0x08008c20   0x08008c20   0x000004aa   Code   RO          509    .text.HAL_RCC_ClockConfig  stm32h7xx_hal_rcc.o
    0x080090ca   0x080090ca   0x00000006   PAD
    0x080090d0   0x080090d0   0x00000058   Code   RO          519    .text.HAL_RCC_GetHCLKFreq  stm32h7xx_hal_rcc.o
    0x08009128   0x08009128   0x0000002a   Code   RO          521    .text.HAL_RCC_GetPCLK1Freq  stm32h7xx_hal_rcc.o
    0x08009152   0x08009152   0x00000006   PAD
    0x08009158   0x08009158   0x0000002a   Code   RO          523    .text.HAL_RCC_GetPCLK2Freq  stm32h7xx_hal_rcc.o
    0x08009182   0x08009182   0x00000006   PAD
    0x08009188   0x08009188   0x00000314   Code   RO          511    .text.HAL_RCC_GetSysClockFreq  stm32h7xx_hal_rcc.o
    0x0800949c   0x0800949c   0x00000004   PAD
    0x080094a0   0x080094a0   0x00000bbe   Code   RO          507    .text.HAL_RCC_OscConfig  stm32h7xx_hal_rcc.o
    0x0800a05e   0x0800a05e   0x00000002   PAD
    0x0800a060   0x0800a060   0x00000014   Code   RO         1033    .text.HAL_SYSTICK_Config  stm32h7xx_hal_cortex.o
    0x0800a074   0x0800a074   0x00000004   PAD
    0x0800a078   0x0800a078   0x0000000c   Code   RO         1742    .text.HAL_TIMEx_Break2Callback  stm32h7xx_hal_tim_ex.o
    0x0800a084   0x0800a084   0x00000004   PAD
    0x0800a088   0x0800a088   0x0000000c   Code   RO         1740    .text.HAL_TIMEx_BreakCallback  stm32h7xx_hal_tim_ex.o
    0x0800a094   0x0800a094   0x00000004   PAD
    0x0800a098   0x0800a098   0x0000000c   Code   RO         1736    .text.HAL_TIMEx_CommutCallback  stm32h7xx_hal_tim_ex.o
    0x0800a0a4   0x0800a0a4   0x00000004   PAD
    0x0800a0a8   0x0800a0a8   0x00000160   Code   RO         1724    .text.HAL_TIMEx_MasterConfigSynchronization  stm32h7xx_hal_tim_ex.o
    0x0800a208   0x0800a208   0x000000b6   Code   RO         1406    .text.HAL_TIM_Base_Init  stm32h7xx_hal_tim.o
    0x0800a2be   0x0800a2be   0x00000002   PAD
    0x0800a2c0   0x0800a2c0   0x000001a6   Code   RO          150    .text.HAL_TIM_Base_MspInit  tim.o
    0x0800a466   0x0800a466   0x00000002   PAD
    0x0800a468   0x0800a468   0x000000fc   Code   RO         1416    .text.HAL_TIM_Base_Start  stm32h7xx_hal_tim.o
    0x0800a564   0x0800a564   0x00000004   PAD
    0x0800a568   0x0800a568   0x0000004a   Code   RO         1418    .text.HAL_TIM_Base_Stop  stm32h7xx_hal_tim.o
    0x0800a5b2   0x0800a5b2   0x00000006   PAD
    0x0800a5b8   0x0800a5b8   0x000001f8   Code   RO         1602    .text.HAL_TIM_ConfigClockSource  stm32h7xx_hal_tim.o
    0x0800a7b0   0x0800a7b0   0x0000000c   Code   RO         1542    .text.HAL_TIM_IC_CaptureCallback  stm32h7xx_hal_tim.o
    0x0800a7bc   0x0800a7bc   0x00000004   PAD
    0x0800a7c0   0x0800a7c0   0x000002c0   Code   RO         1540    .text.HAL_TIM_IRQHandler  stm32h7xx_hal_tim.o
    0x0800aa80   0x0800aa80   0x0000006e   Code   RO          142    .text.HAL_TIM_MspPostInit  tim.o
    0x0800aaee   0x0800aaee   0x00000002   PAD
    0x0800aaf0   0x0800aaf0   0x0000000c   Code   RO         1544    .text.HAL_TIM_OC_DelayElapsedCallback  stm32h7xx_hal_tim.o
    0x0800aafc   0x0800aafc   0x00000004   PAD
    0x0800ab00   0x0800ab00   0x000001d2   Code   RO         1576    .text.HAL_TIM_PWM_ConfigChannel  stm32h7xx_hal_tim.o
    0x0800acd2   0x0800acd2   0x00000006   PAD
    0x0800acd8   0x0800acd8   0x000000b6   Code   RO         1460    .text.HAL_TIM_PWM_Init  stm32h7xx_hal_tim.o
    0x0800ad8e   0x0800ad8e   0x00000002   PAD
    0x0800ad90   0x0800ad90   0x0000000c   Code   RO         1462    .text.HAL_TIM_PWM_MspInit  stm32h7xx_hal_tim.o
    0x0800ad9c   0x0800ad9c   0x00000004   PAD
    0x0800ada0   0x0800ada0   0x0000000c   Code   RO         1546    .text.HAL_TIM_PWM_PulseFinishedCallback  stm32h7xx_hal_tim.o
    0x0800adac   0x0800adac   0x00000004   PAD
    0x0800adb0   0x0800adb0   0x0000028e   Code   RO         1468    .text.HAL_TIM_PWM_Start  stm32h7xx_hal_tim.o
    0x0800b03e   0x0800b03e   0x00000002   PAD
    0x0800b040   0x0800b040   0x0000000c   Code   RO         1548    .text.HAL_TIM_PeriodElapsedCallback  stm32h7xx_hal_tim.o
    0x0800b04c   0x0800b04c   0x00000004   PAD
    0x0800b050   0x0800b050   0x0000000c   Code   RO         1550    .text.HAL_TIM_TriggerCallback  stm32h7xx_hal_tim.o
    0x0800b05c   0x0800b05c   0x00000004   PAD
    0x0800b060   0x0800b060   0x00000080   Code   RO         1927    .text.HAL_UARTEx_DisableFifoMode  stm32h7xx_hal_uart_ex.o
    0x0800b0e0   0x0800b0e0   0x00000014   Code   RO         1850    .text.HAL_UARTEx_RxEventCallback  stm32h7xx_hal_uart.o
    0x0800b0f4   0x0800b0f4   0x00000004   PAD
    0x0800b0f8   0x0800b0f8   0x0000000c   Code   RO         1909    .text.HAL_UARTEx_RxFifoFullCallback  stm32h7xx_hal_uart_ex.o
    0x0800b104   0x0800b104   0x00000004   PAD
    0x0800b108   0x0800b108   0x00000094   Code   RO         1931    .text.HAL_UARTEx_SetRxFifoThreshold  stm32h7xx_hal_uart_ex.o
    0x0800b19c   0x0800b19c   0x00000004   PAD
    0x0800b1a0   0x0800b1a0   0x00000094   Code   RO         1929    .text.HAL_UARTEx_SetTxFifoThreshold  stm32h7xx_hal_uart_ex.o
    0x0800b234   0x0800b234   0x00000004   PAD
    0x0800b238   0x0800b238   0x0000000c   Code   RO         1911    .text.HAL_UARTEx_TxFifoEmptyCallback  stm32h7xx_hal_uart_ex.o
    0x0800b244   0x0800b244   0x00000004   PAD
    0x0800b248   0x0800b248   0x0000000c   Code   RO         1907    .text.HAL_UARTEx_WakeupCallback  stm32h7xx_hal_uart_ex.o
    0x0800b254   0x0800b254   0x00000004   PAD
    0x0800b258   0x0800b258   0x0000000c   Code   RO         1848    .text.HAL_UART_ErrorCallback  stm32h7xx_hal_uart.o
    0x0800b264   0x0800b264   0x00000004   PAD
    0x0800b268   0x0800b268   0x000006e6   Code   RO         1844    .text.HAL_UART_IRQHandler  stm32h7xx_hal_uart.o
    0x0800b94e   0x0800b94e   0x00000002   PAD
    0x0800b950   0x0800b950   0x000000b6   Code   RO         1756    .text.HAL_UART_Init  stm32h7xx_hal_uart.o
    0x0800ba06   0x0800ba06   0x00000002   PAD
    0x0800ba08   0x0800ba08   0x00000162   Code   RO          177    .text.HAL_UART_MspInit  usart.o
    0x0800bb6a   0x0800bb6a   0x00000006   PAD
    0x0800bb70   0x0800bb70   0x000000b4   Code   RO         1792    .text.HAL_UART_Receive_IT  stm32h7xx_hal_uart.o
    0x0800bc24   0x0800bc24   0x00000004   PAD
    0x0800bc28   0x0800bc28   0x0000000c   Code   RO         1858    .text.HAL_UART_RxCpltCallback  stm32h7xx_hal_uart.o
    0x0800bc34   0x0800bc34   0x00000004   PAD
    0x0800bc38   0x0800bc38   0x0000015a   Code   RO         1776    .text.HAL_UART_Transmit  stm32h7xx_hal_uart.o
    0x0800bd92   0x0800bd92   0x00000006   PAD
    0x0800bd98   0x0800bd98   0x0000000c   Code   RO         1854    .text.HAL_UART_TxCpltCallback  stm32h7xx_hal_uart.o
    0x0800bda4   0x0800bda4   0x00000004   PAD
    0x0800bda8   0x0800bda8   0x00000004   Code   RO          201    .text.HardFault_Handler  stm32h7xx_it.o
    0x0800bdac   0x0800bdac   0x00000004   PAD
    0x0800bdb0   0x0800bdb0   0x000000cc   Code   RO         1968    .text.Init_ad9910   ad9910.o
    0x0800be7c   0x0800be7c   0x00000004   PAD
    0x0800be80   0x0800be80   0x0000001c   Code   RO          251    .text.LL_ADC_DisableDeepPowerDown  stm32h7xx_hal_adc.o
    0x0800be9c   0x0800be9c   0x00000004   PAD
    0x0800bea0   0x0800bea0   0x00000022   Code   RO          255    .text.LL_ADC_EnableInternalRegulator  stm32h7xx_hal_adc.o
    0x0800bec2   0x0800bec2   0x00000006   PAD
    0x0800bec8   0x0800bec8   0x00000014   Code   RO          337    .text.LL_ADC_GetCommonPathInternalCh  stm32h7xx_hal_adc.o
    0x0800bedc   0x0800bedc   0x00000004   PAD
    0x0800bee0   0x0800bee0   0x00000014   Code   RO          263    .text.LL_ADC_INJ_IsConversionOngoing  stm32h7xx_hal_adc.o
    0x0800bef4   0x0800bef4   0x00000004   PAD
    0x0800bef8   0x0800bef8   0x00000014   Code   RO          249    .text.LL_ADC_IsDeepPowerDownEnabled  stm32h7xx_hal_adc.o
    0x0800bf0c   0x0800bf0c   0x00000004   PAD
    0x0800bf10   0x0800bf10   0x00000014   Code   RO          259    .text.LL_ADC_IsEnabled  stm32h7xx_hal_adc.o
    0x0800bf24   0x0800bf24   0x00000004   PAD
    0x0800bf28   0x0800bf28   0x00000014   Code   RO          397    .text.LL_ADC_IsEnabled  stm32h7xx_hal_adc_ex.o
    0x0800bf3c   0x0800bf3c   0x00000004   PAD
    0x0800bf40   0x0800bf40   0x00000014   Code   RO          253    .text.LL_ADC_IsInternalRegulatorEnabled  stm32h7xx_hal_adc.o
    0x0800bf54   0x0800bf54   0x00000004   PAD
    0x0800bf58   0x0800bf58   0x00000014   Code   RO          257    .text.LL_ADC_REG_IsConversionOngoing  stm32h7xx_hal_adc.o
    0x0800bf6c   0x0800bf6c   0x00000004   PAD
    0x0800bf70   0x0800bf70   0x00000014   Code   RO          399    .text.LL_ADC_REG_IsConversionOngoing  stm32h7xx_hal_adc_ex.o
    0x0800bf84   0x0800bf84   0x00000004   PAD
    0x0800bf88   0x0800bf88   0x0000004e   Code   RO          325    .text.LL_ADC_REG_SetSequencerRanks  stm32h7xx_hal_adc.o
    0x0800bfd6   0x0800bfd6   0x00000002   PAD
    0x0800bfd8   0x0800bfd8   0x0000004a   Code   RO          327    .text.LL_ADC_SetChannelSamplingTime  stm32h7xx_hal_adc.o
    0x0800c022   0x0800c022   0x00000006   PAD
    0x0800c028   0x0800c028   0x00000048   Code   RO          335    .text.LL_ADC_SetChannelSingleDiff  stm32h7xx_hal_adc.o
    0x0800c070   0x0800c070   0x00000022   Code   RO          261    .text.LL_ADC_SetCommonClock  stm32h7xx_hal_adc.o
    0x0800c092   0x0800c092   0x00000006   PAD
    0x0800c098   0x0800c098   0x00000022   Code   RO          339    .text.LL_ADC_SetCommonPathInternalCh  stm32h7xx_hal_adc.o
    0x0800c0ba   0x0800c0ba   0x00000006   PAD
    0x0800c0c0   0x0800c0c0   0x00000036   Code   RO          333    .text.LL_ADC_SetDataRightShift  stm32h7xx_hal_adc.o
    0x0800c0f6   0x0800c0f6   0x00000002   PAD
    0x0800c0f8   0x0800c0f8   0x00000048   Code   RO          329    .text.LL_ADC_SetOffset  stm32h7xx_hal_adc.o
    0x0800c140   0x0800c140   0x0000003a   Code   RO          331    .text.LL_ADC_SetOffsetSignedSaturation  stm32h7xx_hal_adc.o
    0x0800c17a   0x0800c17a   0x00000006   PAD
    0x0800c180   0x0800c180   0x000000c6   Code   RO           23    .text.MPU_Config    main.o
    0x0800c246   0x0800c246   0x00000002   PAD
    0x0800c248   0x0800c248   0x000000da   Code   RO          105    .text.MX_ADC1_Init  adc.o
    0x0800c322   0x0800c322   0x00000006   PAD
    0x0800c328   0x0800c328   0x000000b2   Code   RO          107    .text.MX_ADC3_Init  adc.o
    0x0800c3da   0x0800c3da   0x00000006   PAD
    0x0800c3e0   0x0800c3e0   0x0000006e   Code   RO          125    .text.MX_DMA_Init   dma.o
    0x0800c44e   0x0800c44e   0x00000002   PAD
    0x0800c450   0x0800c450   0x000001cc   Code   RO           91    .text.MX_GPIO_Init  gpio.o
    0x0800c61c   0x0800c61c   0x00000004   PAD
    0x0800c620   0x0800c620   0x00000090   Code   RO          148    .text.MX_TIM15_Init  tim.o
    0x0800c6b0   0x0800c6b0   0x00000090   Code   RO          134    .text.MX_TIM1_Init  tim.o
    0x0800c740   0x0800c740   0x00000088   Code   RO          136    .text.MX_TIM2_Init  tim.o
    0x0800c7c8   0x0800c7c8   0x0000008c   Code   RO          138    .text.MX_TIM3_Init  tim.o
    0x0800c854   0x0800c854   0x00000004   PAD
    0x0800c858   0x0800c858   0x000000ee   Code   RO          140    .text.MX_TIM4_Init  tim.o
    0x0800c946   0x0800c946   0x00000002   PAD
    0x0800c948   0x0800c948   0x00000066   Code   RO          144    .text.MX_TIM6_Init  tim.o
    0x0800c9ae   0x0800c9ae   0x00000002   PAD
    0x0800c9b0   0x0800c9b0   0x00000062   Code   RO          146    .text.MX_TIM7_Init  tim.o
    0x0800ca12   0x0800ca12   0x00000006   PAD
    0x0800ca18   0x0800ca18   0x000000aa   Code   RO          173    .text.MX_UART7_Init  usart.o
    0x0800cac2   0x0800cac2   0x00000006   PAD
    0x0800cac8   0x0800cac8   0x0000008e   Code   RO          175    .text.MX_USART1_UART_Init  usart.o
    0x0800cb56   0x0800cb56   0x00000002   PAD
    0x0800cb58   0x0800cb58   0x00000004   Code   RO          203    .text.MemManage_Handler  stm32h7xx_it.o
    0x0800cb5c   0x0800cb5c   0x00000004   PAD
    0x0800cb60   0x0800cb60   0x00000004   Code   RO          199    .text.NMI_Handler   stm32h7xx_it.o
    0x0800cb64   0x0800cb64   0x00000004   PAD
    0x0800cb68   0x0800cb68   0x00000080   Code   RO         1019    .text.NVIC_EncodePriority  stm32h7xx_hal_cortex.o
    0x0800cbe8   0x0800cbe8   0x00000002   Code   RO          213    .text.PendSV_Handler  stm32h7xx_it.o
    0x0800cbea   0x0800cbea   0x00000006   PAD
    0x0800cbf0   0x0800cbf0   0x0000004a   Code   RO           27    .text.PeriphCommonClock_Config  main.o
    0x0800cc3a   0x0800cc3a   0x00000006   PAD
    0x0800cc40   0x0800cc40   0x000000c8   Code   RO         2077    .text.QuickSort     measure.o
    0x0800cd08   0x0800cd08   0x000001d8   Code   RO          543    .text.RCCEx_PLL2_Config  stm32h7xx_hal_rcc_ex.o
    0x0800cee0   0x0800cee0   0x000001d8   Code   RO          545    .text.RCCEx_PLL3_Config  stm32h7xx_hal_rcc_ex.o
    0x0800d0b8   0x0800d0b8   0x00000002   Code   RO          209    .text.SVC_Handler   stm32h7xx_it.o
    0x0800d0ba   0x0800d0ba   0x00000006   PAD
    0x0800d0c0   0x0800d0c0   0x0000005a   Code   RO         1035    .text.SysTick_Config  stm32h7xx_hal_cortex.o
    0x0800d11a   0x0800d11a   0x00000006   PAD
    0x0800d120   0x0800d120   0x00000008   Code   RO          215    .text.SysTick_Handler  stm32h7xx_it.o
    0x0800d128   0x0800d128   0x00000162   Code   RO           25    .text.SystemClock_Config  main.o
    0x0800d28a   0x0800d28a   0x00000006   PAD
    0x0800d290   0x0800d290   0x0000015a   Code   RO         1951    .text.SystemInit    system_stm32h7xx.o
    0x0800d3ea   0x0800d3ea   0x00000006   PAD
    0x0800d3f0   0x0800d3f0   0x00000010   Code   RO          219    .text.TIM3_IRQHandler  stm32h7xx_it.o
    0x0800d400   0x0800d400   0x00000010   Code   RO          221    .text.TIM4_IRQHandler  stm32h7xx_it.o
    0x0800d410   0x0800d410   0x000001a2   Code   RO         1410    .text.TIM_Base_SetConfig  stm32h7xx_hal_tim.o
    0x0800d5b2   0x0800d5b2   0x00000006   PAD
    0x0800d5b8   0x0800d5b8   0x0000004a   Code   RO         1444    .text.TIM_CCxChannelCmd  stm32h7xx_hal_tim.o
    0x0800d602   0x0800d602   0x00000006   PAD
    0x0800d608   0x0800d608   0x0000004a   Code   RO         1600    .text.TIM_ETR_SetConfig  stm32h7xx_hal_tim.o
    0x0800d652   0x0800d652   0x00000006   PAD
    0x0800d658   0x0800d658   0x00000038   Code   RO         1606    .text.TIM_ITRx_SetConfig  stm32h7xx_hal_tim.o
    0x0800d690   0x0800d690   0x00000158   Code   RO         1554    .text.TIM_OC1_SetConfig  stm32h7xx_hal_tim.o
    0x0800d7e8   0x0800d7e8   0x0000017a   Code   RO         1556    .text.TIM_OC2_SetConfig  stm32h7xx_hal_tim.o
    0x0800d962   0x0800d962   0x00000006   PAD
    0x0800d968   0x0800d968   0x00000178   Code   RO         1558    .text.TIM_OC3_SetConfig  stm32h7xx_hal_tim.o
    0x0800dae0   0x0800dae0   0x000000e2   Code   RO         1560    .text.TIM_OC4_SetConfig  stm32h7xx_hal_tim.o
    0x0800dbc2   0x0800dbc2   0x00000006   PAD
    0x0800dbc8   0x0800dbc8   0x000000d8   Code   RO         1562    .text.TIM_OC5_SetConfig  stm32h7xx_hal_tim.o
    0x0800dca0   0x0800dca0   0x000000da   Code   RO         1564    .text.TIM_OC6_SetConfig  stm32h7xx_hal_tim.o
    0x0800dd7a   0x0800dd7a   0x00000006   PAD
    0x0800dd80   0x0800dd80   0x00000062   Code   RO         1604    .text.TIM_TI1_ConfigInputStage  stm32h7xx_hal_tim.o
    0x0800dde2   0x0800dde2   0x00000006   PAD
    0x0800dde8   0x0800dde8   0x00000064   Code   RO         1608    .text.TIM_TI2_ConfigInputStage  stm32h7xx_hal_tim.o
    0x0800de4c   0x0800de4c   0x00000004   PAD
    0x0800de50   0x0800de50   0x00000172   Code   RO         1972    .text.TxCFR         ad9910.o
    0x0800dfc2   0x0800dfc2   0x00000006   PAD
    0x0800dfc8   0x0800dfc8   0x000000aa   Code   RO         1976    .text.Txprofile     ad9910.o
    0x0800e072   0x0800e072   0x00000006   PAD
    0x0800e078   0x0800e078   0x00000250   Code   RO          225    .text.UART7_IRQHandler  stm32h7xx_it.o
    0x0800e2c8   0x0800e2c8   0x00000090   Code   RO         1925    .text.UARTEx_SetNbDataToProcess  stm32h7xx_hal_uart_ex.o
    0x0800e358   0x0800e358   0x0000013e   Code   RO         1762    .text.UART_AdvFeatureConfig  stm32h7xx_hal_uart.o
    0x0800e496   0x0800e496   0x00000002   PAD
    0x0800e498   0x0800e498   0x0000014e   Code   RO         1764    .text.UART_CheckIdleState  stm32h7xx_hal_uart.o
    0x0800e5e6   0x0800e5e6   0x00000002   PAD
    0x0800e5e8   0x0800e5e8   0x00000028   Code   RO         1846    .text.UART_DMAAbortOnError  stm32h7xx_hal_uart.o
    0x0800e610   0x0800e610   0x000000a2   Code   RO         1816    .text.UART_EndRxTransfer  stm32h7xx_hal_uart.o
    0x0800e6b2   0x0800e6b2   0x00000006   PAD
    0x0800e6b8   0x0800e6b8   0x00000048   Code   RO         1852    .text.UART_EndTransmit_IT  stm32h7xx_hal_uart.o
    0x0800e700   0x0800e700   0x00000188   Code   RO         1888    .text.UART_RxISR_16BIT  stm32h7xx_hal_uart.o
    0x0800e888   0x0800e888   0x0000031c   Code   RO         1884    .text.UART_RxISR_16BIT_FIFOEN  stm32h7xx_hal_uart.o
    0x0800eba4   0x0800eba4   0x00000004   PAD
    0x0800eba8   0x0800eba8   0x00000184   Code   RO         1890    .text.UART_RxISR_8BIT  stm32h7xx_hal_uart.o
    0x0800ed2c   0x0800ed2c   0x00000004   PAD
    0x0800ed30   0x0800ed30   0x00000318   Code   RO         1886    .text.UART_RxISR_8BIT_FIFOEN  stm32h7xx_hal_uart.o
    0x0800f048   0x0800f048   0x0000093c   Code   RO         1760    .text.UART_SetConfig  stm32h7xx_hal_uart.o
    0x0800f984   0x0800f984   0x00000004   PAD
    0x0800f988   0x0800f988   0x00000244   Code   RO         1794    .text.UART_Start_Receive_IT  stm32h7xx_hal_uart.o
    0x0800fbcc   0x0800fbcc   0x00000004   PAD
    0x0800fbd0   0x0800fbd0   0x0000011a   Code   RO         1778    .text.UART_WaitOnFlagUntilTimeout  stm32h7xx_hal_uart.o
    0x0800fcea   0x0800fcea   0x00000006   PAD
    0x0800fcf0   0x0800fcf0   0x00000042   Code   RO          183    .text.USART7PutString  usart.o
    0x0800fd32   0x0800fd32   0x00000006   PAD
    0x0800fd38   0x0800fd38   0x00000004   Code   RO          207    .text.UsageFault_Handler  stm32h7xx_it.o
    0x0800fd3c   0x0800fd3c   0x00000004   PAD
    0x0800fd40   0x0800fd40   0x0000003a   Code   RO         2156    .text.WriteOneRegToADF4351  adf4351.o
    0x0800fd7a   0x0800fd7a   0x00000006   PAD
    0x0800fd80   0x0800fd80   0x00000178   Code   RO         2150    .text.WriteToADF4351  adf4351.o
    0x0800fef8   0x0800fef8   0x00000060   Code   RO         1998    .text.Write_Amplitude  ad9910.o
    0x0800ff58   0x0800ff58   0x00000036   Code   RO         1023    .text.__NVIC_EnableIRQ  stm32h7xx_hal_cortex.o
    0x0800ff8e   0x0800ff8e   0x00000002   PAD
    0x0800ff90   0x0800ff90   0x00000010   Code   RO         1015    .text.__NVIC_GetPriorityGrouping  stm32h7xx_hal_cortex.o
    0x0800ffa0   0x0800ffa0   0x0000004a   Code   RO         1017    .text.__NVIC_SetPriority  stm32h7xx_hal_cortex.o
    0x0800ffea   0x0800ffea   0x00000006   PAD
    0x0800fff0   0x0800fff0   0x00000040   Code   RO         1011    .text.__NVIC_SetPriorityGrouping  stm32h7xx_hal_cortex.o
    0x08010030   0x08010030   0x0000057c   Code   RO         2087    .text.cal_length    measure.o
    0x080105ac   0x080105ac   0x00000004   PAD
    0x080105b0   0x080105b0   0x00000106   Code   RO         2079    .text.calculate_slope  measure.o
    0x080106b6   0x080106b6   0x00000002   PAD
    0x080106b8   0x080106b8   0x00000054   Code   RO         2102    .text.calibration_show  display.o
    0x0801070c   0x0801070c   0x00000004   PAD
    0x08010710   0x08010710   0x00000034   Code   RO          185    .text.fputc         usart.o
    0x08010744   0x08010744   0x00000004   PAD
    0x08010748   0x08010748   0x00000022   Code   RO           19    .text.get1256       main.o
    0x0801076a   0x0801076a   0x00000006   PAD
    0x08010770   0x08010770   0x000006b8   Code   RO         2089    .text.get_K         measure.o
    0x08010e28   0x08010e28   0x0000002a   Code   RO         2125    .text.gpio_cap      error_detect.o
    0x08010e52   0x08010e52   0x00000006   PAD
    0x08010e58   0x08010e58   0x0000002a   Code   RO         2121    .text.gpio_length   error_detect.o
    0x08010e82   0x08010e82   0x00000006   PAD
    0x08010e88   0x08010e88   0x0000002a   Code   RO         2123    .text.gpio_res      error_detect.o
    0x08010eb2   0x08010eb2   0x00000006   PAD
    0x08010eb8   0x08010eb8   0x00000228   Code   RO         2081    .text.length_scope  measure.o
    0x080110e0   0x080110e0   0x000000f8   Code   RO         2108    .text.loadstate     display.o
    0x080111d8   0x080111d8   0x00000a7c   Code   RO           21    .text.main          main.o
    0x08011c54   0x08011c54   0x00000004   PAD
    0x08011c58   0x08011c58   0x00000134   Code   RO         2085    .text.scope_judge   measure.o
    0x08011d8c   0x08011d8c   0x00000004   PAD
    0x08011d90   0x08011d90   0x00000054   Code   RO         2104    .text.show_length   display.o
    0x08011de4   0x08011de4   0x00000004   PAD
    0x08011de8   0x08011de8   0x00000054   Code   RO         2106    .text.show_load_data  display.o
    0x08011e3c   0x08011e3c   0x00000004   PAD
    0x08011e40   0x08011e40   0x00000032   Code   RO         2075    .text.swap          measure.o
    0x08011e72   0x08011e72   0x00000006   PAD
    0x08011e78   0x08011e78   0x000000a4   Code   RO         1970    .text.txd_8bit      ad9910.o
    0x08011f1c   0x08011f1c   0x00000004   PAD
    0x08011f20   0x08011f20   0x00000066   Code   RO         2100    .text.workstate     display.o
    0x08011f86   0x08011f86   0x00000002   PAD
    0x08011f88   0x08011f88   0x00000020   Code   RO         2218    i.__0printf         mc_w.l(printfa.o)
    0x08011fa8   0x08011fa8   0x00000028   Code   RO         2220    i.__0sprintf        mc_w.l(printfa.o)
    0x08011fd0   0x08011fd0   0x0000009a   Code   RO         2206    i.__hardfp_roundf   m_wv.l(roundf.o)
    0x0801206a   0x0801206a   0x0000000e   Code   RO         2334    i.__scatterload_copy  mc_w.l(handlers.o)
    0x08012078   0x08012078   0x00000002   Code   RO         2335    i.__scatterload_null  mc_w.l(handlers.o)
    0x0801207a   0x0801207a   0x0000000e   Code   RO         2336    i.__scatterload_zeroinit  mc_w.l(handlers.o)
    0x08012088   0x08012088   0x00000184   Code   RO         2225    i._fp_digits        mc_w.l(printfa.o)
    0x0801220c   0x0801220c   0x000006dc   Code   RO         2226    i._printf_core      mc_w.l(printfa.o)
    0x080128e8   0x080128e8   0x00000024   Code   RO         2227    i._printf_post_padding  mc_w.l(printfa.o)
    0x0801290c   0x0801290c   0x0000002e   Code   RO         2228    i._printf_pre_padding  mc_w.l(printfa.o)
    0x0801293a   0x0801293a   0x0000000a   Code   RO         2230    i._sputc            mc_w.l(printfa.o)
    0x08012944   0x08012944   0x00000010   Data   RO         1957    .rodata.D1CorePrescTable  system_stm32h7xx.o
    0x08012954   0x08012954   0x00000008   Data   RO          794    .rodata.DMA_CalcBaseAndBitshift.flagBitshiftOffset  stm32h7xx_hal_dma.o
    0x0801295c   0x0801295c   0x00000008   Data   RO         1942    .rodata.UARTEx_SetNbDataToProcess.denominator  stm32h7xx_hal_uart_ex.o
    0x08012964   0x08012964   0x00000008   Data   RO         1941    .rodata.UARTEx_SetNbDataToProcess.numerator  stm32h7xx_hal_uart_ex.o
    0x0801296c   0x0801296c   0x00000018   Data   RO         1896    .rodata.UARTPrescTable  stm32h7xx_hal_uart.o
    0x08012984   0x08012984   0x00000012   Data   RO           80    .rodata.str1.1      main.o
    0x08012996   0x08012996   0x00000095   Data   RO         2110    .rodata.str1.1      display.o
    0x08012a2b   0x08012a2b   0x00000001   PAD
    0x08012a2c   0x08012a2c   0x00000020   Data   RO         2333    Region$$Table       anon$$obj.o


    Execution Region RW_IRAM1 (Exec base: 0x20000000, Load base: 0x08012a50, Size: 0x00007d10, Max: 0x00020000, ABSOLUTE, COMPRESSED[0x00000140])

    Exec Addr    Load Addr    Size         Type   Attr      Idx    E Section Name        Object

    0x20000000   COMPRESSED   0x00000004   Data   RW         2287    .data               mc_w.l(stdout.o)
    0x20000004   COMPRESSED   0x00000004   Data   RW         2055    .data.Assist_DAC    ad9910.o
    0x20000008   COMPRESSED   0x00000004   Data   RW         2052    .data.CFR1          ad9910.o
    0x2000000c   COMPRESSED   0x00000004   Data   RW         2054    .data.CFR3          ad9910.o
    0x20000010   COMPRESSED   0x00000028   Data   RW           49    .data.M10_END       main.o
    0x20000038   COMPRESSED   0x00000028   Data   RW           52    .data.M10_K         main.o
    0x20000060   COMPRESSED   0x00000028   Data   RW           46    .data.M10_START     main.o
    0x20000088   COMPRESSED   0x00000004   Data   RW           43    .data.M10_fre_start  main.o
    0x2000008c   COMPRESSED   0x00000028   Data   RW           50    .data.M14_END       main.o
    0x200000b4   COMPRESSED   0x00000028   Data   RW           53    .data.M14_K         main.o
    0x200000dc   COMPRESSED   0x00000028   Data   RW           47    .data.M14_START     main.o
    0x20000104   COMPRESSED   0x00000004   Data   RW           44    .data.M14_fre_start  main.o
    0x20000108   COMPRESSED   0x00000028   Data   RW           51    .data.M18_END       main.o
    0x20000130   COMPRESSED   0x00000028   Data   RW           54    .data.M18_K         main.o
    0x20000158   COMPRESSED   0x00000028   Data   RW           48    .data.M18_START     main.o
    0x20000180   COMPRESSED   0x00000004   Data   RW           45    .data.M18_fre_start  main.o
    0x20000184   COMPRESSED   0x00000004   Data   RW           60    .data.M1_10M        main.o
    0x20000188   COMPRESSED   0x00000004   Data   RW           61    .data.M1_14M        main.o
    0x2000018c   COMPRESSED   0x00000004   Data   RW           62    .data.M1_18M        main.o
    0x20000190   COMPRESSED   0x00000004   Data   RW           59    .data.M1_1M         main.o
    0x20000194   COMPRESSED   0x00000004   Data   RW           63    .data.M1_20M        main.o
    0x20000198   COMPRESSED   0x00000004   Data   RW           56    .data.Mlength       main.o
    0x2000019c   COMPRESSED   0x00000008   Data   RW         2056    .data.Profile_All   ad9910.o
    0x200001a4   COMPRESSED   0x00000004   Data   RW         1955    .data.SystemCoreClock  system_stm32h7xx.o
    0x200001a8   COMPRESSED   0x00000004   Data   RW         1956    .data.SystemD2Clock  system_stm32h7xx.o
    0x200001ac   COMPRESSED   0x00000001   Data   RW         1180    .data.uwTickFreq    stm32h7xx_hal.o
    0x200001ad   COMPRESSED   0x00000003   PAD
    0x200001b0   COMPRESSED   0x00000004   Data   RW         1179    .data.uwTickPrio    stm32h7xx_hal.o
    0x200001b4   COMPRESSED   0x00000004   PAD
    0x200001b8        -       0x00000004   Zero   RW         2053    .bss.CFR2           ad9910.o
    0x200001bc        -       0x00000004   Zero   RW           78    .bss.Cap_data       main.o
    0x200001c0        -       0x00000004   Zero   RW           77    .bss.Cap_length     main.o
    0x200001c4        -       0x00000004   Zero   RW           64    .bss.M1_Unknown     main.o
    0x200001c8        -       0x00000028   Zero   RW           58    .bss.M1_fre         main.o
    0x200001f0        -       0x00000028   Zero   RW           57    .bss.M1_length      main.o
    0x20000218        -       0x00000028   Zero   RW           55    .bss.MUnknown       main.o
    0x20000240        -       0x00000004   Zero   RW           75    .bss.Res_calib_flag  main.o
    0x20000244        -       0x00000004   Zero   RW           74    .bss.Res_data       main.o
    0x20000248        -       0x00000004   Zero   RW           68    .bss.Res_low        main.o
    0x2000024c        -       0x00000004   Zero   RW           41    .bss.check_K_flag   main.o
    0x20000250        -       0x00000190   Zero   RW           36    .bss.comp           main.o
    0x200003e0        -       0x00000064   Zero   RW          113    .bss.hadc1          adc.o
    0x20000444        -       0x00000064   Zero   RW          114    .bss.hadc3          adc.o
    0x200004a8        -       0x00000078   Zero   RW          115    .bss.hdma_adc1      adc.o
    0x20000520        -       0x00000078   Zero   RW          116    .bss.hdma_adc3      adc.o
    0x20000598        -       0x0000004c   Zero   RW          158    .bss.htim1          tim.o
    0x200005e4        -       0x0000004c   Zero   RW          164    .bss.htim15         tim.o
    0x20000630        -       0x0000004c   Zero   RW          159    .bss.htim2          tim.o
    0x2000067c        -       0x0000004c   Zero   RW          160    .bss.htim3          tim.o
    0x200006c8        -       0x0000004c   Zero   RW          161    .bss.htim4          tim.o
    0x20000714        -       0x0000004c   Zero   RW          162    .bss.htim6          tim.o
    0x20000760        -       0x0000004c   Zero   RW          163    .bss.htim7          tim.o
    0x200007ac        -       0x00000094   Zero   RW          190    .bss.huart1         usart.o
    0x20000840        -       0x00000094   Zero   RW          189    .bss.huart7         usart.o
    0x200008d4        -       0x00000004   Zero   RW          227    .bss.lcd_r          stm32h7xx_it.o
    0x200008d8        -       0x00000004   Zero   RW           31    .bss.length_flag    main.o
    0x200008dc        -       0x00000004   Zero   RW           32    .bss.load_flag      main.o
    0x200008e0        -       0x00000004   Zero   RW           65    .bss.scale_flag     main.o
    0x200008e4        -       0x0000001e   Zero   RW           33    .bss.screen_message  main.o
    0x20000902   COMPRESSED   0x00000002   PAD
    0x20000904        -       0x00000004   Zero   RW         1181    .bss.uwTick         stm32h7xx_hal.o
    0x20000908        -       0x00000004   Zero   RW           38    .bss.x_tmp          main.o
    0x2000090c   COMPRESSED   0x00000004   PAD
    0x20000910        -       0x00007400   Zero   RW            1    STACK               startup_stm32h743xx.o



  Load Region LR$$.ARM.__at_0x30000000 (Base: 0x30000000, Size: 0x000007d0, Max: 0x000007d0, ABSOLUTE, COMPRESSED[0x00000010])

    Execution Region ER$$.ARM.__at_0x30000000 (Exec base: 0x30000000, Load base: 0x30000000, Size: 0x000007d0, Max: 0x000007d0, ABSOLUTE, UNINIT, COMPRESSED[0x00000010])

    Exec Addr    Load Addr    Size         Type   Attr      Idx    E Section Name        Object

    0x30000000   COMPRESSED   0x000007d0   Data   RW           81    .ARM.__at_0x30000000  main.o



  Load Region LR$$.ARM.__at_0x30020000 (Base: 0x30020000, Size: 0x000007d0, Max: 0x000007d0, ABSOLUTE, COMPRESSED[0x00000010])

    Execution Region ER$$.ARM.__at_0x30020000 (Exec base: 0x30020000, Load base: 0x30020000, Size: 0x000007d0, Max: 0x000007d0, ABSOLUTE, UNINIT, COMPRESSED[0x00000010])

    Exec Addr    Load Addr    Size         Type   Attr      Idx    E Section Name        Object

    0x30020000   COMPRESSED   0x000007d0   Data   RW           82    .ARM.__at_0x30020000  main.o


==============================================================================

Image component sizes


      Code (inc. data)   RO Data    RW Data    ZI Data      Debug   Object Name

      1562         16          0         20          4      17469   ad9910.o
       838          0          0          0        440       7756   adc.o
      1508         36          0          0          0       4958   adf4351.o
      2064        164          0          0          0       4996   ads1256.o
       602         12        149          0          0       1538   display.o
       110          0          0          0          0       5313   dma.o
       276          0          0          0          0       2837   error_detect.o
       460          0          0          0          0       3355   gpio.o
      3358        136         18       4396        594      14952   main.o
      4496         60          0          0          0       4248   measure.o
        36          8        664          0      29696        820   startup_stm32h743xx.o
       324          0          0          5          4      13883   stm32h7xx_hal.o
      4388          0          0          0          0      22141   stm32h7xx_hal_adc.o
       722          0          0          0          0      21529   stm32h7xx_hal_adc_ex.o
       796          0          0          0          0      11384   stm32h7xx_hal_cortex.o
     12720          8          8          0          0      12860   stm32h7xx_hal_dma.o
      1106          0          0          0          0       7001   stm32h7xx_hal_gpio.o
        38          0          0          0          0       2207   stm32h7xx_hal_msp.o
       170          0          0          0          0      10384   stm32h7xx_hal_pwr_ex.o
      5160         66          0          0          0      11940   stm32h7xx_hal_rcc.o
     10640        118          0          0          0      19306   stm32h7xx_hal_rcc_ex.o
      5668         22          0          0          0      37739   stm32h7xx_hal_tim.o
       388          0          0          0          0      17586   stm32h7xx_hal_tim_ex.o
      9050        258         24          0          0      29228   stm32h7xx_hal_uart.o
       604          0         16          0          0       8883   stm32h7xx_hal_uart_ex.o
       690          0          0          0          4       1965   stm32h7xx_it.o
       346          0         16          8          0       5787   system_stm32h7xx.o
      1684          0          0          0        532      12610   tim.o
       784          0          0          0        296      12324   usart.o

    ----------------------------------------------------------------------
     71284        948        928       4432      31580     326999   Object Totals
         0          0         32          0          0          0   (incl. Generated)
       696         44          1          3         10          0   (incl. Padding)

    ----------------------------------------------------------------------

      Code (inc. data)   RO Data    RW Data    ZI Data      Debug   Library Member Name

       154          0          0          0          0        140   roundf.o
        86          0          0          0          0          0   __dczerorl2.o
         0          0          0          0          0          0   entry.o
         0          0          0          0          0          0   entry10a.o
         0          0          0          0          0          0   entry11a.o
         8          4          0          0          0          0   entry2.o
         4          0          0          0          0          0   entry5.o
         0          0          0          0          0          0   entry7b.o
         0          0          0          0          0          0   entry8b.o
         8          4          0          0          0          0   entry9a.o
        30          0          0          0          0          0   handlers.o
        36          8          0          0          0         68   init.o
         0          0          0          0          0          0   iusefp.o
        30          0          0          0          0         68   llshl.o
        36          0          0          0          0         68   llsshr.o
        32          0          0          0          0         68   llushr.o
        36          0          0          0          0        108   memseta.o
      2308         96          0          0          0        604   printfa.o
         0          0          0          4          0          0   stdout.o
        44          0          0          0          0         80   uidiv.o
        98          0          0          0          0         92   uldiv.o
        48          0          0          0          0         68   cdrcmple.o
       334          0          0          0          0        148   dadd.o
       222          0          0          0          0        100   ddiv.o
       186          0          0          0          0        176   depilogue.o
        48          0          0          0          0         68   dfixul.o
       228          0          0          0          0         96   dmul.o
       110          0          0          0          0        168   fepilogue.o
        60          0          0          0          0         76   frnd.o

    ----------------------------------------------------------------------
      4152        112          0          4          0       2196   Library Totals
         6          0          0          0          0          0   (incl. Padding)

    ----------------------------------------------------------------------

      Code (inc. data)   RO Data    RW Data    ZI Data      Debug   Library Name

       154          0          0          0          0        140   m_wv.l
      2756        112          0          4          0       1156   mc_w.l
      1236          0          0          0          0        900   mf_w.l

    ----------------------------------------------------------------------
      4152        112          0          4          0       2196   Library Totals

    ----------------------------------------------------------------------

==============================================================================


      Code (inc. data)   RO Data    RW Data    ZI Data      Debug   

     75436       1060        928       4436      31580     328007   Grand Totals
     75436       1060        928        352      31580     328007   ELF Image Totals (compressed)
     75436       1060        928        352          0          0   ROM Totals

==============================================================================

    Total RO  Size (Code + RO Data)                76364 (  74.57kB)
    Total RW  Size (RW Data + ZI Data)             36016 (  35.17kB)
    Total ROM Size (Code + RO Data + RW Data)      76716 (  74.92kB)

==============================================================================

